 cnt_traffic

 Timestamp is 485b490f (Fri Jun 20 14:07:11 2008)

 Preferred load address is 00400000

 Start         Length     Name                   Class
 0001:00000000 00042732H .text                   CODE
 0001:00042740 000013d0H .text$x                 CODE
 0002:00000000 0000184cH .rdata                  DATA
 0002:00001850 00000044H .rdata$r                DATA
 0002:00001898 00001918H .xdata$x                DATA
 0002:000031b0 0000413eH .edata                  DATA
 0003:00000000 00000004H .CRT$XCA                DATA
 0003:00000004 00000004H .CRT$XCL                DATA
 0003:00000008 00000014H .CRT$XCU                DATA
 0003:0000001c 00000004H .CRT$XCZ                DATA
 0003:00000020 00000004H .CRT$XIA                DATA
 0003:00000024 00000004H .CRT$XIZ                DATA
 0003:00000030 0000226cH .data                   DATA
 0003:000022a0 00000110H .bss                    DATA
 0004:00000000 000000dcH .idata$2                DATA
 0004:000000dc 00000014H .idata$3                DATA
 0004:000000f0 000004d0H .idata$4                DATA
 0004:000005c0 000004d0H .idata$5                DATA
 0004:00000a90 0000089cH .idata$6                DATA
 0005:00000000 000001d8H .rsrc$01                DATA
 0005:000001e0 00000bf0H .rsrc$02                DATA

  Address         Publics by Value              Rva+Base     Lib:Object

 0001:00000000       ?CreateObject@CAxisMediaControl@@SGPAVCObject@@XZ 00401000 f   axismediacontrol.obj
 0001:00000050       ?Serialize@CObject@@UAEXAAVCArchive@@@Z 00401050 f i axismediacontrol.obj
 0001:00000060       ??3CObject@@SGXPAX@Z       00401060 f i axismediacontrol.obj
 0001:00000070       ?AssertValid@CObject@@UBEXXZ 00401070 f i axismediacontrol.obj
 0001:00000080       ?Dump@CObject@@UBEXAAVCDumpContext@@@Z 00401080 f i axismediacontrol.obj
 0001:00000090       ?DoDataExchange@CWnd@@MAEXPAVCDataExchange@@@Z 00401090 f i axismediacontrol.obj
 0001:000000a0       ?BeginModalState@CWnd@@UAEXXZ 004010a0 f i axismediacontrol.obj
 0001:000000b0       ?EndModalState@CWnd@@UAEXXZ 004010b0 f i axismediacontrol.obj
 0001:000000c0       ?Create@CAxisMediaControl@@UAEHPBD0KABUtagRECT@@PAVCWnd@@IPAUCCreateContext@@@Z 004010c0 f i axismediacontrol.obj
 0001:000000f0       ??_GCAxisMediaControl@@UAEPAXI@Z 004010f0 f i axismediacontrol.obj
 0001:000000f0       ??_ECAxisMediaControl@@UAEPAXI@Z 004010f0 f i axismediacontrol.obj
 0001:00000110       ??1CAxisMediaControl@@UAE@XZ 00401110 f i axismediacontrol.obj
 0001:00000120       ?_GetBaseClass@CAxisMediaControl@@KGPAUCRuntimeClass@@XZ 00401120 f   axismediacontrol.obj
 0001:00000130       ?GetRuntimeClass@CAxisMediaControl@@UBEPAUCRuntimeClass@@XZ 00401130 f   axismediacontrol.obj
 0001:00000140       ?Play@CAxisMediaControl@@QAEXXZ 00401140 f   axismediacontrol.obj
 0001:00000160       ?Stop@CAxisMediaControl@@QAEXXZ 00401160 f   axismediacontrol.obj
 0001:00000180       ?TogglePause@CAxisMediaControl@@QAEXXZ 00401180 f   axismediacontrol.obj
 0001:000001a0       ?StartRecord@CAxisMediaControl@@QAEXPBD@Z 004011a0 f   axismediacontrol.obj
 0001:000001c0       ?StopRecord@CAxisMediaControl@@QAEXXZ 004011c0 f   axismediacontrol.obj
 0001:000001e0       ?GetCurrentImage@CAxisMediaControl@@QAEXJPAUtagVARIANT@@PAJ@Z 004011e0 f   axismediacontrol.obj
 0001:00000210       ?SaveCurrentImage@CAxisMediaControl@@QAEXJPBD@Z 00401210 f   axismediacontrol.obj
 0001:00000240       ?GetMPEG4VideoDecodingMode@CAxisMediaControl@@QAEJXZ 00401240 f   axismediacontrol.obj
 0001:00000260       ?SetMPEG4VideoDecodingMode@CAxisMediaControl@@QAEXJ@Z 00401260 f   axismediacontrol.obj
 0001:00000280       ?GetDisplayMessages@CAxisMediaControl@@QAEHXZ 00401280 f   axismediacontrol.obj
 0001:000002a0       ?SetDisplayMessages@CAxisMediaControl@@QAEXH@Z 004012a0 f   axismediacontrol.obj
 0001:000002c0       ?GetMPEG4VideoRenderer@CAxisMediaControl@@QAEJXZ 004012c0 f   axismediacontrol.obj
 0001:000002e0       ?SetMPEG4VideoRenderer@CAxisMediaControl@@QAEXJ@Z 004012e0 f   axismediacontrol.obj
 0001:00000300       ?GetEnableContextMenu@CAxisMediaControl@@QAEHXZ 00401300 f   axismediacontrol.obj
 0001:00000320       ?SetEnableContextMenu@CAxisMediaControl@@QAEXH@Z 00401320 f   axismediacontrol.obj
 0001:00000340       ?GetEnableRecording@CAxisMediaControl@@QAEJXZ 00401340 f   axismediacontrol.obj
 0001:00000360       ?SetEnableRecording@CAxisMediaControl@@QAEXJ@Z 00401360 f   axismediacontrol.obj
 0001:00000380       ?GetEnableReconnect@CAxisMediaControl@@QAEHXZ 00401380 f   axismediacontrol.obj
 0001:000003a0       ?SetEnableReconnect@CAxisMediaControl@@QAEXH@Z 004013a0 f   axismediacontrol.obj
 0001:000003c0       ?AudioTransmitStart@CAxisMediaControl@@QAEXXZ 004013c0 f   axismediacontrol.obj
 0001:000003e0       ?AudioReceiveStart@CAxisMediaControl@@QAEXXZ 004013e0 f   axismediacontrol.obj
 0001:00000400       ?AudioReceiveStop@CAxisMediaControl@@QAEXXZ 00401400 f   axismediacontrol.obj
 0001:00000420       ?AudioTransmitStop@CAxisMediaControl@@QAEXXZ 00401420 f   axismediacontrol.obj
 0001:00000440       ?GetMediaURL@CAxisMediaControl@@QAE?AVCString@@XZ 00401440 f   axismediacontrol.obj
 0001:000004d0       ?SetMediaURL@CAxisMediaControl@@QAEXPBD@Z 004014d0 f   axismediacontrol.obj
 0001:000004f0       ?GetAutoStart@CAxisMediaControl@@QAEHXZ 004014f0 f   axismediacontrol.obj
 0001:00000510       ?SetAutoStart@CAxisMediaControl@@QAEXH@Z 00401510 f   axismediacontrol.obj
 0001:00000530       ?GetUIMode@CAxisMediaControl@@QAE?AVCString@@XZ 00401530 f   axismediacontrol.obj
 0001:000005c0       ?SetUIMode@CAxisMediaControl@@QAEXPBD@Z 004015c0 f   axismediacontrol.obj
 0001:000005e0       ?GetMute@CAxisMediaControl@@QAEHXZ 004015e0 f   axismediacontrol.obj
 0001:00000600       ?SetMute@CAxisMediaControl@@QAEXH@Z 00401600 f   axismediacontrol.obj
 0001:00000620       ?GetVolume@CAxisMediaControl@@QAEJXZ 00401620 f   axismediacontrol.obj
 0001:00000640       ?SetVolume@CAxisMediaControl@@QAEXJ@Z 00401640 f   axismediacontrol.obj
 0001:00000660       ?GetMediaUsername@CAxisMediaControl@@QAE?AVCString@@XZ 00401660 f   axismediacontrol.obj
 0001:000006f0       ?SetMediaUsername@CAxisMediaControl@@QAEXPBD@Z 004016f0 f   axismediacontrol.obj
 0001:00000710       ?GetMediaPassword@CAxisMediaControl@@QAE?AVCString@@XZ 00401710 f   axismediacontrol.obj
 0001:000007a0       ?SetMediaPassword@CAxisMediaControl@@QAEXPBD@Z 004017a0 f   axismediacontrol.obj
 0001:000007c0       ?GetNetworkTimeout@CAxisMediaControl@@QAEJXZ 004017c0 f   axismediacontrol.obj
 0001:000007e0       ?SetNetworkTimeout@CAxisMediaControl@@QAEXJ@Z 004017e0 f   axismediacontrol.obj
 0001:00000800       ?GetMediaType@CAxisMediaControl@@QAE?AVCString@@XZ 00401800 f   axismediacontrol.obj
 0001:00000890       ?SetMediaType@CAxisMediaControl@@QAEXPBD@Z 00401890 f   axismediacontrol.obj
 0001:000008b0       ?GetFullScreen@CAxisMediaControl@@QAEHXZ 004018b0 f   axismediacontrol.obj
 0001:000008d0       ?SetFullScreen@CAxisMediaControl@@QAEXH@Z 004018d0 f   axismediacontrol.obj
 0001:000008f0       ?GetMediaFile@CAxisMediaControl@@QAE?AVCString@@XZ 004018f0 f   axismediacontrol.obj
 0001:00000980       ?SetMediaFile@CAxisMediaControl@@QAEXPBD@Z 00401980 f   axismediacontrol.obj
 0001:000009a0       ?GetCurrentPosition@CAxisMediaControl@@QAEJXZ 004019a0 f   axismediacontrol.obj
 0001:000009c0       ?SetCurrentPosition@CAxisMediaControl@@QAEXJ@Z 004019c0 f   axismediacontrol.obj
 0001:000009e0       ?GetDuration@CAxisMediaControl@@QAEJXZ 004019e0 f   axismediacontrol.obj
 0001:00000a00       ?GetFramesDrawn@CAxisMediaControl@@QAEJXZ 00401a00 f   axismediacontrol.obj
 0001:00000a20       ?GetStatus@CAxisMediaControl@@QAEJXZ 00401a20 f   axismediacontrol.obj
 0001:00000a40       ?GetStretchToFit@CAxisMediaControl@@QAEHXZ 00401a40 f   axismediacontrol.obj
 0001:00000a60       ?SetStretchToFit@CAxisMediaControl@@QAEXH@Z 00401a60 f   axismediacontrol.obj
 0001:00000a80       ?GetShowToolbar@CAxisMediaControl@@QAEHXZ 00401a80 f   axismediacontrol.obj
 0001:00000aa0       ?SetShowToolbar@CAxisMediaControl@@QAEXH@Z 00401aa0 f   axismediacontrol.obj
 0001:00000ac0       ?GetShowStatusBar@CAxisMediaControl@@QAEHXZ 00401ac0 f   axismediacontrol.obj
 0001:00000ae0       ?SetShowStatusBar@CAxisMediaControl@@QAEXH@Z 00401ae0 f   axismediacontrol.obj
 0001:00000b00       ?GetToolbarConfiguration@CAxisMediaControl@@QAE?AVCString@@XZ 00401b00 f   axismediacontrol.obj
 0001:00000b90       ?SetToolbarConfiguration@CAxisMediaControl@@QAEXPBD@Z 00401b90 f   axismediacontrol.obj
 0001:00000bb0       ?GetPTZControlURL@CAxisMediaControl@@QAE?AVCString@@XZ 00401bb0 f   axismediacontrol.obj
 0001:00000c40       ?SetPTZControlURL@CAxisMediaControl@@QAEXPBD@Z 00401c40 f   axismediacontrol.obj
 0001:00000c60       ?GetMPEG2VideoDecodingMode@CAxisMediaControl@@QAEJXZ 00401c60 f   axismediacontrol.obj
 0001:00000c80       ?SetMPEG2VideoDecodingMode@CAxisMediaControl@@QAEXJ@Z 00401c80 f   axismediacontrol.obj
 0001:00000ca0       ?GetMotionConfigURL@CAxisMediaControl@@QAE?AVCString@@XZ 00401ca0 f   axismediacontrol.obj
 0001:00000d30       ?SetMotionConfigURL@CAxisMediaControl@@QAEXPBD@Z 00401d30 f   axismediacontrol.obj
 0001:00000d50       ?GetMotionDataURL@CAxisMediaControl@@QAE?AVCString@@XZ 00401d50 f   axismediacontrol.obj
 0001:00000de0       ?SetMotionDataURL@CAxisMediaControl@@QAEXPBD@Z 00401de0 f   axismediacontrol.obj
 0001:00000e00       ?GetAudioConfigURL@CAxisMediaControl@@QAE?AVCString@@XZ 00401e00 f   axismediacontrol.obj
 0001:00000e90       ?SetAudioConfigURL@CAxisMediaControl@@QAEXPBD@Z 00401e90 f   axismediacontrol.obj
 0001:00000eb0       ?GetAudioReceiveURL@CAxisMediaControl@@QAE?AVCString@@XZ 00401eb0 f   axismediacontrol.obj
 0001:00000f40       ?SetAudioReceiveURL@CAxisMediaControl@@QAEXPBD@Z 00401f40 f   axismediacontrol.obj
 0001:00000f60       ?GetAudioTransmitURL@CAxisMediaControl@@QAE?AVCString@@XZ 00401f60 f   axismediacontrol.obj
 0001:00000ff0       ?SetAudioTransmitURL@CAxisMediaControl@@QAEXPBD@Z 00401ff0 f   axismediacontrol.obj
 0001:00001010       ?GetAudioFile@CAxisMediaControl@@QAE?AVCString@@XZ 00402010 f   axismediacontrol.obj
 0001:000010a0       ?SetAudioFile@CAxisMediaControl@@QAEXPBD@Z 004020a0 f   axismediacontrol.obj
 0001:000010c0       ?GetAudioTransmitMute@CAxisMediaControl@@QAEHXZ 004020c0 f   axismediacontrol.obj
 0001:000010e0       ?SetAudioTransmitMute@CAxisMediaControl@@QAEXH@Z 004020e0 f   axismediacontrol.obj
 0001:00001100       ?GetAudioTransmitVolume@CAxisMediaControl@@QAEJXZ 00402100 f   axismediacontrol.obj
 0001:00001120       ?SetAudioTransmitVolume@CAxisMediaControl@@QAEXJ@Z 00402120 f   axismediacontrol.obj
 0001:00001140       ?GetClarifyEnabled@CAxisMediaControl@@QAEHXZ 00402140 f   axismediacontrol.obj
 0001:00001160       ?SetClarifyEnabled@CAxisMediaControl@@QAEXH@Z 00402160 f   axismediacontrol.obj
 0001:00001180       ?GetClarifyLevel@CAxisMediaControl@@QAEJXZ 00402180 f   axismediacontrol.obj
 0001:000011a0       ?SetClarifyLevel@CAxisMediaControl@@QAEXJ@Z 004021a0 f   axismediacontrol.obj
 0001:000011c0       ?GetClarifyLicenseFile@CAxisMediaControl@@QAE?AVCString@@XZ 004021c0 f   axismediacontrol.obj
 0001:00001250       ?SetClarifyLicenseFile@CAxisMediaControl@@QAEXPBD@Z 00402250 f   axismediacontrol.obj
 0001:00001270       ?GetClarifyValidatorsLocation@CAxisMediaControl@@QAE?AVCString@@XZ 00402270 f   axismediacontrol.obj
 0001:00001300       ?SetClarifyValidatorsLocation@CAxisMediaControl@@QAEXPBD@Z 00402300 f   axismediacontrol.obj
 0001:00001320       ?StartRecordMedia@CAxisMediaControl@@QAEXPBDJ0@Z 00402320 f   axismediacontrol.obj
 0001:00001350       ?StopRecordMedia@CAxisMediaControl@@QAEXXZ 00402350 f   axismediacontrol.obj
 0001:00001370       ?StartTransmitMedia@CAxisMediaControl@@QAEXPBDJ@Z 00402370 f   axismediacontrol.obj
 0001:000013a0       ?StopTransmitMedia@CAxisMediaControl@@QAEXXZ 004023a0 f   axismediacontrol.obj
 0001:000013c0       ?GetSvgDataUrl@CAxisMediaControl@@QAE?AVCString@@XZ 004023c0 f   axismediacontrol.obj
 0001:00001450       ?SetSvgDataUrl@CAxisMediaControl@@QAEXPBD@Z 00402450 f   axismediacontrol.obj
 0001:00001470       ?GetJoystickConnected@CAxisMediaControl@@QAEHXZ 00402470 f   axismediacontrol.obj
 0001:00001490       ?SetImage@CAxisMediaControl@@QAEXPAUtagVARIANT@@PAJ@Z 00402490 f   axismediacontrol.obj
 0001:000014c0       ?SetReconnectionStrategy@CAxisMediaControl@@QAEXJJJJJJH@Z 004024c0 f   axismediacontrol.obj
 0001:00001500       ?GetEnableJoystick@CAxisMediaControl@@QAEHXZ 00402500 f   axismediacontrol.obj
 0001:00001520       ?SetEnableJoystick@CAxisMediaControl@@QAEXH@Z 00402520 f   axismediacontrol.obj
 0001:00001550       ?GetEnableAreaZoom@CAxisMediaControl@@QAEHXZ 00402550 f   axismediacontrol.obj
 0001:00001570       ?SetEnableAreaZoom@CAxisMediaControl@@QAEXH@Z 00402570 f   axismediacontrol.obj
 0001:000015a0       ?GetClientOverlay@CAxisMediaControl@@QAEJXZ 004025a0 f   axismediacontrol.obj
 0001:000015c0       ?SetClientOverlay@CAxisMediaControl@@QAEXJ@Z 004025c0 f   axismediacontrol.obj
 0001:000015f0       ??0CxFile@@QAE@XZ          004025f0 f i Calibration.obj
 0001:00001600       ??1CxFile@@UAE@XZ          00402600 f i Calibration.obj
 0001:00001610       ?PutC@CxFile@@UAE_NE@Z     00402610 f i Calibration.obj
 0001:00001630       ??0CxFile@@QAE@ABV0@@Z     00402630 f i Calibration.obj
 0001:00001640       ??4CxFile@@QAEAAV0@ABV0@@Z 00402640 f i Calibration.obj
 0001:00001650       ??_GCxFile@@UAEPAXI@Z      00402650 f i Calibration.obj
 0001:00001670       ??_ECxFile@@UAEPAXI@Z      00402670 f i Calibration.obj
 0001:000016d0       ??0CxIOFile@@QAE@PAU_iobuf@@@Z 004026d0 f i Calibration.obj
 0001:000016f0       ??1CxIOFile@@UAE@XZ        004026f0 f i Calibration.obj
 0001:00001720       ?Open@CxIOFile@@QAE_NPBD0@Z 00402720 f i Calibration.obj
 0001:00001760       ?Close@CxIOFile@@UAE_NXZ   00402760 f i Calibration.obj
 0001:00001790       ?Read@CxIOFile@@UAEIPAXII@Z 00402790 f i Calibration.obj
 0001:000017c0       ?Write@CxIOFile@@UAEIPBXII@Z 004027c0 f i Calibration.obj
 0001:000017f0       ?Seek@CxIOFile@@UAE_NJH@Z  004027f0 f i Calibration.obj
 0001:00001820       ?Tell@CxIOFile@@UAEJXZ     00402820 f i Calibration.obj
 0001:00001840       ?Size@CxIOFile@@UAEJXZ     00402840 f i Calibration.obj
 0001:00001890       ?Flush@CxIOFile@@UAE_NXZ   00402890 f i Calibration.obj
 0001:000018b0       ?Eof@CxIOFile@@UAE_NXZ     004028b0 f i Calibration.obj
 0001:000018d0       ?Error@CxIOFile@@UAEJXZ    004028d0 f i Calibration.obj
 0001:000018f0       ?PutC@CxIOFile@@UAE_NE@Z   004028f0 f i Calibration.obj
 0001:00001920       ?GetC@CxIOFile@@UAEJXZ     00402920 f i Calibration.obj
 0001:00001940       ??0CxIOFile@@QAE@ABV0@@Z   00402940 f i Calibration.obj
 0001:00001970       ??4CxIOFile@@QAEAAV0@ABV0@@Z 00402970 f i Calibration.obj
 0001:00001990       ??_FCxIOFile@@QAEXXZ       00402990 f i Calibration.obj
 0001:000019a0       ??_GCxIOFile@@UAEPAXI@Z    004029a0 f i Calibration.obj
 0001:000019c0       ??_ECxIOFile@@UAEPAXI@Z    004029c0 f i Calibration.obj
 0001:00001a20       ??0CxMemFile@@QAE@ABV0@@Z  00402a20 f i Calibration.obj
 0001:00001a60       ??4CxMemFile@@QAEAAV0@ABV0@@Z 00402a60 f i Calibration.obj
 0001:00001a90       ??_FCxMemFile@@QAEXXZ      00402a90 f i Calibration.obj
 0001:00001aa0       ??_GCxMemFile@@UAEPAXI@Z   00402aa0 f i Calibration.obj
 0001:00001ac0       ??_ECxMemFile@@UAEPAXI@Z   00402ac0 f i Calibration.obj
 0001:00001b20       ??1CxImage@@UAE@XZ         00402b20 f i Calibration.obj
 0001:00001b30       ??_FCxImage@@QAEXXZ        00402b30 f i Calibration.obj
 0001:00001b40       ??_OCxImage@@QAEXABV0@@Z   00402b40 f i Calibration.obj
 0001:00001b60       ??_GCxImage@@UAEPAXI@Z     00402b60 f i Calibration.obj
 0001:00001b90       ??_ECxImage@@UAEPAXI@Z     00402b90 f i Calibration.obj
 0001:00001bf0       ??0CCalibration@@QAE@PAVCWnd@@@Z 00402bf0 f   Calibration.obj
 0001:00001cd0       ??_ECStatic@@UAEPAXI@Z     00402cd0 f i Calibration.obj
 0001:00001cd0       ??_GCStatic@@UAEPAXI@Z     00402cd0 f i Calibration.obj
 0001:00001cf0       ??_ECButton@@UAEPAXI@Z     00402cf0 f i Calibration.obj
 0001:00001cf0       ??_GCButton@@UAEPAXI@Z     00402cf0 f i Calibration.obj
 0001:00001d10       ??_ECListCtrl@@UAEPAXI@Z   00402d10 f i Calibration.obj
 0001:00001d10       ??_GCListCtrl@@UAEPAXI@Z   00402d10 f i Calibration.obj
 0001:00001d30       ??_GCCalibration@@UAEPAXI@Z 00402d30 f i Calibration.obj
 0001:00001d30       ??_ECCalibration@@UAEPAXI@Z 00402d30 f i Calibration.obj
 0001:00001d50       ??_H@YGXPAXIHP6EX0@Z@Z     00402d50 f i Calibration.obj
 0001:00001d80       ??1CCalibration@@UAE@XZ    00402d80 f   Calibration.obj
 0001:00001e20       ?DoDataExchange@CCalibration@@MAEXPAVCDataExchange@@@Z 00402e20 f   Calibration.obj
 0001:00001e70       ?_GetBaseMessageMap@CCalibration@@KGPBUAFX_MSGMAP@@XZ 00402e70 f   Calibration.obj
 0001:00001e80       ?GetMessageMap@CCalibration@@MBEPBUAFX_MSGMAP@@XZ 00402e80 f   Calibration.obj
 0001:00001e90       ?OnInitDialog@CCalibration@@MAEHXZ 00402e90 f   Calibration.obj
 0001:00001fd0       ?OnLButtonDown@CCalibration@@IAEXIVCPoint@@@Z 00402fd0 f   Calibration.obj
 0001:00002170       ?OnPaint@CCalibration@@IAEXXZ 00403170 f   Calibration.obj
 0001:00002250       ?_GetBaseMessageMap@CCnt_trafficApp@@KGPBUAFX_MSGMAP@@XZ 00403250 f   cnt_traffic.obj
 0001:00002260       ?GetMessageMap@CCnt_trafficApp@@MBEPBUAFX_MSGMAP@@XZ 00403260 f   cnt_traffic.obj
 0001:00002270       ??0CCnt_trafficApp@@QAE@XZ 00403270 f   cnt_traffic.obj
 0001:00002290       ??_GCCnt_trafficApp@@UAEPAXI@Z 00403290 f i cnt_traffic.obj
 0001:00002290       ??_ECCnt_trafficApp@@UAEPAXI@Z 00403290 f i cnt_traffic.obj
 0001:000022b0       ??1CCnt_trafficApp@@UAE@XZ 004032b0 f i cnt_traffic.obj
 0001:000022f0       ?InitInstance@CCnt_trafficApp@@UAEHXZ 004032f0 f   cnt_traffic.obj
 0001:000023d0       ?MainThread@@YAIPAX@Z      004033d0 f   cnt_trafficDlg.obj
 0001:00002430       ?GarbageCollectionThread@@YAIPAX@Z 00403430 f   cnt_trafficDlg.obj
 0001:00002500       ??0CCnt_trafficDlg@@QAE@PAVCWnd@@@Z 00403500 f   cnt_trafficDlg.obj
 0001:00002680       ??_ECEdit@@UAEPAXI@Z       00403680 f i cnt_trafficDlg.obj
 0001:00002680       ??_GCEdit@@UAEPAXI@Z       00403680 f i cnt_trafficDlg.obj
 0001:000026a0       ??_ECCnt_trafficDlg@@UAEPAXI@Z 004036a0 f i cnt_trafficDlg.obj
 0001:000026a0       ??_GCCnt_trafficDlg@@UAEPAXI@Z 004036a0 f i cnt_trafficDlg.obj
 0001:000026c0       ??1CCnt_trafficDlg@@UAE@XZ 004036c0 f   cnt_trafficDlg.obj
 0001:000027e0       ?DoDataExchange@CCnt_trafficDlg@@MAEXPAVCDataExchange@@@Z 004037e0 f   cnt_trafficDlg.obj
 0001:000028b0       ?_GetBaseMessageMap@CCnt_trafficDlg@@KGPBUAFX_MSGMAP@@XZ 004038b0 f   cnt_trafficDlg.obj
 0001:000028c0       ?GetMessageMap@CCnt_trafficDlg@@MBEPBUAFX_MSGMAP@@XZ 004038c0 f   cnt_trafficDlg.obj
 0001:000028d0       ?OnInitDialog@CCnt_trafficDlg@@MAEHXZ 004038d0 f   cnt_trafficDlg.obj
 0001:00002b30       ?init@CCnt_trafficDlg@@QAEXXZ 00403b30 f   cnt_trafficDlg.obj
 0001:000035b0       ??1CException@@UAE@XZ      004045b0 f i cnt_trafficDlg.obj
 0001:000035c0       ??_GCObject@@UAEPAXI@Z     004045c0 f i cnt_trafficDlg.obj
 0001:000035c0       ??_ECObject@@UAEPAXI@Z     004045c0 f i cnt_trafficDlg.obj
 0001:000035e0       ??_ECFileException@@UAEPAXI@Z 004045e0 f i cnt_trafficDlg.obj
 0001:000035e0       ??_GCFileException@@UAEPAXI@Z 004045e0 f i cnt_trafficDlg.obj
 0001:00003600       ??1CFileException@@UAE@XZ  00404600 f i cnt_trafficDlg.obj
 0001:00003650       ?cleanUp@CCnt_trafficDlg@@AAEXXZ 00404650 f   cnt_trafficDlg.obj
 0001:00003a90       ?OnButtonOpen@CCnt_trafficDlg@@IAEXXZ 00404a90 f   cnt_trafficDlg.obj
 0001:00003ad0       ?OnButtonRun@CCnt_trafficDlg@@IAEXXZ 00404ad0 f   cnt_trafficDlg.obj
 0001:00003b50       ?SelectPath@CCnt_trafficDlg@@AAE_NXZ 00404b50 f   cnt_trafficDlg.obj
 0001:00003c00       ?InitializeBackground@CCnt_trafficDlg@@AAEXXZ 00404c00 f   cnt_trafficDlg.obj
 0001:00005e20       ?Run@CCnt_trafficDlg@@QAEXXZ 00406e20 f   cnt_trafficDlg.obj
 0001:00006cf0       ?cca@CCnt_trafficDlg@@AAE_NXZ 00407cf0 f   cnt_trafficDlg.obj
 0001:00007110       ??_ECOperadorBlob@@UAEPAXI@Z 00408110 f i cnt_trafficDlg.obj
 0001:00007110       ??_GCOperadorBlob@@UAEPAXI@Z 00408110 f i cnt_trafficDlg.obj
 0001:00007130       ??RCBlobGetArea@@UBENABVCBlob@@@Z 00408130 f i cnt_trafficDlg.obj
 0001:00007140       ?GetNom@CBlobGetArea@@UBEPBDXZ 00408140 f i cnt_trafficDlg.obj
 0001:00007150       ??RCBlobGetMean@@UBENABVCBlob@@@Z 00408150 f i cnt_trafficDlg.obj
 0001:00007160       ?GetNom@CBlobGetMean@@UBEPBDXZ 00408160 f i cnt_trafficDlg.obj
 0001:00007170       ??1CBlobGetMean@@UAE@XZ    00408170 f i cnt_trafficDlg.obj
 0001:00007180       ??1CBlobGetArea@@UAE@XZ    00408180 f i cnt_trafficDlg.obj
 0001:00007190       ??_GCBlobGetMean@@UAEPAXI@Z 00408190 f i cnt_trafficDlg.obj
 0001:00007190       ??_ECBlobGetMean@@UAEPAXI@Z 00408190 f i cnt_trafficDlg.obj
 0001:000071b0       ??_GCBlobGetArea@@UAEPAXI@Z 004081b0 f i cnt_trafficDlg.obj
 0001:000071b0       ??_ECBlobGetArea@@UAEPAXI@Z 004081b0 f i cnt_trafficDlg.obj
 0001:000071d0       ?split_blob@CCnt_trafficDlg@@AAEXXZ 004081d0 f   cnt_trafficDlg.obj
 0001:00007360       ?fit_kernel@CCnt_trafficDlg@@AAEXPAUCvPoint@@@Z 00408360 f   cnt_trafficDlg.obj
 0001:000075a0       ?hkmean@CCnt_trafficDlg@@AAEXPAUCvPoint@@0@Z 004085a0 f   cnt_trafficDlg.obj
 0001:00007640       ?addNewC@CCnt_trafficDlg@@AAE_NPAUCvPoint@@0@Z 00408640 f   cnt_trafficDlg.obj
 0001:000078f0       ?update_hk_C@CCnt_trafficDlg@@AAEXPAUCvPoint@@0@Z 004088f0 f   cnt_trafficDlg.obj
 0001:00007a90       ?comp_hk_error@CCnt_trafficDlg@@AAEMPAUCvPoint@@0@Z 00408a90 f   cnt_trafficDlg.obj
 0001:00007b30       ?drawBoundingBox@CCnt_trafficDlg@@AAEXXZ 00408b30 f   cnt_trafficDlg.obj
 0001:00007cc0       ?findCand_vehicles@CCnt_trafficDlg@@AAEXXZ 00408cc0 f   cnt_trafficDlg.obj
 0001:00007de0       ?get_kernel@CCnt_trafficDlg@@AAEXHPAH@Z 00408de0 f   cnt_trafficDlg.obj
 0001:00007ed0       ?update_kernel@CCnt_trafficDlg@@AAEXPAH0@Z 00408ed0 f   cnt_trafficDlg.obj
 0001:00008010       ?get_overlap_area@CCnt_trafficDlg@@AAEHPAH0@Z 00409010 f   cnt_trafficDlg.obj
 0001:00008150       ?chk_err@CCnt_trafficDlg@@AAE_NPAH0@Z 00409150 f   cnt_trafficDlg.obj
 0001:000081c0       ?drawBox@CCnt_trafficDlg@@AAEXPAH@Z 004091c0 f   cnt_trafficDlg.obj
 0001:00008330       ?merge_bbox@CCnt_trafficDlg@@AAEXPAH0@Z 00409330 f   cnt_trafficDlg.obj
 0001:00008450       ?save_new_record@CCnt_trafficDlg@@AAEXPAPAH@Z 00409450 f   cnt_trafficDlg.obj
 0001:000087d0       ?drawBoundingBox4@CCnt_trafficDlg@@AAEXXZ 004097d0 f   cnt_trafficDlg.obj
 0001:00008960       ?OnButtonSelectPoint@CCnt_trafficDlg@@IAEXXZ 00409960 f   cnt_trafficDlg.obj
 0001:00008b50       ?merge_process2@CCnt_trafficDlg@@AAEXXZ 00409b50 f   cnt_trafficDlg.obj
 0001:00008d80       ?delete_blobs@CCnt_trafficDlg@@AAEXXZ 00409d80 f   cnt_trafficDlg.obj
 0001:00008f80       ?get_bbox_size@CCnt_trafficDlg@@AAEHPAH@Z 00409f80 f   cnt_trafficDlg.obj
 0001:00008fb0       ?determineType@CCnt_trafficDlg@@AAEXXZ 00409fb0 f   cnt_trafficDlg.obj
 0001:000090d0       ?readROIfile@CCnt_trafficDlg@@AAEXXZ 0040a0d0 f   cnt_trafficDlg.obj
 0001:00009330       ?getParams@CCnt_trafficDlg@@AAEXXZ 0040a330 f   cnt_trafficDlg.obj
 0001:000097e0       ?OnButtonLive@CCnt_trafficDlg@@IAEXXZ 0040a7e0 f   cnt_trafficDlg.obj
 0001:00009a40       ?CreateFolder@CCnt_trafficDlg@@AAEXXZ 0040aa40 f   cnt_trafficDlg.obj
 0001:00009ad0       ?WriteLog@CCnt_trafficDlg@@AAEXPBD@Z 0040aad0 f   cnt_trafficDlg.obj
 0001:00009cb0       ?WriteFile@CCnt_trafficDlg@@AAEXPBD00@Z 0040acb0 f   cnt_trafficDlg.obj
 0001:00009f00       ?DestroyWindow@CCnt_trafficDlg@@UAEHXZ 0040af00 f   cnt_trafficDlg.obj
 0001:00009f20       ?OnButtonStop@CCnt_trafficDlg@@IAEXXZ 0040af20 f   cnt_trafficDlg.obj
 0001:00009f50       ?setCapturePath@CCnt_trafficDlg@@AAEXXZ 0040af50 f   cnt_trafficDlg.obj
 0001:0000a020       ?OnTimer@CCnt_trafficDlg@@IAEXI@Z 0040b020 f   cnt_trafficDlg.obj
 0001:0000a050       ?updateUpTime@CCnt_trafficDlg@@AAEXXZ 0040b050 f   cnt_trafficDlg.obj
 0001:0000a230       ?WriteStats@CCnt_trafficDlg@@AAEXPBD@Z 0040b230 f   cnt_trafficDlg.obj
 0001:0000a5d0       ?maintainDiskSpace@CCnt_trafficDlg@@QAEXXZ 0040b5d0 f   cnt_trafficDlg.obj
 0001:0000a650       ?getFreeDiskSpace@CCnt_trafficDlg@@AAEHABVCString@@AA_K@Z 0040b650 f   cnt_trafficDlg.obj
 0001:0000a710       ?deleteFirstFolder@CCnt_trafficDlg@@AAEXPAD@Z 0040b710 f   cnt_trafficDlg.obj
 0001:0000aa60       ?OnButtonChange@CCnt_trafficDlg@@IAEXXZ 0040ba60 f   cnt_trafficDlg.obj
 0001:0000aaf0       ?Q_Sort@CCnt_trafficDlg@@AAEXPAMHH@Z 0040baf0 f   cnt_trafficDlg.obj
 0001:0000abe0       ??0CTracking@@QAE@XZ       0040bbe0 f   tracking.obj
 0001:0000ac00       ??_GCTracking@@UAEPAXI@Z   0040bc00 f i tracking.obj
 0001:0000ac00       ??_ECTracking@@UAEPAXI@Z   0040bc00 f i tracking.obj
 0001:0000ac30       ??1CTracking@@UAE@XZ       0040bc30 f   tracking.obj
 0001:0000ac50       ?init@CTracking@@QAEXXZ    0040bc50 f   tracking.obj
 0001:0000ac90       ?run@CTracking@@QAEXPAUstructBlob@@_N@Z 0040bc90 f   tracking.obj
 0001:0000ae20       ?update_track@CTracking@@QAEXPAUstructBlob@@@Z 0040be20 f   tracking.obj
 0001:0000b5a0       ?get_unusedID@CTracking@@QAEHXZ 0040c5a0 f   tracking.obj
 0001:0000b5e0       ?init_track@CTracking@@QAEXPAUstructBlob@@@Z 0040c5e0 f   tracking.obj
 0001:0000b6e0       ?drawBoundingBox@CTracking@@QAEXPAUstructBlob@@@Z 0040c6e0 f   tracking.obj
 0001:0000ba30       ?giveVehicleCount@CTracking@@QAEXXZ 0040ca30 f   tracking.obj
 0001:0000bc00       ?get_overlap_area@CTracking@@AAEHPAH0@Z 0040cc00 f   tracking.obj
 0001:0000bcb0       ??0CxMemFile@@QAE@PAEK@Z   0040ccb0 f   cximage:xmemfile.obj
 0001:0000bce0       ??1CxMemFile@@UAE@XZ       0040cce0 f   cximage:xmemfile.obj
 0001:0000bd30       ?Close@CxMemFile@@UAE_NXZ  0040cd30 f   cximage:xmemfile.obj
 0001:0000bd60       ?Open@CxMemFile@@QAE_NXZ   0040cd60 f   cximage:xmemfile.obj
 0001:0000bda0       ?GetBuffer@CxMemFile@@QAEPAE_N@Z 0040cda0 f   cximage:xmemfile.obj
 0001:0000bdc0       ?Read@CxMemFile@@UAEIPAXII@Z 0040cdc0 f   cximage:xmemfile.obj
 0001:0000be40       ?Write@CxMemFile@@UAEIPBXII@Z 0040ce40 f   cximage:xmemfile.obj
 0001:0000bed0       ?Seek@CxMemFile@@UAE_NJH@Z 0040ced0 f   cximage:xmemfile.obj
 0001:0000bf10       ?Tell@CxMemFile@@UAEJXZ    0040cf10 f   cximage:xmemfile.obj
 0001:0000bf20       ?Size@CxMemFile@@UAEJXZ    0040cf20 f   cximage:xmemfile.obj
 0001:0000bf30       ?Flush@CxMemFile@@UAE_NXZ  0040cf30 f   cximage:xmemfile.obj
 0001:0000bf40       ?Eof@CxMemFile@@UAE_NXZ    0040cf40 f   cximage:xmemfile.obj
 0001:0000bf60       ?Error@CxMemFile@@UAEJXZ   0040cf60 f   cximage:xmemfile.obj
 0001:0000bf80       ?PutC@CxMemFile@@UAE_NE@Z  0040cf80 f   cximage:xmemfile.obj
 0001:0000bfd0       ?GetC@CxMemFile@@UAEJXZ    0040cfd0 f   cximage:xmemfile.obj
 0001:0000c000       ?Alloc@CxMemFile@@IAEXK@Z  0040d000 f   cximage:xmemfile.obj
 0001:0000c060       ?Free@CxMemFile@@IAEXXZ    0040d060 f   cximage:xmemfile.obj
 0001:0000c070       ?Startup@CxImage@@IAEXK@Z  0040d070 f   cximage:xImage.obj
 0001:0000c0e0       ??0CxImage@@QAE@K@Z        0040d0e0 f   cximage:xImage.obj
 0001:0000c100       ?Destroy@CxImage@@QAE_NXZ  0040d100 f   cximage:xImage.obj
 0001:0000c1b0       ??0CxImage@@QAE@KKKK@Z     0040d1b0 f   cximage:xImage.obj
 0001:0000c1f0       ??0CxImage@@QAE@ABV0@_N11@Z 0040d1f0 f   cximage:xImage.obj
 0001:0000c230       ?Copy@CxImage@@QAEXABV1@_N11@Z 0040d230 f   cximage:xImage.obj
 0001:0000c370       ?CopyInfo@CxImage@@IAEXABV1@@Z 0040d370 f   cximage:xImage.obj
 0001:0000c390       ??4CxImage@@QAEAAV0@ABV0@@Z 0040d390 f   cximage:xImage.obj
 0001:0000c3b0       ?Create@CxImage@@QAEPAXKKKK@Z 0040d3b0 f   cximage:xImage.obj
 0001:0000c550       ?GetBits@CxImage@@QAEPAEK@Z 0040d550 f   cximage:xImage.obj
 0001:0000c5b0       ?GetSize@CxImage@@QAEJXZ   0040d5b0 f   cximage:xImage.obj
 0001:0000c5d0       ?IsInside@CxImage@@QAE_NJJ@Z 0040d5d0 f   cximage:xImage.obj
 0001:0000c600       ?Clear@CxImage@@QAEXE@Z    0040d600 f   cximage:xImage.obj
 0001:0000c670       ?Transfer@CxImage@@QAE_NAAV1@@Z 0040d670 f   cximage:xImage.obj
 0001:0000c700       ?Ghost@CxImage@@IAEXPAV1@@Z 0040d700 f   cximage:xImage.obj
 0001:0000c760       ?Bitfield2RGB@CxImage@@IAEXPAEGGGE@Z 0040d760 f   cximage:xImage.obj
 0001:0000c9a0       ?CreateFromArray@CxImage@@QAE_NPAEKKKK_N@Z 0040d9a0 f   cximage:xImage.obj
 0001:0000caf0       ?CreateFromMatrix@CxImage@@QAE_NPAPAEKKKK_N@Z 0040daf0 f   cximage:xImage.obj
 0001:0000cc30       ?CompareColors@CxImage@@KAHPBX0@Z 0040dc30 f   cximage:xImage.obj
 0001:0000ccb0       ?FreeMemory@CxImage@@QAEXPAX@Z 0040dcb0 f   cximage:xImage.obj
 0001:0000ccd0       ?GetTransColor@CxImage@@QAE?AUtagRGBQUAD@@XZ 0040dcd0 f   cximage:ximainfo.obj
 0001:0000cd10       ?GetTransIndex@CxImage@@QBEJXZ 0040dd10 f   cximage:ximainfo.obj
 0001:0000cd20       ?SetTransIndex@CxImage@@QAEXJ@Z 0040dd20 f   cximage:ximainfo.obj
 0001:0000cd30       ?SetTransColor@CxImage@@QAEXUtagRGBQUAD@@@Z 0040dd30 f   cximage:ximainfo.obj
 0001:0000cd50       ?IsTransparent@CxImage@@QBE_NXZ 0040dd50 f   cximage:ximainfo.obj
 0001:0000cd60       ?IsIndexed@CxImage@@QBE_NXZ 0040dd60 f   cximage:ximainfo.obj
 0001:0000cd70       ?GetColorType@CxImage@@QAEEXZ 0040dd70 f   cximage:ximainfo.obj
 0001:0000cd90       ?GetXDPI@CxImage@@QBEJXZ   0040dd90 f   cximage:ximainfo.obj
 0001:0000cda0       ?GetYDPI@CxImage@@QBEJXZ   0040dda0 f   cximage:ximainfo.obj
 0001:0000cdb0       ?SetXDPI@CxImage@@QAEXJ@Z  0040ddb0 f   cximage:ximainfo.obj
 0001:0000ce00       ?SetYDPI@CxImage@@QAEXJ@Z  0040de00 f   cximage:ximainfo.obj
 0001:0000ce50       ?GetFlags@CxImage@@QBEKXZ  0040de50 f   cximage:ximainfo.obj
 0001:0000ce60       ?SetFlags@CxImage@@QAEXK_N@Z 0040de60 f   cximage:ximainfo.obj
 0001:0000ce90       ?GetCodecOption@CxImage@@QAEKK@Z 0040de90 f   cximage:ximainfo.obj
 0001:0000cec0       ?SetCodecOption@CxImage@@QAE_NKK@Z 0040dec0 f   cximage:ximainfo.obj
 0001:0000cef0       ?GetDIB@CxImage@@QBEPAXXZ  0040def0 f   cximage:ximainfo.obj
 0001:0000cf00       ?GetHeight@CxImage@@QBEKXZ 0040df00 f   cximage:ximainfo.obj
 0001:0000cf10       ?GetWidth@CxImage@@QBEKXZ  0040df10 f   cximage:ximainfo.obj
 0001:0000cf20       ?GetEffWidth@CxImage@@QBEKXZ 0040df20 f   cximage:ximainfo.obj
 0001:0000cf30       ?GetNumColors@CxImage@@QBEKXZ 0040df30 f   cximage:ximainfo.obj
 0001:0000cf40       ?GetBpp@CxImage@@QBEGXZ    0040df40 f   cximage:ximainfo.obj
 0001:0000cf50       ?GetType@CxImage@@QBEKXZ   0040df50 f   cximage:ximainfo.obj
 0001:0000cf60       ?GetFrameDelay@CxImage@@QBEKXZ 0040df60 f   cximage:ximainfo.obj
 0001:0000cf70       ?SetFrameDelay@CxImage@@QAEXK@Z 0040df70 f   cximage:ximainfo.obj
 0001:0000cf80       ?GetOffset@CxImage@@QAEXPAJ0@Z 0040df80 f   cximage:ximainfo.obj
 0001:0000cfa0       ?SetOffset@CxImage@@QAEXJJ@Z 0040dfa0 f   cximage:ximainfo.obj
 0001:0000cfc0       ?GetJpegQuality@CxImage@@QBEEXZ 0040dfc0 f   cximage:ximainfo.obj
 0001:0000cfd0       ?SetJpegQuality@CxImage@@QAEXE@Z 0040dfd0 f   cximage:ximainfo.obj
 0001:0000cfe0       ?GetJpegScale@CxImage@@QBEEXZ 0040dfe0 f   cximage:ximainfo.obj
 0001:0000cff0       ?SetJpegScale@CxImage@@QAEXE@Z 0040dff0 f   cximage:ximainfo.obj
 0001:0000d000       ?GetProgress@CxImage@@QBEJXZ 0040e000 f   cximage:ximainfo.obj
 0001:0000d010       ?GetEscape@CxImage@@QBEJXZ 0040e010 f   cximage:ximainfo.obj
 0001:0000d020       ?SetProgress@CxImage@@QAEXJ@Z 0040e020 f   cximage:ximainfo.obj
 0001:0000d030       ?SetEscape@CxImage@@QAEXJ@Z 0040e030 f   cximage:ximainfo.obj
 0001:0000d040       ?IsValid@CxImage@@QBE_NXZ  0040e040 f   cximage:ximainfo.obj
 0001:0000d050       ?IsEnabled@CxImage@@QBE_NXZ 0040e050 f   cximage:ximainfo.obj
 0001:0000d060       ?Enable@CxImage@@QAEX_N@Z  0040e060 f   cximage:ximainfo.obj
 0001:0000d070       ?GetNumFrames@CxImage@@QBEJXZ 0040e070 f   cximage:ximainfo.obj
 0001:0000d080       ?GetFrame@CxImage@@QBEJXZ  0040e080 f   cximage:ximainfo.obj
 0001:0000d090       ?SetFrame@CxImage@@QAEXJ@Z 0040e090 f   cximage:ximainfo.obj
 0001:0000d0a0       ?GetLastError@CxImage@@QAEPBDXZ 0040e0a0 f   cximage:ximainfo.obj
 0001:0000d0b0       ?GetVersionNumber@CxImage@@QAE?BMXZ 0040e0b0 f   cximage:ximainfo.obj
 0001:0000d0c0       ?GetVersion@CxImage@@QAEPBDXZ 0040e0c0 f   cximage:ximainfo.obj
 0001:0000d0d0       ?CopyToHandle@CxImage@@QAEPAXXZ 0040e0d0 f   cximage:ximawnd.obj
 0001:0000d130       ?CreateFromHANDLE@CxImage@@QAE_NPAX@Z 0040e130 f   cximage:ximawnd.obj
 0001:0000d7d0       ?MakeBitmap@CxImage@@QAEPAUHBITMAP__@@PAUHDC__@@@Z 0040e7d0 f   cximage:ximawnd.obj
 0001:0000d870       ?CreateFromHBITMAP@CxImage@@QAE_NPAUHBITMAP__@@PAUHPALETTE__@@@Z 0040e870 f   cximage:ximawnd.obj
 0001:0000d950       ?CreateFromHICON@CxImage@@QAE_NPAUHICON__@@@Z 0040e950 f   cximage:ximawnd.obj
 0001:0000da40       ?Draw@CxImage@@QAEJPAUHDC__@@ABUtagRECT@@PAU3@_N@Z 0040ea40 f   cximage:ximawnd.obj
 0001:0000da80       ?Draw@CxImage@@QAEJPAUHDC__@@JJJJPAUtagRECT@@_N@Z 0040ea80 f   cximage:ximawnd.obj
 0001:0000e6e0       ?Draw2@CxImage@@QAEJPAUHDC__@@ABUtagRECT@@@Z 0040f6e0 f   cximage:ximawnd.obj
 0001:0000e710       ?Draw2@CxImage@@QAEJPAUHDC__@@JJJJ@Z 0040f710 f   cximage:ximawnd.obj
 0001:0000e9c0       ?Stretch@CxImage@@QAEJPAUHDC__@@ABUtagRECT@@K@Z 0040f9c0 f   cximage:ximawnd.obj
 0001:0000e9f0       ?Stretch@CxImage@@QAEJPAUHDC__@@JJJJK@Z 0040f9f0 f   cximage:ximawnd.obj
 0001:0000ea60       ?Tile@CxImage@@QAEJPAUHDC__@@PAUtagRECT@@@Z 0040fa60 f   cximage:ximawnd.obj
 0001:0000eb60       ?DrawString@CxImage@@QAEJPAUHDC__@@JJPBDUtagRGBQUAD@@1JJEE_N@Z 0040fb60 f   cximage:ximawnd.obj
 0001:0000ee60       ?DrawStringEx@CxImage@@QAEJPAUHDC__@@JJPAUtagCxTextInfo@1@_N@Z 0040fe60 f   cximage:ximawnd.obj
 0001:0000f520       ?InitTextInfo@CxImage@@QAEXPAUtagCxTextInfo@1@@Z 00410520 f   cximage:ximawnd.obj
 0001:0000f5f0       ?GetPaletteSize@CxImage@@QAEKXZ 004105f0 f   cximage:ximapal.obj
 0001:0000f600       ?SetPaletteColor@CxImage@@QAEXEEEEE@Z 00410600 f   cximage:ximapal.obj
 0001:0000f650       ?SetPaletteColor@CxImage@@QAEXEUtagRGBQUAD@@@Z 00410650 f   cximage:ximapal.obj
 0001:0000f6a0       ?SetPaletteColor@CxImage@@QAEXEK@Z 004106a0 f   cximage:ximapal.obj
 0001:0000f6f0       ?GetPalette@CxImage@@QBEPAUtagRGBQUAD@@XZ 004106f0 f   cximage:ximapal.obj
 0001:0000f710       ?GetPaletteColor@CxImage@@QAE?AUtagRGBQUAD@@E@Z 00410710 f   cximage:ximapal.obj
 0001:0000f780       ?GetPixelIndex@CxImage@@QAEEJJ@Z 00410780 f   cximage:ximapal.obj
 0001:0000f890       ?BlindGetPixelIndex@CxImage@@IAEEJJ@Z 00410890 f   cximage:ximapal.obj
 0001:0000f950       ?GetPixelColor@CxImage@@QAE?AUtagRGBQUAD@@JJ_N@Z 00410950 f   cximage:ximapal.obj
 0001:0000fa60       ?BlindGetPixelColor@CxImage@@IAE?AUtagRGBQUAD@@JJ@Z 00410a60 f   cximage:ximapal.obj
 0001:0000faf0       ?GetPixelGray@CxImage@@QAEEJJ@Z 00410af0 f   cximage:ximapal.obj
 0001:0000fb60       ?SetPixelIndex@CxImage@@QAEXJJE@Z 00410b60 f   cximage:ximapal.obj
 0001:0000fc70       ?SetPixelColor@CxImage@@QAEXJJK@Z 00410c70 f   cximage:ximapal.obj
 0001:0000fca0       ?SetPixelColor@CxImage@@QAEXJJUtagRGBQUAD@@_N@Z 00410ca0 f   cximage:ximapal.obj
 0001:0000fd30       ?BlendPixelColor@CxImage@@QAEXJJUtagRGBQUAD@@M_N@Z 00410d30 f   cximage:ximapal.obj
 0001:0000fe70       ?GetNearestIndex@CxImage@@QAEEUtagRGBQUAD@@@Z 00410e70 f   cximage:ximapal.obj
 0001:0000ffb0       ?RGBtoBGR@CxImage@@IAEXPAEH@Z 00410fb0 f   cximage:ximapal.obj
 0001:00010000       ?RGBtoRGBQUAD@CxImage@@SA?AUtagRGBQUAD@@K@Z 00411000 f   cximage:ximapal.obj
 0001:00010030       ?RGBQUADtoRGB@CxImage@@SAKUtagRGBQUAD@@@Z 00411030 f   cximage:ximapal.obj
 0001:00010060       ?GetPaletteColor@CxImage@@QAE_NEPAE00@Z 00411060 f   cximage:ximapal.obj
 0001:000100a0       ?SetPalette@CxImage@@QAEXKPAE00@Z 004110a0 f   cximage:ximapal.obj
 0001:00010130       ?SetPalette@CxImage@@QAEXPAUrgb_color@1@K@Z 00411130 f   cximage:ximapal.obj
 0001:00010190       ?SetPalette@CxImage@@QAEXPAUtagRGBQUAD@@K@Z 00411190 f   cximage:ximapal.obj
 0001:000101f0       ?SetGrayPalette@CxImage@@QAEXXZ 004111f0 f   cximage:ximapal.obj
 0001:00010240       ?BlendPalette@CxImage@@QAEXKJ@Z 00411240 f   cximage:ximapal.obj
 0001:00010320       ?IsGrayScale@CxImage@@QAE_NXZ 00411320 f   cximage:ximapal.obj
 0001:00010370       ?SwapIndex@CxImage@@QAEXEE@Z 00411370 f   cximage:ximapal.obj
 0001:00010430       ?IsTransparent@CxImage@@QAE_NJJ@Z 00411430 f   cximage:ximapal.obj
 0001:000104d0       ?IsSamePalette@CxImage@@QAE_NAAV1@_N@Z 004114d0 f   cximage:ximapal.obj
 0001:00010570       ?GetClrImportant@CxImage@@QBEKXZ 00411570 f   cximage:ximapal.obj
 0001:00010580       ?SetClrImportant@CxImage@@QAEXK@Z 00411580 f   cximage:ximapal.obj
 0001:000105e0       ?BlindGetPixelPointer@CxImage@@IAEPAXJJ@Z 004115e0 f   cximage:ximapal.obj
 0001:00010610       ?DrawLine@CxImage@@QAEXHHHHK@Z 00411610 f   cximage:ximapal.obj
 0001:00010650       ?DrawLine@CxImage@@QAEXHHHHUtagRGBQUAD@@_N@Z 00411650 f   cximage:ximapal.obj
 0001:00010770       ?SetStdPalette@CxImage@@QAEXXZ 00411770 f   cximage:ximapal.obj
 0001:000125f0       ?Decode@CxImageJPG@@QAE_NPAU_iobuf@@@Z 004135f0 f i cximage:ximaenc.obj
 0001:00012670       ?Encode@CxImageJPG@@QAE_NPAU_iobuf@@@Z 00413670 f i cximage:ximaenc.obj
 0001:000126f0       ?DecodeExif@CxImageJPG@@QAE_NPAU_iobuf@@@Z 004136f0 f i cximage:ximaenc.obj
 0001:00012770       ??4CxExifInfo@CxImageJPG@@QAEAAV01@ABV01@@Z 00413770 f i cximage:ximaenc.obj
 0001:00012790       ??_FCxExifInfo@CxImageJPG@@QAEXXZ 00413790 f i cximage:ximaenc.obj
 0001:000127a0       ??0CxImageJPG@@QAE@ABV0@@Z 004137a0 f i cximage:ximaenc.obj
 0001:00012820       ??4CxImageJPG@@QAEAAV0@ABV0@@Z 00413820 f i cximage:ximaenc.obj
 0001:000128a0       ??_GCxImageJPG@@UAEPAXI@Z  004138a0 f i cximage:ximaenc.obj
 0001:000128c0       ??_ECxImageJPG@@UAEPAXI@Z  004138c0 f i cximage:ximaenc.obj
 0001:00012920       ??0CxImageGIF@@QAE@XZ      00413920 f i cximage:ximaenc.obj
 0001:00012950       ?Decode@CxImageGIF@@QAE_NPAU_iobuf@@@Z 00413950 f i cximage:ximaenc.obj
 0001:000129d0       ?Encode@CxImageGIF@@QAE_NPAU_iobuf@@@Z 004139d0 f i cximage:ximaenc.obj
 0001:00012a50       ?Encode@CxImageGIF@@QAE_NPAU_iobuf@@PAPAVCxImage@@H_N@Z 00413a50 f i cximage:ximaenc.obj
 0001:00012ae0       ??0CxImageGIF@@QAE@ABV0@@Z 00413ae0 f i cximage:ximaenc.obj
 0001:00012d60       ??4CxImageGIF@@QAEAAV0@ABV0@@Z 00413d60 f i cximage:ximaenc.obj
 0001:00013030       ??1CxImageGIF@@UAE@XZ      00414030 f i cximage:ximaenc.obj
 0001:00013040       ??_GCxImageGIF@@UAEPAXI@Z  00414040 f i cximage:ximaenc.obj
 0001:00013060       ??_ECxImageGIF@@UAEPAXI@Z  00414060 f i cximage:ximaenc.obj
 0001:000130c0       ?EncodeSafeCheck@CxImage@@IAE_NPAVCxFile@@@Z 004140c0 f   cximage:ximaenc.obj
 0001:00013130       ?Save@CxImage@@QAE_NPBDK@Z 00414130 f   cximage:ximaenc.obj
 0001:00013180       ?Encode@CxImage@@QAE_NPAU_iobuf@@K@Z 00414180 f   cximage:ximaenc.obj
 0001:00013210       ?Encode@CxImage@@QAE_NAAPAEAAJK@Z 00414210 f   cximage:ximaenc.obj
 0001:00013300       ?Encode@CxImage@@QAE_NPAVCxFile@@K@Z 00414300 f   cximage:ximaenc.obj
 0001:000135b0       ??_GCxImageBMP@@UAEPAXI@Z  004145b0 f i cximage:ximaenc.obj
 0001:000135b0       ??_ECxImageBMP@@UAEPAXI@Z  004145b0 f i cximage:ximaenc.obj
 0001:000135d0       ??1CxImageBMP@@UAE@XZ      004145d0 f i cximage:ximaenc.obj
 0001:000135e0       ?Encode@CxImage@@QAE_NPAU_iobuf@@PAPAV1@HK@Z 004145e0 f   cximage:ximaenc.obj
 0001:00013670       ?Encode@CxImage@@QAE_NPAVCxFile@@PAPAV1@HK@Z 00414670 f   cximage:ximaenc.obj
 0001:000137b0       ?Encode2RGBA@CxImage@@QAE_NAAPAEAAJ@Z 004147b0 f   cximage:ximaenc.obj
 0001:000138a0       ?Encode2RGBA@CxImage@@QAE_NPAVCxFile@@@Z 004148a0 f   cximage:ximaenc.obj
 0001:00013940       ?Load@CxImage@@QAE_NPBDK@Z 00414940 f   cximage:ximaenc.obj
 0001:00013a60       ?LoadResource@CxImage@@QAE_NPAUHRSRC__@@KPAUHINSTANCE__@@@Z 00414a60 f   cximage:ximaenc.obj
 0001:00013b20       ??0CxImage@@QAE@PBDK@Z     00414b20 f   cximage:ximaenc.obj
 0001:00013b50       ??0CxImage@@QAE@PAU_iobuf@@K@Z 00414b50 f   cximage:ximaenc.obj
 0001:00013b80       ??0CxImage@@QAE@PAVCxFile@@K@Z 00414b80 f   cximage:ximaenc.obj
 0001:00013bb0       ??0CxImage@@QAE@PAEKK@Z    00414bb0 f   cximage:ximaenc.obj
 0001:00013c30       ?Decode@CxImage@@QAE_NPAEKK@Z 00414c30 f   cximage:ximaenc.obj
 0001:00013ca0       ?Decode@CxImage@@QAE_NPAU_iobuf@@K@Z 00414ca0 f   cximage:ximaenc.obj
 0001:00013d30       ?Decode@CxImage@@QAE_NPAVCxFile@@K@Z 00414d30 f   cximage:ximaenc.obj
 0001:00014200       ?AlphaGetMax@CxImage@@QBEEXZ 00415200 f   cximage:ximalpha.obj
 0001:00014210       ?AlphaSetMax@CxImage@@QAEXE@Z 00415210 f   cximage:ximalpha.obj
 0001:00014220       ?AlphaIsValid@CxImage@@QAE_NXZ 00415220 f   cximage:ximalpha.obj
 0001:00014230       ?AlphaPaletteEnable@CxImage@@QAEX_N@Z 00415230 f   cximage:ximalpha.obj
 0001:00014240       ?AlphaPaletteIsEnabled@CxImage@@QAE_NXZ 00415240 f   cximage:ximalpha.obj
 0001:00014250       ?AlphaClear@CxImage@@QAEXXZ 00415250 f   cximage:ximalpha.obj
 0001:00014280       ?AlphaSet@CxImage@@QAEXE@Z 00415280 f   cximage:ximalpha.obj
 0001:000142c0       ?AlphaCreate@CxImage@@QAEXXZ 004152c0 f   cximage:ximalpha.obj
 0001:00014310       ?AlphaDelete@CxImage@@QAEXXZ 00415310 f   cximage:ximalpha.obj
 0001:00014340       ?AlphaInvert@CxImage@@QAEXXZ 00415340 f   cximage:ximalpha.obj
 0001:00014370       ?AlphaCopy@CxImage@@QAE_NAAV1@@Z 00415370 f   cximage:ximalpha.obj
 0001:00014400       ?AlphaSet@CxImage@@QAE_NAAV1@@Z 00415400 f   cximage:ximalpha.obj
 0001:000144c0       ?AlphaSet@CxImage@@QAEXJJE@Z 004154c0 f   cximage:ximalpha.obj
 0001:00014500       ?AlphaGet@CxImage@@QAEEJJ@Z 00415500 f   cximage:ximalpha.obj
 0001:00014550       ?AlphaGetPointer@CxImage@@QAEPAEJJ@Z 00415550 f   cximage:ximalpha.obj
 0001:00014590       ?BlindAlphaGet@CxImage@@IAEEJJ@Z 00415590 f   cximage:ximalpha.obj
 0001:000145b0       ?AlphaPaletteClear@CxImage@@QAEXXZ 004155b0 f   cximage:ximalpha.obj
 0001:00014600       ?AlphaPaletteIsValid@CxImage@@QAE_NXZ 00415600 f   cximage:ximalpha.obj
 0001:00014650       ?AlphaStrip@CxImage@@QAEXXZ 00415650 f   cximage:ximalpha.obj
 0001:000149f0       ?AlphaFlip@CxImage@@QAE_NXZ 004159f0 f   cximage:ximalpha.obj
 0001:00014aa0       ?AlphaMirror@CxImage@@QAE_NXZ 00415aa0 f   cximage:ximalpha.obj
 0001:00014b50       ?AlphaSplit@CxImage@@QAE_NPAV1@@Z 00415b50 f   cximage:ximalpha.obj
 0001:00014c60       ?AlphaPaletteSplit@CxImage@@QAE_NPAV1@@Z 00415c60 f   cximage:ximalpha.obj
 0001:00014d70       ?SelectionIsValid@CxImage@@QAE_NXZ 00415d70 f   cximage:ximasel.obj
 0001:00014d80       ?SelectionGetBox@CxImage@@QAEXAAUtagRECT@@@Z 00415d80 f   cximage:ximasel.obj
 0001:00014db0       ?SelectionClear@CxImage@@QAE_NXZ 00415db0 f   cximage:ximasel.obj
 0001:00014e10       ?SelectionCreate@CxImage@@QAE_NXZ 00415e10 f   cximage:ximasel.obj
 0001:00014e40       ?SelectionDelete@CxImage@@QAE_NXZ 00415e40 f   cximage:ximasel.obj
 0001:00014e90       ?SelectionIsInside@CxImage@@QAE_NJJ@Z 00415e90 f   cximage:ximasel.obj
 0001:00014ee0       ?SelectionAddRect@CxImage@@QAE_NUtagRECT@@@Z 00415ee0 f   cximage:ximasel.obj
 0001:00015080       ?SelectionAddEllipse@CxImage@@QAE_NUtagRECT@@@Z 00416080 f   cximage:ximasel.obj
 0001:00015370       ?SelectionInvert@CxImage@@QAE_NXZ 00416370 f   cximage:ximasel.obj
 0001:000153a0       ?SelectionCopy@CxImage@@QAE_NAAV1@@Z 004163a0 f   cximage:ximasel.obj
 0001:00015450       ?SelectionAddPolygon@CxImage@@QAE_NPAUtagPOINT@@J@Z 00416450 f   cximage:ximasel.obj
 0001:00015b70       ?SelectionAddColor@CxImage@@QAE_NUtagRGBQUAD@@@Z 00416b70 f   cximage:ximasel.obj
 0001:00015c90       ?SelectionAddPixel@CxImage@@QAE_NHH@Z 00416c90 f   cximage:ximasel.obj
 0001:00015cf0       ?SelectionSplit@CxImage@@QAE_NPAV1@@Z 00416cf0 f   cximage:ximasel.obj
 0001:00015e00       ?SelectionToHRGN@CxImage@@QAE_NAAPAUHRGN__@@@Z 00416e00 f   cximage:ximasel.obj
 0001:00015ee0       ??4CxPoint2@@QAEAAV0@ABV0@@Z 00416ee0 f i cximage:ximatran.obj
 0001:00015f00       ??4CxRect2@@QAEAAV0@ABV0@@Z 00416f00 f i cximage:ximatran.obj
 0001:00015f30       ?GrayScale@CxImage@@QAE_NXZ 00416f30 f   cximage:ximatran.obj
 0001:000162d0       ?Flip@CxImage@@QAE_NXZ     004172d0 f   cximage:ximatran.obj
 0001:000163f0       ?Mirror@CxImage@@QAE_NXZ   004173f0 f   cximage:ximatran.obj
 0001:000165d0       ?RotateLeft@CxImage@@QAE_NPAV1@@Z 004175d0 f   cximage:ximatran.obj
 0001:00016a60       ?RotateRight@CxImage@@QAE_NPAV1@@Z 00417a60 f   cximage:ximatran.obj
 0001:00016ef0       ?Negative@CxImage@@QAE_NXZ 00417ef0 f   cximage:ximatran.obj
 0001:00017120       ?Rotate@CxImage@@QAE_NMPAV1@@Z 00418120 f   cximage:ximatran.obj
 0001:000176a0       ?Rotate2@CxImage@@QAE_NMPAV1@W4InterpolationMethod@1@W4OverflowMethod@1@PAUtagRGBQUAD@@_N4@Z 004186a0 f   cximage:ximatran.obj
 0001:000180f0       ?Rotate180@CxImage@@QAE_NPAV1@@Z 004190f0 f   cximage:ximatran.obj
 0001:000182c0       ?Resample@CxImage@@QAE_NJJHPAV1@@Z 004192c0 f   cximage:ximatran.obj
 0001:000190e0       ?Resample2@CxImage@@QAE_NJJW4InterpolationMethod@1@W4OverflowMethod@1@QAV1@_N@Z 0041a0e0 f   cximage:ximatran.obj
 0001:00019550       ?DecreaseBpp@CxImage@@QAE_NK_NPAUtagRGBQUAD@@K@Z 0041a550 f   cximage:ximatran.obj
 0001:00019a70       ?IncreaseBpp@CxImage@@QAE_NK@Z 0041aa70 f   cximage:ximatran.obj
 0001:00019e70       ?Dither@CxImage@@QAE_NJ@Z  0041ae70 f   cximage:ximatran.obj
 0001:0001b420       ?CropRotatedRectangle@CxImage@@QAE_NJJJJMPAV1@@Z 0041c420 f   cximage:ximatran.obj
 0001:0001b680       ?Crop@CxImage@@QAE_NABUtagRECT@@PAV1@@Z 0041c680 f   cximage:ximatran.obj
 0001:0001b6a0       ?Crop@CxImage@@QAE_NJJJJPAV1@@Z 0041c6a0 f   cximage:ximatran.obj
 0001:0001ba80       ?Skew@CxImage@@QAE_NMMJJ_N@Z 0041ca80 f   cximage:ximatran.obj
 0001:0001bd20       ?Expand@CxImage@@QAE_NJJJJUtagRGBQUAD@@PAV1@@Z 0041cd20 f   cximage:ximatran.obj
 0001:0001c0e0       ?Expand@CxImage@@QAE_NJJUtagRGBQUAD@@PAV1@@Z 0041d0e0 f   cximage:ximatran.obj
 0001:0001c140       ?Thumbnail@CxImage@@QAE_NJJUtagRGBQUAD@@PAV1@@Z 0041d140 f   cximage:ximatran.obj
 0001:0001c2c0       ?CircleTransform@CxImage@@QAE_NHJM@Z 0041d2c0 f   cximage:ximatran.obj
 0001:0001c680       ?QIShrink@CxImage@@QAE_NJJQAV1@@Z 0041d680 f   cximage:ximatran.obj
 0001:0001cc00       ?OverflowCoordinates@CxImage@@QAEXAAJ0W4OverflowMethod@1@@Z 0041dc00 f   cximage:ximaint.obj
 0001:0001ccf0       ?OverflowCoordinates@CxImage@@QAEXAAM0W4OverflowMethod@1@@Z 0041dcf0 f   cximage:ximaint.obj
 0001:0001cec0       ?GetPixelColorWithOverflow@CxImage@@QAE?AUtagRGBQUAD@@JJW4OverflowMethod@1@QAU2@@Z 0041dec0 f   cximage:ximaint.obj
 0001:0001cff0       ?GetPixelColorInterpolated@CxImage@@QAE?AUtagRGBQUAD@@MMW4InterpolationMethod@1@W4OverflowMethod@1@QAU2@@Z 0041dff0 f   cximage:ximaint.obj
 0001:0001e890       ?AddAveragingCont@CxImage@@IAEXABUtagRGBQUAD@@MAAM111@Z 0041f890 f   cximage:ximaint.obj
 0001:0001e900       ?GetAreaColorInterpolated@CxImage@@QAE?AUtagRGBQUAD@@MMMMW4InterpolationMethod@1@W4OverflowMethod@1@QAU2@@Z 0041f900 f   cximage:ximaint.obj
 0001:0001f1b0       ?KernelBSpline@CxImage@@SAMM@Z 004201b0 f   cximage:ximaint.obj
 0001:0001f2b0       ?KernelLinear@CxImage@@SAMM@Z 004202b0 f   cximage:ximaint.obj
 0001:0001f300       ?KernelCubic@CxImage@@SAMM@Z 00420300 f   cximage:ximaint.obj
 0001:0001f370       ?KernelGeneralizedCubic@CxImage@@SAMMM@Z 00420370 f   cximage:ximaint.obj
 0001:0001f400       ?KernelLanczosSinc@CxImage@@SAMMM@Z 00420400 f   cximage:ximaint.obj
 0001:0001f460       ?KernelBox@CxImage@@SAMM@Z 00420460 f   cximage:ximaint.obj
 0001:0001f490       ?KernelHermite@CxImage@@SAMM@Z 00420490 f   cximage:ximaint.obj
 0001:0001f500       ?KernelHamming@CxImage@@SAMM@Z 00420500 f   cximage:ximaint.obj
 0001:0001f580       ?KernelSinc@CxImage@@SAMM@Z 00420580 f   cximage:ximaint.obj
 0001:0001f5b0       ?KernelBlackman@CxImage@@SAMM@Z 004205b0 f   cximage:ximaint.obj
 0001:0001f5f0       ?KernelBessel_J1@CxImage@@SAMM@Z 004205f0 f   cximage:ximaint.obj
 0001:0001f640       ?KernelBessel_P1@CxImage@@SAMM@Z 00420640 f   cximage:ximaint.obj
 0001:0001f690       ?KernelBessel_Q1@CxImage@@SAMM@Z 00420690 f   cximage:ximaint.obj
 0001:0001f6e0       ?KernelBessel_Order1@CxImage@@SAMM@Z 004206e0 f   cximage:ximaint.obj
 0001:0001f7f0       ?KernelBessel@CxImage@@SAMM@Z 004207f0 f   cximage:ximaint.obj
 0001:0001f830       ?KernelGaussian@CxImage@@SAMM@Z 00420830 f   cximage:ximaint.obj
 0001:0001f860       ?KernelQuadratic@CxImage@@SAMM@Z 00420860 f   cximage:ximaint.obj
 0001:0001f8e0       ?KernelMitchell@CxImage@@SAMM@Z 004208e0 f   cximage:ximaint.obj
 0001:0001f9c0       ?KernelCatrom@CxImage@@SAMM@Z 004209c0 f   cximage:ximaint.obj
 0001:0001fab0       ??0CxImageJPG@@QAE@XZ      00420ab0 f   cximage:ximajpg.obj
 0001:0001fae0       ??1CxImageJPG@@UAE@XZ      00420ae0 f   cximage:ximajpg.obj
 0001:0001fb50       ?DecodeExif@CxImageJPG@@QAE_NPAVCxFile@@@Z 00420b50 f   cximage:ximajpg.obj
 0001:0001fc10       ?Decode@CxImageJPG@@QAE_NPAVCxFile@@@Z 00420c10 f   cximage:ximajpg.obj
 0001:000202a0       ??1CxFileJpg@CxImageJPG@@QAE@XZ 004212a0 f i cximage:ximajpg.obj
 0001:000202b0       ?InitDestination@CxFileJpg@CxImageJPG@@SAXPAUjpeg_compress_struct@@@Z 004212b0 f i cximage:ximajpg.obj
 0001:000202d0       ?EmptyOutputBuffer@CxFileJpg@CxImageJPG@@SAEPAUjpeg_compress_struct@@@Z 004212d0 f i cximage:ximajpg.obj
 0001:00020320       ?TermDestination@CxFileJpg@CxImageJPG@@SAXPAUjpeg_compress_struct@@@Z 00421320 f i cximage:ximajpg.obj
 0001:00020380       ?InitSource@CxFileJpg@CxImageJPG@@SAXPAUjpeg_decompress_struct@@@Z 00421380 f i cximage:ximajpg.obj
 0001:000203a0       ?FillInputBuffer@CxFileJpg@CxImageJPG@@SAEPAUjpeg_decompress_struct@@@Z 004213a0 f i cximage:ximajpg.obj
 0001:00020420       ?SkipInputData@CxFileJpg@CxImageJPG@@SAXPAUjpeg_decompress_struct@@J@Z 00421420 f i cximage:ximajpg.obj
 0001:000204e0       ?TermSource@CxFileJpg@CxImageJPG@@SAXPAUjpeg_decompress_struct@@@Z 004214e0 f i cximage:ximajpg.obj
 0001:00020520       ?Encode@CxImageJPG@@QAE_NPAVCxFile@@@Z 00421520 f   cximage:ximajpg.obj
 0001:00020990       ??0CxExifInfo@CxImageJPG@@QAE@PAUtag_ExifInfo@1@@Z 00421990 f   cximage:ximaexif.obj
 0001:00020a00       ??1CxExifInfo@CxImageJPG@@QAE@XZ 00421a00 f   cximage:ximaexif.obj
 0001:00020a50       ?DecodeExif@CxExifInfo@CxImageJPG@@QAE_NPAVCxFile@@H@Z 00421a50 f   cximage:ximaexif.obj
 0001:00020ed0       ?process_EXIF@CxExifInfo@CxImageJPG@@IAE_NPAEI@Z 00421ed0 f   cximage:ximaexif.obj
 0001:00021020       ?Get16m@CxExifInfo@CxImageJPG@@IAEHPAX@Z 00422020 f   cximage:ximaexif.obj
 0001:00021030       ?Get16u@CxExifInfo@CxImageJPG@@IAEHPAX@Z 00422030 f   cximage:ximaexif.obj
 0001:00021060       ?Get32s@CxExifInfo@CxImageJPG@@IAEJPAX@Z 00422060 f   cximage:ximaexif.obj
 0001:000210c0       ?Get32u@CxExifInfo@CxImageJPG@@IAEKPAX@Z 004220c0 f   cximage:ximaexif.obj
 0001:000210d0       ?ProcessExifDir@CxExifInfo@CxImageJPG@@IAE_NPAE0IQAUtag_ExifInfo@2@QAPAE@Z 004220d0 f   cximage:ximaexif.obj
 0001:000219e0       ?ConvertAnyFormat@CxExifInfo@CxImageJPG@@IAENPAXH@Z 004229e0 f   cximage:ximaexif.obj
 0001:00021b50       ?process_COM@CxExifInfo@CxImageJPG@@IAEXPBEH@Z 00422b50 f   cximage:ximaexif.obj
 0001:00021c10       ?process_SOFn@CxExifInfo@CxImageJPG@@IAEXPBEH@Z 00422c10 f   cximage:ximaexif.obj
 0001:00021c70       ?EncodeExif@CxExifInfo@CxImageJPG@@QAE_NPAVCxFile@@@Z 00422c70 f   cximage:ximaexif.obj
 0001:00021d60       ?DiscardAllButExif@CxExifInfo@CxImageJPG@@QAEXXZ 00422d60 f   cximage:ximaexif.obj
 0001:00021e70       ?FindSection@CxExifInfo@CxImageJPG@@IAEPAXH@Z 00422e70 f   cximage:ximaexif.obj
 0001:00021eb0       ?Decode@CxImageGIF@@QAE_NPAVCxFile@@@Z 00422eb0 f   cximage:ximagif.obj
 0001:000226a0       ?DecodeExtension@CxImageGIF@@IAE_NPAVCxFile@@@Z 004236a0 f   cximage:ximagif.obj
 0001:000228b0       ?get_byte@CxImageGIF@@IAEHPAVCxFile@@@Z 004238b0 f   cximage:ximagif.obj
 0001:00022930       ?out_line@CxImageGIF@@IAEHPAVCImageIterator@@PAEH@Z 00423930 f   cximage:ximagif.obj
 0001:00022b70       ?Encode@CxImageGIF@@QAE_NPAVCxFile@@@Z 00423b70 f   cximage:ximagif.obj
 0001:00022bd0       ?Encode@CxImageGIF@@QAE_NPAVCxFile@@PAPAVCxImage@@H_N@Z 00423bd0 f   cximage:ximagif.obj
 0001:00022dd0       ?EncodeHeader@CxImageGIF@@IAEXPAVCxFile@@@Z 00423dd0 f   cximage:ximagif.obj
 0001:00022e90       ?EncodeExtension@CxImageGIF@@IAEXPAVCxFile@@@Z 00423e90 f   cximage:ximagif.obj
 0001:00022f20       ?EncodeLoopExtension@CxImageGIF@@IAEXPAVCxFile@@@Z 00423f20 f   cximage:ximagif.obj
 0001:00022f90       ?EncodeBody@CxImageGIF@@IAEXPAVCxFile@@_N@Z 00423f90 f   cximage:ximagif.obj
 0001:000230e0       ?EncodeComment@CxImageGIF@@IAEXPAVCxFile@@@Z 004240e0 f   cximage:ximagif.obj
 0001:00023150       ?EncodeRGB@CxImageGIF@@IAE_NPAVCxFile@@@Z 00424150 f   cximage:ximagif.obj
 0001:000233b0       ?GifNextPixel@CxImageGIF@@IAEHXZ 004243b0 f   cximage:ximagif.obj
 0001:00023410       ?Putword@CxImageGIF@@IAEXHPAVCxFile@@@Z 00424410 f   cximage:ximagif.obj
 0001:00023440       ?compressNONE@CxImageGIF@@IAEXHPAVCxFile@@@Z 00424440 f   cximage:ximagif.obj
 0001:00023540       ?compressLZW@CxImageGIF@@IAEXHPAVCxFile@@@Z 00424540 f   cximage:ximagif.obj
 0001:00023710       ?output@CxImageGIF@@IAEXF@Z 00424710 f   cximage:ximagif.obj
 0001:000238b0       ?cl_hash@CxImageGIF@@IAEXJ@Z 004248b0 f   cximage:ximagif.obj
 0001:00023910       ?char_out@CxImageGIF@@IAEXH@Z 00424910 f   cximage:ximagif.obj
 0001:00023940       ?flush_char@CxImageGIF@@IAEXXZ 00424940 f   cximage:ximagif.obj
 0001:00023990       ?init_exp@CxImageGIF@@IAEFF@Z 00424990 f   cximage:ximagif.obj
 0001:00023a20       ?get_next_code@CxImageGIF@@IAEFPAVCxFile@@@Z 00424a20 f   cximage:ximagif.obj
 0001:00023bb0       ?decoder@CxImageGIF@@IAEFPAVCxFile@@PAVCImageIterator@@FAAH@Z 00424bb0 f   cximage:ximagif.obj
 0001:00023eb0       ?get_num_frames@CxImageGIF@@IAEHPAVCxFile@@PAUtag_TabCol@1@PAUtag_dscgif@1@@Z 00424eb0 f   cximage:ximagif.obj
 0001:000241e0       ?seek_next_image@CxImageGIF@@IAEJPAVCxFile@@J@Z 004251e0 f   cximage:ximagif.obj
 0001:00024250       ?SetDisposalMethod@CxImageGIF@@QAEXH@Z 00425250 f   cximage:ximagif.obj
 0001:00024260       ?GetDisposalMethod@CxImageGIF@@QAEJXZ 00425260 f   cximage:ximagif.obj
 0001:00024270       ?SetLoops@CxImageGIF@@QAEXH@Z 00425270 f   cximage:ximagif.obj
 0001:00024280       ?GetLoops@CxImageGIF@@QAEJXZ 00425280 f   cximage:ximagif.obj
 0001:00024290       ?SetComment@CxImageGIF@@QAEXPBD@Z 00425290 f   cximage:ximagif.obj
 0001:000242c0       ?GetComment@CxImageGIF@@QAEXPAD@Z 004252c0 f   cximage:ximagif.obj
 0001:000242f0       ?GifMix@CxImageGIF@@IAEXAAVCxImage@@AAUtag_image@1@@Z 004252f0 f   cximage:ximagif.obj
 0001:00024400       ?rle_clear@CxImageGIF@@IAEXPAUtag_RLE@1@@Z 00425400 f   cximage:ximagif.obj
 0001:00024430       ?rle_flush@CxImageGIF@@IAEXPAUtag_RLE@1@@Z 00425430 f   cximage:ximagif.obj
 0001:000244a0       ?rle_output_plain@CxImageGIF@@IAEXHPAUtag_RLE@1@@Z 004254a0 f   cximage:ximagif.obj
 0001:00024500       ?rle_flush_fromclear@CxImageGIF@@IAEXHPAUtag_RLE@1@@Z 00425500 f   cximage:ximagif.obj
 0001:000245a0       ?rle_reset_out_clear@CxImageGIF@@IAEXPAUtag_RLE@1@@Z 004255a0 f   cximage:ximagif.obj
 0001:000245d0       ?rle_flush_withtable@CxImageGIF@@IAEXHPAUtag_RLE@1@@Z 004255d0 f   cximage:ximagif.obj
 0001:000246f0       ?rle_compute_triangle_count@CxImageGIF@@IAEIII@Z 004256f0 f   cximage:ximagif.obj
 0001:00024760       ?rle_isqrt@CxImageGIF@@IAEII@Z 00425760 f   cximage:ximagif.obj
 0001:000247a0       ?rle_flush_clearorrep@CxImageGIF@@IAEXHPAUtag_RLE@1@@Z 004257a0 f   cximage:ximagif.obj
 0001:00024800       ?rle_write_block@CxImageGIF@@IAEXPAUtag_RLE@1@@Z 00425800 f   cximage:ximagif.obj
 0001:00024850       ?rle_block_out@CxImageGIF@@IAEXEPAUtag_RLE@1@@Z 00425850 f   cximage:ximagif.obj
 0001:00024890       ?rle_block_flush@CxImageGIF@@IAEXPAUtag_RLE@1@@Z 00425890 f   cximage:ximagif.obj
 0001:000248b0       ?rle_output@CxImageGIF@@IAEXHPAUtag_RLE@1@@Z 004258b0 f   cximage:ximagif.obj
 0001:00024910       ?rle_output_flush@CxImageGIF@@IAEXPAUtag_RLE@1@@Z 00425910 f   cximage:ximagif.obj
 0001:00024940       ?compressRLE@CxImageGIF@@IAEXHPAVCxFile@@@Z 00425940 f   cximage:ximagif.obj
 0001:00024a50       ?Encode@CxImageBMP@@QAE_NPAVCxFile@@@Z 00425a50 f   cximage:ximabmp.obj
 0001:00024af0       ?Decode@CxImageBMP@@QAE_NPAVCxFile@@@Z 00425af0 f   cximage:ximabmp.obj
 0001:00025440       ?DibReadBitmapInfo@CxImageBMP@@IAE_NPAVCxFile@@PAUtagBITMAPINFOHEADER@@@Z 00426440 f   cximage:ximabmp.obj
 0001:000255a0       ??0CxPoint2@@QAE@XZ        004265a0 f   cximage:ximath.obj
 0001:000255b0       ??0CxPoint2@@QAE@MM@Z      004265b0 f   cximage:ximath.obj
 0001:000255d0       ??0CxPoint2@@QAE@ABV0@@Z   004265d0 f   cximage:ximath.obj
 0001:000255f0       ?Distance@CxPoint2@@QAEMV1@@Z 004265f0 f   cximage:ximath.obj
 0001:00025610       ?Distance@CxPoint2@@QAEMMM@Z 00426610 f   cximage:ximath.obj
 0001:00025630       ??0CxRect2@@QAE@XZ         00426630 f   cximage:ximath.obj
 0001:00025650       ??0CxRect2@@QAE@MMMM@Z     00426650 f   cximage:ximath.obj
 0001:00025690       ??0CxRect2@@QAE@ABV0@@Z    00426690 f   cximage:ximath.obj
 0001:000256d0       ?Surface@CxRect2@@QBEMXZ   004266d0 f   cximage:ximath.obj
 0001:000256e0       ?CrossSection@CxRect2@@QBE?AV1@ABV1@@Z 004266e0 f   cximage:ximath.obj
 0001:000257b0       ?Center@CxRect2@@QBE?AVCxPoint2@@XZ 004267b0 f   cximage:ximath.obj
 0001:000257f0       ?Width@CxRect2@@QBEMXZ     004267f0 f   cximage:ximath.obj
 0001:00025800       ?Height@CxRect2@@QBEMXZ    00426800 f   cximage:ximath.obj
 0001:00025810       _jpeg_CreateDecompress     00426810 f   Jpeg:Jdapimin.obj
 0001:000258f0       _jpeg_destroy_decompress   004268f0 f   Jpeg:Jdapimin.obj
 0001:00025900       _jpeg_abort_decompress     00426900 f   Jpeg:Jdapimin.obj
 0001:00025910       _jpeg_read_header          00426910 f   Jpeg:Jdapimin.obj
 0001:00025980       _jpeg_consume_input        00426980 f   Jpeg:Jdapimin.obj
 0001:00025be0       _jpeg_input_complete       00426be0 f   Jpeg:Jdapimin.obj
 0001:00025c30       _jpeg_has_multiple_scans   00426c30 f   Jpeg:Jdapimin.obj
 0001:00025c80       _jpeg_finish_decompress    00426c80 f   Jpeg:Jdapimin.obj
 0001:00025d40       _jpeg_start_decompress     00426d40 f   Jpeg:Jdapistd.obj
 0001:00025ef0       _jpeg_read_scanlines       00426ef0 f   Jpeg:Jdapistd.obj
 0001:00025f90       _jpeg_read_raw_data        00426f90 f   Jpeg:Jdapistd.obj
 0001:00026050       _jpeg_start_output         00427050 f   Jpeg:Jdapistd.obj
 0001:000260c0       _jpeg_finish_output        004270c0 f   Jpeg:Jdapistd.obj
 0001:00026160       _jpeg_calc_output_dimensions 00427160 f   Jpeg:Jdmaster.obj
 0001:00026410       _jpeg_new_colormap         00427410 f   Jpeg:Jdmaster.obj
 0001:00026480       _jinit_master_decompress   00427480 f   Jpeg:Jdmaster.obj
 0001:000268b0       _jpeg_resync_to_restart    004278b0 f   Jpeg:Jdmarker.obj
 0001:00026ac0       _jinit_marker_reader       00427ac0 f   Jpeg:Jdmarker.obj
 0001:00028310       _jpeg_save_markers         00429310 f   Jpeg:Jdmarker.obj
 0001:00028680       _jpeg_set_marker_processor 00429680 f   Jpeg:Jdmarker.obj
 0001:000286d0       _jpeg_std_error            004296d0 f   Jpeg:Jerror.obj
 0001:00028890       _jpeg_CreateCompress       00429890 f   Jpeg:Jcapimin.obj
 0001:00028960       _jpeg_destroy_compress     00429960 f   Jpeg:Jcapimin.obj
 0001:00028970       _jpeg_abort_compress       00429970 f   Jpeg:Jcapimin.obj
 0001:00028980       _jpeg_suppress_tables      00429980 f   Jpeg:Jcapimin.obj
 0001:000289d0       _jpeg_finish_compress      004299d0 f   Jpeg:Jcapimin.obj
 0001:00028ae0       _jpeg_write_marker         00429ae0 f   Jpeg:Jcapimin.obj
 0001:00028b60       _jpeg_write_m_header       00429b60 f   Jpeg:Jcapimin.obj
 0001:00028bc0       _jpeg_write_m_byte         00429bc0 f   Jpeg:Jcapimin.obj
 0001:00028be0       _jpeg_write_tables         00429be0 f   Jpeg:Jcapimin.obj
 0001:00028c30       _jpeg_start_compress       00429c30 f   Jpeg:Jcapistd.obj
 0001:00028cb0       _jpeg_write_scanlines      00429cb0 f   Jpeg:Jcapistd.obj
 0001:00028d80       _jpeg_write_raw_data       00429d80 f   Jpeg:Jcapistd.obj
 0001:00028e50       _jpeg_add_quant_table      00429e50 f   Jpeg:Jcparam.obj
 0001:00028f30       _jpeg_set_linear_quality   00429f30 f   Jpeg:Jcparam.obj
 0001:00028f70       _jpeg_quality_scaling      00429f70 f   Jpeg:Jcparam.obj
 0001:00028fb0       _jpeg_set_quality          00429fb0 f   Jpeg:Jcparam.obj
 0001:00028fd0       _jpeg_set_defaults         00429fd0 f   Jpeg:Jcparam.obj
 0001:000291d0       _jpeg_default_colorspace   0042a1d0 f   Jpeg:Jcparam.obj
 0001:00029250       _jpeg_set_colorspace       0042a250 f   Jpeg:Jcparam.obj
 0001:00029550       _jpeg_simple_progression   0042a550 f   Jpeg:Jcparam.obj
 0001:00029800       _jinit_input_controller    0042a800 f   Jpeg:Jdinput.obj
 0001:00029e00       _jinit_memory_mgr          0042ae00 f   Jpeg:Jmemmgr.obj
 0001:0002aa20       _jpeg_abort                0042ba20 f   Jpeg:Jcomapi.obj
 0001:0002aa60       _jpeg_destroy              0042ba60 f   Jpeg:Jcomapi.obj
 0001:0002aa80       _jpeg_alloc_quant_table    0042ba80 f   Jpeg:Jcomapi.obj
 0001:0002aaa0       _jpeg_alloc_huff_table     0042baa0 f   Jpeg:Jcomapi.obj
 0001:0002aac0       _jdiv_round_up             0042bac0 f   Jpeg:Jutils.obj
 0001:0002aad0       _jround_up                 0042bad0 f   Jpeg:Jutils.obj
 0001:0002aaf0       _jcopy_sample_rows         0042baf0 f   Jpeg:Jutils.obj
 0001:0002ab40       _jcopy_block_row           0042bb40 f   Jpeg:Jutils.obj
 0001:0002ab70       _jzero_far                 0042bb70 f   Jpeg:Jutils.obj
 0001:0002ab90       _jinit_d_main_controller   0042bb90 f   Jpeg:Jdmainct.obj
 0001:0002b270       _jinit_d_coef_controller   0042c270 f   Jpeg:Jdcoefct.obj
 0001:0002c220       _jpeg_make_d_derived_tbl   0042d220 f   Jpeg:Jdhuff.obj
 0001:0002c500       _jpeg_fill_bit_buffer      0042d500 f   Jpeg:Jdhuff.obj
 0001:0002c620       _jpeg_huff_decode          0042d620 f   Jpeg:Jdhuff.obj
 0001:0002c710       _jinit_huff_decoder        0042d710 f   Jpeg:Jdhuff.obj
 0001:0002cd60       _jpeg_reset_huff_decode    0042dd60 f   Jpeg:Jdhuff.obj
 0001:0002cdb0       _jinit_phuff_decoder       0042ddb0 f   Jpeg:Jdphuff.obj
 0001:0002db10       _jinit_inverse_dct         0042eb10 f   Jpeg:Jddctmgr.obj
 0001:0002ddd0       _jinit_d_post_controller   0042edd0 f   Jpeg:Jdpostct.obj
 0001:0002e140       _jinit_upsampler           0042f140 f   Jpeg:Jdsample.obj
 0001:0002e8c0       _jinit_color_deconverter   0042f8c0 f   Jpeg:Jdcolor.obj
 0001:0002ef30       _jinit_merged_upsampler    0042ff30 f   Jpeg:Jdmerge.obj
 0001:0002f520       _jinit_2pass_quantizer     00430520 f   Jpeg:Jquant2.obj
 0001:00030920       _jinit_1pass_quantizer     00431920 f   Jpeg:Jquant1.obj
 0001:00031570       _jinit_marker_writer       00432570 f   Jpeg:Jcmarker.obj
 0001:00031e60       _jinit_compress_master     00432e60 f   Jpeg:Jcinit.obj
 0001:00031f20       _jpeg_get_small            00432f20 f   Jpeg:Jmemnobs.obj
 0001:00031f30       _jpeg_free_small           00432f30 f   Jpeg:Jmemnobs.obj
 0001:00031f40       _jpeg_get_large            00432f40 f   Jpeg:Jmemnobs.obj
 0001:00031f50       _jpeg_free_large           00432f50 f   Jpeg:Jmemnobs.obj
 0001:00031f60       _jpeg_mem_available        00432f60 f   Jpeg:Jmemnobs.obj
 0001:00031f70       _jpeg_open_backing_store   00432f70 f   Jpeg:Jmemnobs.obj
 0001:00031f90       _jpeg_mem_init             00432f90 f   Jpeg:Jmemnobs.obj
 0001:00031fa0       _jpeg_mem_term             00432fa0 f   Jpeg:Jmemnobs.obj
 0001:00031fb0       _jpeg_idct_islow           00432fb0 f   Jpeg:Jidctint.obj
 0001:000325a0       _jpeg_idct_ifast           004335a0 f   Jpeg:Jidctfst.obj
 0001:00032a60       _jpeg_idct_float           00433a60 f   Jpeg:Jidctflt.obj
 0001:00032ea0       _jpeg_idct_4x4             00433ea0 f   Jpeg:Jidctred.obj
 0001:00033250       _jpeg_idct_2x2             00434250 f   Jpeg:Jidctred.obj
 0001:00033480       _jpeg_idct_1x1             00434480 f   Jpeg:Jidctred.obj
 0001:000334c0       _jinit_c_main_controller   004344c0 f   Jpeg:Jcmainct.obj
 0001:00033650       _jinit_c_coef_controller   00434650 f   Jpeg:Jccoefct.obj
 0001:00033ec0       _jpeg_make_c_derived_tbl   00434ec0 f   Jpeg:Jchuff.obj
 0001:000340d0       _jpeg_gen_optimal_table    004350d0 f   Jpeg:Jchuff.obj
 0001:00034300       _jinit_huff_encoder        00435300 f   Jpeg:Jchuff.obj
 0001:00034c60       _jinit_phuff_encoder       00435c60 f   Jpeg:Jcphuff.obj
 0001:00035870       _jinit_forward_dct         00436870 f   Jpeg:Jcdctmgr.obj
 0001:00035e40       _jinit_c_prep_controller   00436e40 f   Jpeg:Jcprepct.obj
 0001:00036400       _jinit_downsampler         00437400 f   Jpeg:Jcsample.obj
 0001:00036e20       _jinit_color_converter     00437e20 f   Jpeg:Jccolor.obj
 0001:000375b0       _jinit_c_master_control    004385b0 f   Jpeg:Jcmaster.obj
 0001:00038110       _jpeg_fdct_islow           00439110 f   Jpeg:Jfdctint.obj
 0001:00038510       _jpeg_fdct_ifast           00439510 f   Jpeg:Jfdctfst.obj
 0001:00038760       _jpeg_fdct_float           00439760 f   Jpeg:Jfdctflt.obj
 0001:000389d0       ??0CBlob@@QAE@XZ           004399d0 f   cvblobslib:blob.obj
 0001:00038b1d       ??0CBlob@@QAE@ABV0@@Z      00439b1d f   cvblobslib:blob.obj
 0001:00038d36       ??0CBlob@@QAE@PBV0@@Z      00439d36 f   cvblobslib:blob.obj
 0001:00038f4f       ??1CBlob@@QAE@XZ           00439f4f f   cvblobslib:blob.obj
 0001:00038f7e       ??4CBlob@@QAEAAV0@ABV0@@Z  00439f7e f   cvblobslib:blob.obj
 0001:000391c6       ?FillBlob@CBlob@@QBEXPAU_IplImage@@UCvScalar@@HH@Z 0043a1c6 f   cvblobslib:blob.obj
 0001:0003940b       ?CopyEdges@CBlob@@QBEXAAV1@@Z 0043a40b f   cvblobslib:blob.obj
 0001:000394d8       ?ClearEdges@CBlob@@QAEXXZ  0043a4d8 f   cvblobslib:blob.obj
 0001:000394f5       ?GetConvexHull@CBlob@@QBE_NPAPAUCvSeq@@@Z 0043a4f5 f   cvblobslib:blob.obj
 0001:00039540       ?GetEllipse@CBlob@@QBE?AUCvBox2D@@XZ 0043a540 f   cvblobslib:blob.obj
 0001:000395d2       ??RCBlobGetMoment@@UBENABVCBlob@@@Z 0043a5d2 f   cvblobslib:blob.obj
 0001:00039671       ??RCBlobGetHullPerimeter@@UBENABVCBlob@@@Z 0043a671 f   cvblobslib:blob.obj
 0001:000396f4       ??RCBlobGetHullArea@@UBENABVCBlob@@@Z 0043a6f4 f   cvblobslib:blob.obj
 0001:00039775       ??RCBlobGetMinXatMinY@@UBENABVCBlob@@@Z 0043a775 f   cvblobslib:blob.obj
 0001:0003982c       ??RCBlobGetMinYatMaxX@@UBENABVCBlob@@@Z 0043a82c f   cvblobslib:blob.obj
 0001:000398e3       ??RCBlobGetMaxXatMaxY@@UBENABVCBlob@@@Z 0043a8e3 f   cvblobslib:blob.obj
 0001:0003999a       ??RCBlobGetMaxYatMinX@@UBENABVCBlob@@@Z 0043a99a f   cvblobslib:blob.obj
 0001:00039a51       ??RCBlobGetElongation@@UBENABVCBlob@@@Z 0043aa51 f   cvblobslib:blob.obj
 0001:00039b45       ??RCBlobGetCompactness@@UBENABVCBlob@@@Z 0043ab45 f   cvblobslib:blob.obj
 0001:00039ba2       ??RCBlobGetRoughness@@UBENABVCBlob@@@Z 0043aba2 f   cvblobslib:blob.obj
 0001:00039c41       ??RCBlobGetLength@@UBENABVCBlob@@@Z 0043ac41 f   cvblobslib:blob.obj
 0001:00039d14       ??RCBlobGetBreadth@@UBENABVCBlob@@@Z 0043ad14 f   cvblobslib:blob.obj
 0001:00039de7       ??RCBlobGetDistanceFromPoint@@UBENABVCBlob@@@Z 0043ade7 f   cvblobslib:blob.obj
 0001:00039e9b       ??RCBlobGetXYInside@@UBENABVCBlob@@@Z 0043ae9b f   cvblobslib:blob.obj
 0001:0003a0c0       ?cvSlice@@YA?AUCvSlice@@HH@Z 0043b0c0 f i cvblobslib:blob.obj
 0001:0003a0e0       ??0CBlobGetXCenter@@QAE@XZ 0043b0e0 f i cvblobslib:blob.obj
 0001:0003a100       ??1CBlobGetXCenter@@UAE@XZ 0043b100 f i cvblobslib:blob.obj
 0001:0003a120       ??0CBlobGetYCenter@@QAE@XZ 0043b120 f i cvblobslib:blob.obj
 0001:0003a140       ??1CBlobGetYCenter@@UAE@XZ 0043b140 f i cvblobslib:blob.obj
 0001:0003a160       ??_GCBlobGetXCenter@@UAEPAXI@Z 0043b160 f i cvblobslib:blob.obj
 0001:0003a160       ??_ECBlobGetXCenter@@UAEPAXI@Z 0043b160 f i cvblobslib:blob.obj
 0001:0003a190       ??_GCBlobGetYCenter@@UAEPAXI@Z 0043b190 f i cvblobslib:blob.obj
 0001:0003a190       ??_ECBlobGetYCenter@@UAEPAXI@Z 0043b190 f i cvblobslib:blob.obj
 0001:0003a1c0       ??0?$vector@UCvPoint@@V?$allocator@UCvPoint@@@std@@@std@@QAE@ABV?$allocator@UCvPoint@@@1@@Z 0043b1c0 f i cvblobslib:blob.obj
 0001:0003a200       ??0?$vector@UCvPoint@@V?$allocator@UCvPoint@@@std@@@std@@QAE@IABUCvPoint@@ABV?$allocator@UCvPoint@@@1@@Z 0043b200 f i cvblobslib:blob.obj
 0001:0003a270       ??1?$vector@UCvPoint@@V?$allocator@UCvPoint@@@std@@@std@@QAE@XZ 0043b270 f i cvblobslib:blob.obj
 0001:0003a2d0       ?begin@?$vector@UCvPoint@@V?$allocator@UCvPoint@@@std@@@std@@QAEPAUCvPoint@@XZ 0043b2d0 f i cvblobslib:blob.obj
 0001:0003a2f0       ?end@?$vector@UCvPoint@@V?$allocator@UCvPoint@@@std@@@std@@QAEPAUCvPoint@@XZ 0043b2f0 f i cvblobslib:blob.obj
 0001:0003a310       ?size@?$vector@UCvPoint@@V?$allocator@UCvPoint@@@std@@@std@@QBEIXZ 0043b310 f i cvblobslib:blob.obj
 0001:0003a350       ?push_back@?$vector@UCvPoint@@V?$allocator@UCvPoint@@@std@@@std@@QAEXABUCvPoint@@@Z 0043b350 f i cvblobslib:blob.obj
 0001:0003a380       ?clear@?$vector@UCvPoint@@V?$allocator@UCvPoint@@@std@@@std@@QAEXXZ 0043b380 f i cvblobslib:blob.obj
 0001:0003a3b0       ?insert@?$vector@UCvPoint@@V?$allocator@UCvPoint@@@std@@@std@@QAEPAUCvPoint@@PAU3@ABU3@@Z 0043b3b0 f i cvblobslib:blob.obj
 0001:0003a400       ?erase@?$vector@UCvPoint@@V?$allocator@UCvPoint@@@std@@@std@@QAEPAUCvPoint@@PAU3@0@Z 0043b400 f i cvblobslib:blob.obj
 0001:0003a450       ?_Destroy@?$vector@UCvPoint@@V?$allocator@UCvPoint@@@std@@@std@@IAEXPAUCvPoint@@0@Z 0043b450 f i cvblobslib:blob.obj
 0001:0003a480       ?_Ufill@?$vector@UCvPoint@@V?$allocator@UCvPoint@@@std@@@std@@IAEXPAUCvPoint@@IABU3@@Z 0043b480 f i cvblobslib:blob.obj
 0001:0003a4c0       ?allocate@?$allocator@UCvPoint@@@std@@QAEPAUCvPoint@@IPBX@Z 0043b4c0 f i cvblobslib:blob.obj
 0001:0003a4e0       ?deallocate@?$allocator@UCvPoint@@@std@@QAEXPAXI@Z 0043b4e0 f i cvblobslib:blob.obj
 0001:0003a500       ?insert@?$vector@UCvPoint@@V?$allocator@UCvPoint@@@std@@@std@@QAEXPAUCvPoint@@IABU3@@Z 0043b500 f i cvblobslib:blob.obj
 0001:0003a720       ?construct@?$allocator@UCvPoint@@@std@@QAEXPAUCvPoint@@ABU3@@Z 0043b720 f i cvblobslib:blob.obj
 0001:0003a740       ?destroy@?$allocator@UCvPoint@@@std@@QAEXPAUCvPoint@@@Z 0043b740 f i cvblobslib:blob.obj
 0001:0003a760       ?_Ucopy@?$vector@UCvPoint@@V?$allocator@UCvPoint@@@std@@@std@@IAEPAUCvPoint@@PBU3@0PAU3@@Z 0043b760 f i cvblobslib:blob.obj
 0001:0003a7a0       ?sort@std@@YAXPAUCvPoint@@0UcomparaCvPoint@CBlob@@@Z 0043b7a0 f i cvblobslib:blob.obj
 0001:0003a7d0       ?copy@std@@YAPAUCvPoint@@PAU2@00@Z 0043b7d0 f i cvblobslib:blob.obj
 0001:0003a810       ?_Allocate@std@@YAPAUCvPoint@@HPAU2@@Z 0043b810 f i cvblobslib:blob.obj
 0001:0003a840       ?fill@std@@YAXPAUCvPoint@@0ABU2@@Z 0043b840 f i cvblobslib:blob.obj
 0001:0003a870       ?copy_backward@std@@YAPAUCvPoint@@PAU2@00@Z 0043b870 f i cvblobslib:blob.obj
 0001:0003a8b0       ?_Construct@std@@YAXPAUCvPoint@@ABU2@@Z 0043b8b0 f i cvblobslib:blob.obj
 0001:0003a8f0       ??2@YAPAXIPAX@Z            0043b8f0 f i cvblobslib:blob.obj
 0001:0003a900       ?_Destroy@std@@YAXPAUCvPoint@@@Z 0043b900 f i cvblobslib:blob.obj
 0001:0003a910       ?_Val_type@std@@YAPAUCvPoint@@PBU2@@Z 0043b910 f i cvblobslib:blob.obj
 0001:0003a920       ?_Sort_0@std@@YAXPAUCvPoint@@0UcomparaCvPoint@CBlob@@0@Z 0043b920 f i cvblobslib:blob.obj
 0001:0003a9d0       ?_Insertion_sort@std@@YAXPAUCvPoint@@0UcomparaCvPoint@CBlob@@@Z 0043b9d0 f i cvblobslib:blob.obj
 0001:0003aa00       ?_Sort@std@@YAXPAUCvPoint@@0UcomparaCvPoint@CBlob@@0@Z 0043ba00 f i cvblobslib:blob.obj
 0001:0003ab10       ?_Unguarded_insert@std@@YAXPAUCvPoint@@U2@UcomparaCvPoint@CBlob@@@Z 0043bb10 f i cvblobslib:blob.obj
 0001:0003ab80       ?_Insertion_sort_1@std@@YAXPAUCvPoint@@0UcomparaCvPoint@CBlob@@0@Z 0043bb80 f i cvblobslib:blob.obj
 0001:0003ac30       ?_Median@std@@YA?AUCvPoint@@U2@00UcomparaCvPoint@CBlob@@@Z 0043bc30 f i cvblobslib:blob.obj
 0001:0003ad60       ?_Unguarded_partition@std@@YAPAUCvPoint@@PAU2@0U2@UcomparaCvPoint@CBlob@@@Z 0043bd60 f i cvblobslib:blob.obj
 0001:0003adf0       ?iter_swap@std@@YAXPAUCvPoint@@0@Z 0043bdf0 f i cvblobslib:blob.obj
 0001:0003ae20       ?_Iter_swap@std@@YAXPAUCvPoint@@00@Z 0043be20 f i cvblobslib:blob.obj
 0001:0003ae60       ?Area@CBlob@@QBENXZ        0043be60 f i cvblobslib:blob.obj
 0001:0003ae80       ?Perimeter@CBlob@@QBENXZ   0043be80 f i cvblobslib:blob.obj
 0001:0003aea0       ?MinY@CBlob@@QBENXZ        0043bea0 f i cvblobslib:blob.obj
 0001:0003aec0       ?MaxX@CBlob@@QBENXZ        0043bec0 f i cvblobslib:blob.obj
 0001:0003aee0       ?MaxY@CBlob@@QBENXZ        0043bee0 f i cvblobslib:blob.obj
 0001:0003af00       ?Edges@CBlob@@QBEPAUCvSeq@@XZ 0043bf00 f i cvblobslib:blob.obj
 0001:0003af20       ?SumX@CBlob@@QBENXZ        0043bf20 f i cvblobslib:blob.obj
 0001:0003af40       ?SumY@CBlob@@QBENXZ        0043bf40 f i cvblobslib:blob.obj
 0001:0003af60       ?SumXX@CBlob@@QBENXZ       0043bf60 f i cvblobslib:blob.obj
 0001:0003af80       ?SumYY@CBlob@@QBENXZ       0043bf80 f i cvblobslib:blob.obj
 0001:0003afa0       ??RcomparaCvPoint@CBlob@@QAE_NUCvPoint@@0@Z 0043bfa0 f i cvblobslib:blob.obj
 0001:0003afd0       ??1COperadorBlob@@UAE@XZ   0043bfd0 f i cvblobslib:blob.obj
 0001:0003aff0       ??0COperadorBlob@@QAE@XZ   0043bff0 f i cvblobslib:blob.obj
 0001:0003b010       ??0CBlobGetHullPerimeter@@QAE@XZ 0043c010 f i cvblobslib:blob.obj
 0001:0003b030       ?GetNom@CBlobGetHullPerimeter@@UBEPBDXZ 0043c030 f i cvblobslib:blob.obj
 0001:0003b040       ??1CBlobGetHullPerimeter@@UAE@XZ 0043c040 f i cvblobslib:blob.obj
 0001:0003b060       ??_GCBlobGetHullPerimeter@@UAEPAXI@Z 0043c060 f i cvblobslib:blob.obj
 0001:0003b060       ??_ECBlobGetHullPerimeter@@UAEPAXI@Z 0043c060 f i cvblobslib:blob.obj
 0001:0003b090       ??RCBlobGetXCenter@@UBENABVCBlob@@@Z 0043c090 f i cvblobslib:blob.obj
 0001:0003b0d0       ?MinX@CBlob@@QBENXZ        0043c0d0 f i cvblobslib:blob.obj
 0001:0003b0f0       ?GetNom@CBlobGetXCenter@@UBEPBDXZ 0043c0f0 f i cvblobslib:blob.obj
 0001:0003b100       ??RCBlobGetYCenter@@UBENABVCBlob@@@Z 0043c100 f i cvblobslib:blob.obj
 0001:0003b140       ?GetNom@CBlobGetYCenter@@UBEPBDXZ 0043c140 f i cvblobslib:blob.obj
 0001:0003b150       ??0CBlobResult@@QAE@XZ     0043c150 f   cvblobslib:BlobResult.obj
 0001:0003b1d9       ??0CBlobResult@@QAE@PAU_IplImage@@0H_N@Z 0043c1d9 f   cvblobslib:BlobResult.obj
 0001:0003b29d       ??0CBlobResult@@QAE@ABV0@@Z 0043c29d f   cvblobslib:BlobResult.obj
 0001:0003b40a       ??1CBlobResult@@UAE@XZ     0043c40a f   cvblobslib:BlobResult.obj
 0001:0003b45e       ??4CBlobResult@@QAEAAV0@ABV0@@Z 0043c45e f   cvblobslib:BlobResult.obj
 0001:0003b5d7       ??HCBlobResult@@QAE?AV0@ABV0@@Z 0043c5d7 f   cvblobslib:BlobResult.obj
 0001:0003b6f0       ?AddBlob@CBlobResult@@QAEXPAVCBlob@@@Z 0043c6f0 f   cvblobslib:BlobResult.obj
 0001:0003b77b       ?GetSTLResult@CBlobResult@@QBE?AV?$vector@NV?$allocator@N@std@@@std@@PAVCOperadorBlob@@@Z 0043c77b f   cvblobslib:BlobResult.obj
 0001:0003b87e       ?GetNumber@CBlobResult@@QBENHPAVCOperadorBlob@@@Z 0043c87e f   cvblobslib:BlobResult.obj
 0001:0003b8c8       ?Filter@CBlobResult@@QAEXAAV1@HPAVCOperadorBlob@@HNN@Z 0043c8c8 f   cvblobslib:BlobResult.obj
 0001:0003c26e       ?GetBlob@CBlobResult@@QBE?AVCBlob@@H@Z 0043d26e f   cvblobslib:BlobResult.obj
 0001:0003c2ca       ?GetBlob@CBlobResult@@QAEPAVCBlob@@H@Z 0043d2ca f   cvblobslib:BlobResult.obj
 0001:0003c308       ?GetNthBlob@CBlobResult@@QBEXPAVCOperadorBlob@@HAAVCBlob@@@Z 0043d308 f   cvblobslib:BlobResult.obj
 0001:0003c589       ?ClearBlobs@CBlobResult@@QAEXXZ 0043d589 f   cvblobslib:BlobResult.obj
 0001:0003c5f4       ?RaiseError@CBlobResult@@ABEXH@Z 0043d5f4 f   cvblobslib:BlobResult.obj
 0001:0003c617       ?PrintBlobs@CBlobResult@@QBEXPAD@Z 0043d617 f   cvblobslib:BlobResult.obj
 0001:0003cc70       ??_ECBlobResult@@UAEPAXI@Z 0043dc70 f i cvblobslib:BlobResult.obj
 0001:0003cc70       ??_GCBlobResult@@UAEPAXI@Z 0043dc70 f i cvblobslib:BlobResult.obj
 0001:0003cca0       ??_GCBlob@@QAEPAXI@Z       0043dca0 f i cvblobslib:BlobResult.obj
 0001:0003ccd0       ??0CBlobGetArea@@QAE@XZ    0043dcd0 f i cvblobslib:BlobResult.obj
 0001:0003ccf0       ??0CBlobGetPerimeter@@QAE@XZ 0043dcf0 f i cvblobslib:BlobResult.obj
 0001:0003cd10       ??1CBlobGetPerimeter@@UAE@XZ 0043dd10 f i cvblobslib:BlobResult.obj
 0001:0003cd30       ??0CBlobGetExterior@@QAE@XZ 0043dd30 f i cvblobslib:BlobResult.obj
 0001:0003cd50       ??1CBlobGetExterior@@UAE@XZ 0043dd50 f i cvblobslib:BlobResult.obj
 0001:0003cd70       ??0CBlobGetMean@@QAE@XZ    0043dd70 f i cvblobslib:BlobResult.obj
 0001:0003cd90       ??0CBlobGetCompactness@@QAE@XZ 0043dd90 f i cvblobslib:BlobResult.obj
 0001:0003cdb0       ??1CBlobGetCompactness@@UAE@XZ 0043ddb0 f i cvblobslib:BlobResult.obj
 0001:0003cdd0       ??0CBlobGetLength@@QAE@XZ  0043ddd0 f i cvblobslib:BlobResult.obj
 0001:0003cdf0       ??1CBlobGetLength@@UAE@XZ  0043ddf0 f i cvblobslib:BlobResult.obj
 0001:0003ce10       ??0CBlobGetExternPerimeter@@QAE@XZ 0043de10 f i cvblobslib:BlobResult.obj
 0001:0003ce30       ??1CBlobGetExternPerimeter@@UAE@XZ 0043de30 f i cvblobslib:BlobResult.obj
 0001:0003ce50       ??_GCBlobGetPerimeter@@UAEPAXI@Z 0043de50 f i cvblobslib:BlobResult.obj
 0001:0003ce50       ??_ECBlobGetPerimeter@@UAEPAXI@Z 0043de50 f i cvblobslib:BlobResult.obj
 0001:0003ce80       ??_GCBlobGetExterior@@UAEPAXI@Z 0043de80 f i cvblobslib:BlobResult.obj
 0001:0003ce80       ??_ECBlobGetExterior@@UAEPAXI@Z 0043de80 f i cvblobslib:BlobResult.obj
 0001:0003ceb0       ??_ECBlobGetCompactness@@UAEPAXI@Z 0043deb0 f i cvblobslib:BlobResult.obj
 0001:0003ceb0       ??_GCBlobGetCompactness@@UAEPAXI@Z 0043deb0 f i cvblobslib:BlobResult.obj
 0001:0003cee0       ??_ECBlobGetLength@@UAEPAXI@Z 0043dee0 f i cvblobslib:BlobResult.obj
 0001:0003cee0       ??_GCBlobGetLength@@UAEPAXI@Z 0043dee0 f i cvblobslib:BlobResult.obj
 0001:0003cf10       ??_GCBlobGetExternPerimeter@@UAEPAXI@Z 0043df10 f i cvblobslib:BlobResult.obj
 0001:0003cf10       ??_ECBlobGetExternPerimeter@@UAEPAXI@Z 0043df10 f i cvblobslib:BlobResult.obj
 0001:0003cf40       ??0?$vector@PAVCBlob@@V?$allocator@PAVCBlob@@@std@@@std@@QAE@ABV?$allocator@PAVCBlob@@@1@@Z 0043df40 f i cvblobslib:BlobResult.obj
 0001:0003cf80       ??0?$vector@PAVCBlob@@V?$allocator@PAVCBlob@@@std@@@std@@QAE@IABQAVCBlob@@ABV?$allocator@PAVCBlob@@@1@@Z 0043df80 f i cvblobslib:BlobResult.obj
 0001:0003cff0       ??1?$vector@PAVCBlob@@V?$allocator@PAVCBlob@@@std@@@std@@QAE@XZ 0043dff0 f i cvblobslib:BlobResult.obj
 0001:0003d050       ??4?$vector@PAVCBlob@@V?$allocator@PAVCBlob@@@std@@@std@@QAEAAV01@ABV01@@Z 0043e050 f i cvblobslib:BlobResult.obj
 0001:0003d1e0       ?begin@?$vector@PAVCBlob@@V?$allocator@PAVCBlob@@@std@@@std@@QAEPAPAVCBlob@@XZ 0043e1e0 f i cvblobslib:BlobResult.obj
[...]
 0001:0002ad10       _start_pass_main           0042bd10 f   Jpeg:Jdmainct.obj
 0001:0002ad90       _make_funny_pointers       0042bd90 f   Jpeg:Jdmainct.obj
 0001:0002aee0       _process_data_simple_main  0042bee0 f   Jpeg:Jdmainct.obj
 0001:0002af50       _process_data_context_main 0042bf50 f   Jpeg:Jdmainct.obj
 0001:0002b090       _set_wraparound_pointers   0042c090 f   Jpeg:Jdmainct.obj
 0001:0002b1a0       _set_bottom_pointers       0042c1a0 f   Jpeg:Jdmainct.obj
 0001:0002b240       _process_data_crank_post   0042c240 f   Jpeg:Jdmainct.obj
 0001:00029f40       _alloc_small               0042af40 f   Jpeg:Jmemmgr.obj
 0001:0002a070       _out_of_memory             0042b070 f   Jpeg:Jmemmgr.obj
 0001:0002a090       _alloc_large               0042b090 f   Jpeg:Jmemmgr.obj
 0001:0002a140       _alloc_sarray              0042b140 f   Jpeg:Jmemmgr.obj
 0001:0002a1f0       _alloc_barray              0042b1f0 f   Jpeg:Jmemmgr.obj
 0001:0002a2a0       _request_virt_sarray       0042b2a0 f   Jpeg:Jmemmgr.obj
 0001:0002a310       _request_virt_barray       0042b310 f   Jpeg:Jmemmgr.obj
 0001:0002a380       _realize_virt_arrays       0042b380 f   Jpeg:Jmemmgr.obj
 0001:0002a500       _access_virt_sarray        0042b500 f   Jpeg:Jmemmgr.obj
 0001:0002a650       _do_sarray_io              0042b650 f   Jpeg:Jmemmgr.obj
 0001:0002a6f0       _access_virt_barray        0042b6f0 f   Jpeg:Jmemmgr.obj
 0001:0002a840       _do_barray_io              0042b840 f   Jpeg:Jmemmgr.obj
 0001:0002a8e0       _free_pool                 0042b8e0 f   Jpeg:Jmemmgr.obj
 0001:0002a9e0       _self_destruct             0042b9e0 f   Jpeg:Jmemmgr.obj
 0001:00029850       _start_input_pass          0042a850 f   Jpeg:Jdinput.obj
 0001:00029890       _per_scan_setup            0042a890 f   Jpeg:Jdinput.obj
 0001:00029a40       _latch_quant_tables        0042aa40 f   Jpeg:Jdinput.obj
 0001:00029af0       _finish_input_pass         0042aaf0 f   Jpeg:Jdinput.obj
 0001:00029b10       _consume_markers           0042ab10 f   Jpeg:Jdinput.obj
 0001:00029bd0       _initial_setup             0042abd0 f   Jpeg:Jdinput.obj
 0001:00029dc0       _reset_input_controller    0042adc0 f   Jpeg:Jdinput.obj
 0001:000290d0       _std_huff_tables           0042a0d0 f   Jpeg:Jcparam.obj
 0001:00029130       _add_huff_table            0042a130 f   Jpeg:Jcparam.obj
 0001:00029700       _fill_a_scan               0042a700 f   Jpeg:Jcparam.obj
 0001:00029740       _fill_scans                0042a740 f   Jpeg:Jcparam.obj
 0001:00029790       _fill_dc_scans             0042a790 f   Jpeg:Jcparam.obj
 0001:00028720       _error_exit                00429720 f   Jpeg:Jerror.obj
 0001:00028740       _output_message            00429740 f   Jpeg:Jerror.obj
 0001:00028780       _emit_message              00429780 f   Jpeg:Jerror.obj
 0001:000287c0       _format_message            004297c0 f   Jpeg:Jerror.obj
 0001:00028870       _reset_error_mgr           00429870 f   Jpeg:Jerror.obj
 0001:000269b0       _next_marker               004279b0 f   Jpeg:Jdmarker.obj
 0001:00026b30       _get_interesting_appn      00427b30 f   Jpeg:Jdmarker.obj
 0001:00026c70       _examine_app0              00427c70 f   Jpeg:Jdmarker.obj
 0001:00026f00       _examine_app14             00427f00 f   Jpeg:Jdmarker.obj
 0001:00026fe0       _skip_variable             00427fe0 f   Jpeg:Jdmarker.obj
 0001:00027080       _read_markers              00428080 f   Jpeg:Jdmarker.obj
 0001:000273c0       _get_soi                   004283c0 f   Jpeg:Jdmarker.obj
 0001:00027480       _get_sof                   00428480 f   Jpeg:Jdmarker.obj
 0001:000277b0       _get_sos                   004287b0 f   Jpeg:Jdmarker.obj
 0001:00027ac0       _get_dht                   00428ac0 f   Jpeg:Jdmarker.obj
 0001:00027e30       _get_dqt                   00428e30 f   Jpeg:Jdmarker.obj
 0001:000280c0       _get_dri                   004290c0 f   Jpeg:Jdmarker.obj
 0001:000281b0       _first_marker              004291b0 f   Jpeg:Jdmarker.obj
 0001:00028250       _read_restart_marker       00429250 f   Jpeg:Jdmarker.obj
 0001:000282e0       _reset_marker_reader       004292e0 f   Jpeg:Jdmarker.obj
 0001:000283f0       _save_marker               004293f0 f   Jpeg:Jdmarker.obj
 0001:00026380       _use_merged_upsample       00427380 f   Jpeg:Jdmaster.obj
 0001:000264c0       _master_selection          004274c0 f   Jpeg:Jdmaster.obj
 0001:000266a0       _prepare_range_limit_table 004276a0 f   Jpeg:Jdmaster.obj
 0001:00026720       _prepare_for_output_pass   00427720 f   Jpeg:Jdmaster.obj
 0001:00026880       _finish_output_pass        00427880 f   Jpeg:Jdmaster.obj
 0001:00025e20       _output_pass_setup         00426e20 f   Jpeg:Jdapistd.obj
 0001:00025a40       _default_decompress_parms  00426a40 f   Jpeg:Jdapimin.obj
 0001:00042709       _$E373                     00443709 f   mfcs42:appmodul.obj
 0001:0004270e       _$E372                     0044370e f   mfcs42:appmodul.obj
 0001:000421b4       ?ArrayUnwindFilter@@YAHPAU_EXCEPTION_POINTERS@@@Z 004431b4 f   msvcrt:ehvecdtr.obj

FIXUPS: 436e1 29 c fffffe3f fffffe36 19 f 33 6a 1b fffffe50 d ffffff62
FIXUPS: 43237 ffffff1a 45 30 ffff8827 85 22 25 15 14 15 4a 8c 1e 19 46
FIXUPS: 3bc6b 2f 4f 2f 77 2e 25 16 11 212 30 20 13 1f b b 5a b b 75b6 ffff7d99
FIXUPS: 3b4ad 21 1e 39 d 13 14 1a 17 1d 16 1f 17 4e 25 14 42 1f 1a 3b 1c
FIXUPS: 3b78f 19 15 6b 95 84 18 1a 45 20 8d97 8 b 8 9 b 8 b ffff693a 20
FIXUPS: 3b12b 20 20 13 1d 13 6d 1d 51 1f b7 9 23 9 9 20 1d 8 2f a e d fffff904
FIXUPS: 3ad5e 10 19 29 5a f 49 12 f 3d c 1d 15 6 1d 17 1f 1d a 21 14 9
FIXUPS: 3afc2 b b 12 3d 1d 35 20 96cb ffff61da 1f 11 4d 6 1d 17 1f 11 39
FIXUPS: 3aa70 b e 14 2f 86 1c b e 3d 2f 15 22 24 b e 24 10 19 29 44 b fffff933
FIXUPS: 3a67e c 14 6 12 1c b d 17 c 14 6 12 1a b d 2b 6 1d 17 1f 11 4d
FIXUPS: 3a853 1d 17 1f 11 4d 6 1d fffff878 17 75 1f b b 14 1f 2b 9 6 b
FIXUPS: 3a2e3 12 af 42 f 30 f 6 35 1f 14 12 17 1f 3e 4d 7a 1c 1c 1c fffff6a6
FIXUPS: 39cfd 12 17 33 e f1 21 1a 6 16 1d 17 1f 14 12 17 22 12 2b 11 a
FIXUPS: 39fda 2a e f8 6 16 1d 17 1f 14 4e6c 26 2c 16 65 d 15 5d 7d 37 63
FIXUPS: 3f2ae 5a 15 1b 2c 3c 2b 32 8e 53 ffffa607 21 3a e f1 21 1a 6 16
FIXUPS: 39cb3 17 4bc0 1d 16 1f 17 4e 25 14 42 1f 1a 4d 3d 3e 21 1e f6 3d
FIXUPS: 3ec6d 21 1e 24 1c 24 1c 1c d 1d 126 30 25 50 fffff65e a 13 9 6
FIXUPS: 3e5e0 8 1c a c a 19 6 12 d 8 2a 1f a 9 15 9 9 6e 62 1d 8 43 d 13
FIXUPS: 3e859 1a fffff923 15 9 9 ae 11 e 9 a d 9 f 59 20 24 9 29 a e d
FIXUPS: 3e3db 9 9 6e 1d 4f 9 15 9 9 42 1f fffff916 1d 13 1d 13 1d 13 1d
FIXUPS: 3df2e 6d 1d 51 1f 43 a 13 9 6 19 8 1c a c a 19 6 12 d 8 2a 1f a
FIXUPS: 44a09 c c c c c c c c c c c c c b ffff91cb 13 1d 13 1d 20 20 20
FIXUPS: 3dd5b 20 20 20 20 20 20 20 20 6a47 16 9 b 8 9 a b b b e e e e c
FIXUPS: 44957 9 9 c c c b 8 9 9 9 c c 9 9 c c ffff9187 16 13 13 3b c f
FIXUPS: 3dc25 c c c f 6b6f 9 b b b b 9 9 a c b b 8 a c 8 a 18 b 9 ffff902c
FIXUPS: 3d8d1 f b 21 13 25 f f b 21 13 28 f f b 21 13 28 f f b 21 13 25
FIXUPS: 3dadf f 32 18 13 13 13 fffffa59 22 21 39 16 13 13 16 16 13 13 f
FIXUPS: 3d704 13 25 f f b 21 13 25 f f b 21 13 25 f f b 21 13 fffffa17
FIXUPS: 3d2db 12 f 3d 10 28 12 14 16 1a 25 f 2d c 25 f f 9 9 9 6 f 13 16
FIXUPS: 3d50f 25 f 23 f 24 e fffff679 1f 9 34 8f 1f 9 34 8e 25 c 34 92
FIXUPS: 3cf11 c 40 a1 25 c 40 a1 25 c 40 22 4a 2f f f 4e 12 f fffff471
FIXUPS: 3c739 2e 3d 10 2f 9 f e e 3b 15 28 12 f 44 12 13 1a 18 25 c 8 e
FIXUPS: 3ca4c 1f 9 34 8e 1f 9 34 fffff7d4 b e e f 1e 80 12 52 14 1b 19
FIXUPS: 3c4fd 9 1f f b e e f 21 7a 1a a b b b e 18 1e 35 15 613e 1b 1b
FIXUPS: 42864 254 72 8 1f96 e e e e c ffffe15f 24 d 1c ffff94c1 1c 1c c
FIXUPS: 3c209 32 41 4a 27 9 1c c 17 9 1c 51a8 39 56 b0 24 40 8 1b 3e f1
FIXUPS: 418e4 d1 b4 39 45 39 85 d1 cf 48 2bd 4e ad 2d5 48 39 18b ac 76
FIXUPS: 4275d 4b 21 ffffe04c 3f 34 28 48 28 cd 6f 24 40 8 1b 3f 34 28 48
FIXUPS: 40bee da 24 40 8 1b 3f e0 e4 d1 b4 39 45 138 f0 d1 fffe551d 69
FIXUPS: 26d2b 187fd 178 39 238 26 15 380 28 73 24 40 e 13 21 3c 2a9 7b
FIXUPS: 401bf 2f7 2b b1 4f 28 4a cc 6f 24 40 8 fffe69dd e 24 e c6 1d 55
FIXUPS: 274a8 27 6 b 75 1c 1e a 6 d 9 2d 7 29 11 fffff72d 9a 2b 295 fffff7e0
FIXUPS: 268d1 6 1f 10 3b 3da6 f f3 fffff477 16 fffffc93 5d 10 153 14a fffffb1a
FIXUPS: 27978 1ad 10b f 45e 12 35 1b 43 1c 1c 1c 8a 18 b62 174 353 3d2
FIXUPS: 29642 ffffdb63 e 2cf7 a0 f 5d 10 58 6 9d 24 14 14 14 23 a3 c c
FIXUPS: 2a20b c 3f0 10 10 13 10 10 e 10 10 13 11 f f 12 adf 87 31 5b 70
FIXUPS: 2b3f1 59 17 5d 17 98 28 59 173 28 5e 1a2 39 2c 12 d ffffee4a 6
FIXUPS: 2a938 19 245 2b 143 19 17 17 33 2c52 2a 93 59 32 87 59 32 156 ffffe562
FIXUPS: 2c2f3 9d 8c 98 19b 234 5b7 ffffedbc 167 2af 4e ffffedb5 c f 135
FIXUPS: 2afec 16 d 9c 43 11 90 4844 35e fffff5d4 248 109 fffff7cc fffff20a
FIXUPS: 2e042 90 a5 59 2a 1a2 8c 59 3a 9a a0 58 c5 91 60 5a 96 d5 85 ffffebf4
FIXUPS: 2d68e 13d e ef af 403a 2a af 258 19 12e 1c 3d 10 6d 25f 26a ffffe279
FIXUPS: 307c0 10 24 124 b3 1e 5a6 138 54 a 11 4c4 7 be 7 ffffe8c8 1d 12e
FIXUPS: 2f99e 3144 3b 47 11 11 c 29 12 5f 21 7 14 1c 38 8 d 1d 11 d 21
FIXUPS: 32d6e 1f d 18 19 23 14 2b 11 17 ffffeb45 6 e0c 20 8 8 8 8 8 8 8
FIXUPS: 3280f 8 18 d d 35 86 1d 17 13 6f 13 e 24 10 3f e 34 a a a 18 12
FIXUPS: 32e7c 6 8 9 2d 7 28 8 6 fffff6fd a 18 b 5a d 1d 28 1a 13 1c 8 8
FIXUPS: 32734 8 8 8 f 12 f 10 10 8 2fa8 91 28 72 22 28 4a 60 dc 186 1b
FIXUPS: 35c08 1b ffffea80 11 81 1c2 8e d1 138 8e 9a 1d8 ffffef0c 1d 1c
FIXUPS: 33ded 1e 1e 1c 1a fffff00a 33f9 67 84 31 42 8 47 8f 2f a2 a7 f
FIXUPS: 36630 39 f 21 8 54 7a 6 30 75 17 ffffec1f e a0 62 d4 18 49 6c 13
FIXUPS: 38ce5 254 19 ffffe724 15a 1c 3f b2 e3 2ed fffff1e1 15a b1 4a d3
FIXUPS: 37239 fffffbc0 ffffefd6 8f 98 f 105 27 ac 1a 10 1f 25 60 55 12
FIXUPS: 3622a fffd72e9 5a 1e 29 57 1a 4f 37c 1a c 6d be 19 c 72 fffff134
FIXUPS: 44044 a fffc8e3b 116 2b645 13 1c5 1a 17 17 27 3fb 6 3f 6 6e fffd780f
FIXUPS: 440a7 a fffc9c39 91 6f 50 67 30 fffff1f9 9 1c d1 17 2a 8 17 2a
FIXUPS: d252 d 8 8 1d 22 8 ed 13 e7 22 d 23 11 1f83 11 12 73 1e6 190 155
FIXUPS: fb20 60 1a3 1e 36 2d 71 34272 a fffcbdef 69 10 14d f2 1a af 3d
FIXUPS: 102e6 40 36 36 23 32 6a 27 ffffe2ec b6 35 2a 40 b6 31 f 1b 9 9
FIXUPS: e9e8 30 3564f a fffca9f8 31f 1e 6b 20 38 1c d d4 7 1c6 19 1df 18
FIXUPS: f3c7 18 61 21d9 21 ea 1d76 12e ffffab18 24 3a 48 46 c 2f c 12 a3
FIXUPS: e2fb 4a 25 c4 1e 27 b e a9 d 12 ee 58 b e 94 d 2525 17 43 a 3c
FIXUPS: 10d79 1b 7a 12 42 1ff 77 74 6c b 9 37 121 56 24 11 b d 1b 18 14
FIXUPS: 11458 2e 24 68 13 bf 39fc 10 3e 1a 18 14 13 17 13 39 1b 38 14 13
FIXUPS: 15186 20 44 2f0ed b b b b b a fffcc681 d 48 34 1f 37 d 80 33779
FIXUPS: 14c5b 19 13 2f60d a fffd0a47 2f5cf a fffd0a8d 32 19 a 10 1c 2c
FIXUPS: 14e04 18 d 13 17 27 e 38 d 13 22 2f 55 1d 11 10 fffff855 c f b
FIXUPS: 14856 26 2f9b8 a fffd066f 18 e 12 38 c 63 7a a8 19 13 2f77a a fffd08d2
FIXUPS: 14b3d 23 d 23 d 3b 13 15 11 2f663 fffd017b 18 14 1b 13 39 1b 3a
FIXUPS: 144eb 26 10 44 2fc62 b b a fffd03cd d 16 58 2fbc5 a fffd048d 20
FIXUPS: 146db 22 21 d 3e 2faae a fffd05e7 fffff297 306c5 a fffcf984 279
FIXUPS: 14037 d d 30 b 12 b b5 67 2ffbf a fffd00da 11 11 f b 17 26 2fec3
FIXUPS: 441ae fffd016d 1e 1d 11 20 10 3e 193c f 1a c 1c 2e605 a fffcf2bf
FIXUPS: 440c4 a fffcf5e2 30a34 a fffcf642 309d4 a fffcf685 1f 7a 78 d 30
FIXUPS: 138ec 12 b 1d 6a 30794 a fffcf8e2 30734 a fffd141c 5f 18 38 59
FIXUPS: 1567f 57 17 dd 2b 1b 10 42 17 10b 30 1c 2e957 a fffd1864 10 20
FIXUPS: 15c0a 1a c 1c 2e6fb a fffd1930 25 10 20 1ca 53 1a1 1f5 15 71 15
FIXUPS: 16480 d1 b 39 b 6d b 3a b 524 4e d1 1b 7a 10 20 45 1a c 1c 2d59b
FIXUPS: 44391 fffd107b ce 40 80c2 10 4f 1c 26fa0 a fffd90ea 12 15 7 13
FIXUPS: 1d738 a 9 20 c d 1d 20 22 13 f 67 8e 133 ec 5f 21 1c 26a62 a fffd17f3
FIXUPS: 1cf25 16b 1c 2750b a fffd8b67 61 14 20 85 c c 1c 19 1c 2732c a
FIXUPS: 1d320 10 20 62 f 38 80 a6 13 1d 17 40 12 9 10 fffff45b 1c 27b2f
FIXUPS: 44581 fffd8543 10 20 9b 75 e 15 b 16 e 7 b d c d c 3d 1c 278a4
FIXUPS: 445a1 fffd8820 14 20 28 a 50 5f 12 fffff467 1c 281cc a fffd7f6b
FIXUPS: 1c4c1 27 11 1c 11 18 1b 9 1b 22 51 20 3d 1c 27eee a fffd8138 125
FIXUPS: 1c7d2 13 a 84 10 e5 11 9 20 fffff34c 30 3d 13 5b 13 58 c 39 c 39
FIXUPS: 1bec7 36 23 36 d 36 d 36 d 32 e1 37 7a 18 22 18 4d 3e 48 52 1f
FIXUPS: 1b446 55 6a 51 b2 18 22 18 56 9 50 4b 55 6a 51 b5 18 22 19 42 9
FIXUPS: 1b9f6 51 47 4c 4a ab 1f 29 17 55 2e fffff183 1c 296b7 b b a fffd698c
FIXUPS: 1aebd 11 19 9 20 12 a dc 66 70 18 22 1a 43 d 47 45 46 a8 18 22
FIXUPS: 1b34c 56 9 53 fffff78b 7 b 10 2e 11 1f 44 15 17 7 8 a 9 20 11 a
FIXUPS: 1acfb c 1c 3e 15 17 7 8 a 9 20 e a 25 c fffff7e7 e a 32 21 b 19
FIXUPS: 1a6a7 15 1c 5c e 15 14 12 5e d6 49 cd 45 1c c 1c 29a97 a fffd65f3
FIXUPS: 1aafc 1a c 26 1e 16 fffff4e5 43 22 2a3e1 a fffd5c9c 2e 11 7 13
FIXUPS: 1a1b2 a 9 20 24 d 38 68 e 4e e2 e cd e 46 1c 29f88 a fffd60e6 15
FIXUPS: 1a5e8 e fffff371 13 10 13 10 13 10 1d4 1d 19 2c 9d 5f 46 3a 38
FIXUPS: 19e70 d e 1e 26 c c 9e 1a 10 11 35 14 2f 10 a fffff148 44 12 b
FIXUPS: 1920b 7 d 10 4b 1c 2b1f1 a fffd4e97 31 14 7 16 c d c 26 69 c 1a
FIXUPS: 1955f 67 83 21a a 5e 55 37 fffff3c4 2a 14 7 8 14 c d 7 10 35 53
FIXUPS: 18e3d 16 99 134 9 19 67 22 2b39c a fffd4cb1 d 10 11 7 8 11 c a
FIXUPS: 1918d fffff549 32 19 1f 1f 1a 24 1a 1d 1f 23 9e 26 1d 9 1c c 26
FIXUPS: 1896b 9 1c c 26 1d 9 1c 1b 9 2c 20b 25 76 fffff4ea 2c 2a 20 22
FIXUPS: 1829d 11b 15 7 8 11 c a 7 d 9 87 15 16 15 d 13 b2 15 d 13 d 13
FIXUPS: 18667 1c 2bdc4 a fffd36a5 7 d 13 e 1a e3 2e c 98 13 b6 10 74 c
FIXUPS: 17eaf 1c 2c55c a fffd3ae3 3f d f 3e f 20 9d 14 3c a4 18 d fffff4a7
FIXUPS: 17640 8 11 c a 7 d 14 f 32 f3 2a c 88 15 9d c 6b c 64 1c 2c9c9
FIXUPS: 44411 fffd3681 d 10 11 7 8 11 c fffff643 18 1a 26 13 d d e e b4
FIXUPS: 172a6 2d101 b a fffd2f54 1b 31 67 8 2cffa c fffd305b 1b 8d c b8
FIXUPS: 175a0 2ce45 c fffd3215 d 11 87bb 51 9c 9 66 12 2c 35 f 9c 69 41
FIXUPS: 20144 b 39 5b0 36 20 89 ffff6756 9b 1f 15 17 20 10 a a b b 1f 32
FIXUPS: 1f808 15a 70 f 15 15 15 5d 9 47 12 68 12 24 d 10 d 4d 8 37 8 38
FIXUPS: 1fc7b 34 8 4d 8 31 8 5d 8 2d fffff018 c 2b 66 80 30 1b e 1a 11f
FIXUPS: 1f103 d7 41 41 b 26 23 53 27 c 2b 70 1c 143 d4 24 21 24 67 66 5d
FIXUPS: 1f7a2 ffffeba2 17 5d 17 5d 17 5d 17 5d 17 5d 17 5d 17 5d 17 5d
FIXUPS: 1e6fb 5a 17 74 3a 1b 11 36e dd 41 41 b 26 23 61 2b9f 22d2d a fffd9578
FIXUPS: 1dd69 21 27 2b 9e c 4c 57 20 10 2d 32 16 36 2b 63 13 10 65 27 c
FIXUPS: 1e175 66 17 61 20 5d 17 337d 4e 1c d d 37 c 14 14 12 c 19 a 12
FIXUPS: 217b2 10 11 e 15 33 16 b a c 53 10 17 1f c 1e 1e 16 fffff565 8
FIXUPS: 20f03 41 8 31 17 14 10 31 46 b b d 39 f4 7 c 3e 25 21 24 37 10
FIXUPS: 44674 a fffdcc27 2a6 29 5d 2c 3c 15f4 4e ffffde3c 62 6 18 23afd
FIXUPS: 4463e fffdc531 21 33 23a92 c fffdc5da 14 24 2c 13 2b 4e 26 f 17
FIXUPS: 20d9a 1a 15 13 24 1e c 14 28 15a6 14 5 43 5 52 79 3c 14 11 14 5
FIXUPS: 225d7 14 5 14 5 d1 14 5 20 1f 5 b7 22 22c 1d 26 f 33 20 13c 2e0d
FIXUPS: 25a36 ffffbf79 88 167 5d 48 308 1d 24 23 117 23 7e f d 2a 9b 31
FIXUPS: 222b4 5 51 5 56 14 14 5 12 5 36 5 14 30fb 3e 1a 2a 1d 2b 8 5b 15
FIXUPS: 2564c 8 d 27 19 a 24 a 3d 9d 11 8 9 15 93 23 3f 46 8 8a 20 7 1c
FIXUPS: 24e16 31 c 1a 16 1f4 7 25 27 c b d 65 6 18 2b 1f59c c fffe0bbe
FIXUPS: 25325 1b 28 b 13 2d 24 6b 19 23 12 26 35 ffffefc6 11 d a 44 15
FIXUPS: 245b2 2a f 7 87 35 2b 7 16 f 72 c4 2a d3 114 21 9a 21 a1 29 1a
FIXUPS: 24c39 59 15 4c fe fffff1dc f c c 30 62 10 18 19 a4 12 8 b 7d d
FIXUPS: 2422d 7 f c e 58 11 f c 10 2d 11 c 50 2038c a fffdfcb9 fffff7a0
FIXUPS: 23b94 a 8 8 a 37 2e 2c 2a c 22 c 7 c c 8 e 27 c 8 c c 10 25 2a
FIXUPS: 446f7 a fffdf6f0 c 50 126 fffff48f 6 2a 11 c d f 20 34 42 30 4c
FIXUPS: 235d6 a 4b a 8 8 32 21040 c e c fffdf33e f 13 19 e 9a 19 c 32 23f9
FIXUPS: 25f6b 40 d 9 d1 d 9 13e 3c e 9 7e e 9 d4 1e3b4 fffde775 d9 1c8
FIXUPS: 231a1 28 26 18 20 f5 d 24 24 c b d fffdf21e 24 2405d 8 19 a 36
FIXUPS: 2669f 4c 94 1c 3c fffff286 1e 1d 31 95 2b 19 69 12 19 35 29 25
FIXUPS: 25cc0 cb 56 36 24 4b 7f fffdc327 417d8 16 b fffbe83f 34 1b 13 16
FIXUPS: 43a34 16 b fffbe8bf 2a 1e 2d 23 3c 1b 13 16 41638 16 b fffbe9df
FIXUPS: 2480 2c 49 1e 24 2c 24 fffff995 41a58 16 b fffbe5bf 34 1b 13 16
FIXUPS: 439a4 16 b fffbe63f 34 1b 13 16 41958 16 b fffbe6bf 1c 24 1c 24
FIXUPS: 2150 24 1c 24 34 1b 13 416b4 b fffbe37f 1c 24 34 1b 13 16 41bd8
FIXUPS: 438fa b fffbe43f 34 1b 13 16 41b58 16 b fffbe4bf 34 1b 13 16 41ad8
FIXUPS: 4395a b fffbe53f 34 1b 13 fffffa12 1b 13 16 41ef8 16 b fffbe11f
FIXUPS: 19b0 24 1c 20 20 20 24 1c 24 1c 24 34 1b 13 16 41d18 16 b fffbe2ff
FIXUPS: 1bd8 1b 13 16 41c98 fffbdd3c 24 1c 24 34 1b 13 16 420f8 16 b fffbdf1f
FIXUPS: 1738 1b 13 16 42078 16 b fffbdf9f 1c 24 34 1b 13 16 41fb8 16 b
FIXUPS: 18a4 1c 24 fffff9ac 24 1c 24 1c 24 1c 24 1c 24 18 20 20 20 3c 1b
FIXUPS: 1496 16 422b8 16 b fffbdd5f 1c 24 34 1b 13 16 421f8 16 b fffbde1f
FIXUPS: 2f98 13 c1 45 2d 25 38 7 17 38 37 11 4096b a fffbd4cc 1a 42711
FIXUPS: 43750 fffbd916 7f f d 10 3b 20 20 28 18 32 2b 27 24 1a60 d 13 d
FIXUPS: 2d14 d 13 d 86 10 10 10 f 40cee e e e e a fffbf300 f f 12 30 31
FIXUPS: 2ef3 2a 18 18 18 8 e fffffa80 b 8f f d 2d b 12 b 21 c 19 1e d 3a
FIXUPS: 2bbc 18 b 3a 15 18 18 18 1b 19 40dea e e e e 9 c fffc7fe5 11 3854d
FIXUPS: 4402e fffc7b6d c 1e ffff763c 30 45 1e d 10 15 a 16 25 a e 1b 14
FIXUPS: 43b67 a fffbeaf2 2b b 1c 2de 11 d 2d b 8def d c 4e 21 18 c 4d 4a
FIXUPS: b92f 1d c 3f c c 53 7 15 c 16 38584 8 8 8 8 8 8 8 8 a fffc7a71
FIXUPS: ba97 fffff803 e 34 c c c e d9 d d e 155 56 7 389c3 8 8 8 8 8 a
FIXUPS: b5e8 16 2d 18 fa d 1e f c 30 16 fffff796 11 14 f 12 12 b 46 2f
FIXUPS: b03e 3f d 1f 14 e 1c 12 1c 12 4d 34 1c 54 7 38d35 8 8 8 a fffc72e5
FIXUPS: b268 1e fffffa62 c 1e c c 16 16 16 13 c9 8 1b 17 12 56 7 38ff3
FIXUPS: 43eec 8 8 8 8 8 8 8 8 8 a fffc6fc6 7 2f d fffffa77 28 14 3948c
FIXUPS: aafd d 1f f c 1a d e c e 33 f d 33 1b 19 56 7 391ee 8 8 8 8 8 8
FIXUPS: 43ecc a fffc6e05 fffff4d4 1a 12 11 b 13 13 1a 12 11 ae 39b4f b
FIXUPS: 43e6d a fffc64e7 4a9 9 14 c 9 e 20 1e 13 2b 15 c 3f 2c 13 28 ffffe73c
FIXUPS: 924a 18 18 18 21 3f 32 64 311 1d0 14 18 18 2f 3f 33 3b 27 2d 1d
FIXUPS: 9b1b 14 3a308 a fffc5dfe 3f1 eb d 3a 28 11 ffffe1a8 22b 7 71 f
FIXUPS: 880f 23a f 171 14 18 18 2f 3f 32 34 15 a4 18 1f 4f 1e 15 3b f 14
FIXUPS: 8ebd 8a 74 15 12 12 ffffee39 53 1c 10 10 e a4 fe 2f f 20 14 14
FIXUPS: 43de7 b b b b b a fffc42fb 71 d 13 d b8 16 17 15 2a 15 1b fffff440
FIXUPS: 78cc 18 18 7 7 7 11 7 11 7 dc 38 25 25 2a 25 5b 67 1c 54 5c 28
FIXUPS: 7cd5 3c101 fffc3f46 14 14 66 12 11 2b ffffe6bb 27 2a fe 4a2 b4
FIXUPS: 43dc6 fffc309f 59 1d 1b 30 1b 35 35 2c 13 4f 36 8 27 d 1f 28 24
FIXUPS: 713a 27 24 27 2a 10a 401 ffffde63 6 24 24 27 24 27 2a fe 793 17
FIXUPS: 5ef8 1a f 13 22 12 12 26 6 24 24 27 24 27 2a fe 292 6 24 24 27
FIXUPS: 4c4d 14 3a 15 11 1d 10 c 43 8 34 30 4a 2c 13 4b 33 50 3f 41 81
FIXUPS: 502c 27 77 6 24 24 27 24 27 2a fe fffff65d 13 13 13 13 13 1b 1c
FIXUPS: 49b8 f c c c c c c c c c c 33 22 14 f 7 31 d 7 20 1a 88 73 fffff9ac
FIXUPS: 45f1 3e 3f775 a fffc08b3 43 53 23 13 13 13 13 13 13 13 13 13 13
FIXUPS: 47eb 33 16 16 1a 13 13 13 13 13 13 13 13 fffffabc 16 15 36 f 12
FIXUPS: 444c 36 b 10 10 d 7f b 14 20 19 3f783 8 8 9 b b b b b b b b a a
FIXUPS: 45d3 fffff9ec 19 15 15 10 2a 29 29 2a 29 28 29 d d 15 24 1c 1f
FIXUPS: 41df 1f 22 1f 1f 1f 22 1f 1f 32 35 1d 1d 1d fffff962 18 19 18 19
FIXUPS: 3d77 19 18 19 18 19 18 1e 15 d 15 15 15 15 15 15 15 d d 15 15 15
FIXUPS: 3f43 25 10 10 22 fffff9b9 18 18 10 10 10 10 10 c c 30 20 1a 24
FIXUPS: 3aa3 d 13 27 d 5c f 27 f 7 13 a af 17 19 18 19 18 fffffacb f 40496
FIXUPS: 43c5f e e e e e e e e e e e a fffbfaf0 12 12 12 12 12 12 12 12
FIXUPS: 3895 12 30 1a 2a 18 18 fffffd15 40524 b e e e e e e e e e e e e
FIXUPS: 43c41 fffbfa43 d 13 d 41 10 10 10 10 10 10 10 10 10 10 10 9357
FIXUPS: cb0a 12 12 14 12 141 ffff66ec 30 3a 22 d 9 3f 16 2d 18 27 42 12
FIXUPS: 3550 18 18 18 18 18 18 18 18 18 16 10 85a1 23 10 1d 5f 6a a6 8
FIXUPS: bdbe 45 d 21 12 12 e cd 2ca 14a 44 1ba 13 15 317 15 19 15 4b 33
FIXUPS: c98b 33 33 f7
