 cnt_trafficd

 Timestamp is 4851e0e0 (Fri Jun 13 10:52:16 2008)

 Preferred load address is 00400000

 Start         Length     Name                   Class
 0001:00000000 0005f5f2H .text                   CODE
 0001:0005f600 00001130H .text$x                 CODE
 0002:00000000 00002d2cH .rdata                  DATA
 0002:00002d30 00000044H .rdata$r                DATA
 0002:00002d78 00001640H .xdata$x                DATA
 0002:000043c0 0000413fH .edata                  DATA
 0003:00000000 00000004H .CRT$XCA                DATA
 0003:00000004 00000004H .CRT$XCL                DATA
 0003:00000008 00000014H .CRT$XCU                DATA
 0003:0000001c 00000004H .CRT$XCZ                DATA
 0003:00000020 00000004H .CRT$XIA                DATA
 0003:00000024 00000004H .CRT$XIZ                DATA
 0003:00000030 00000e51H .data                   DATA
 0003:00000e88 00000128H .bss                    DATA
 0004:00000000 000000f0H .idata$2                DATA
 0004:000000f0 00000014H .idata$3                DATA
 0004:00000104 0000054cH .idata$4                DATA
 0004:00000650 0000054cH .idata$5                DATA
 0004:00000b9c 00000896H .idata$6                DATA
 0005:00000000 000001d8H .rsrc$01                DATA
 0005:000001e0 00000bf0H .rsrc$02                DATA

  Address         Publics by Value              Rva+Base     Lib:Object

 0001:00000000       ?CreateObject@CAxisMediaControl@@SGPAVCObject@@XZ 00401000 f   axismediacontrol.obj
 0001:0000008f       ?_GetBaseClass@CAxisMediaControl@@KGPAUCRuntimeClass@@XZ 0040108f f   axismediacontrol.obj
 0001:00000099       ?GetRuntimeClass@CAxisMediaControl@@UBEPAUCRuntimeClass@@XZ 00401099 f   axismediacontrol.obj
 0001:000000b0       ?Play@CAxisMediaControl@@QAEXXZ 004010b0 f   axismediacontrol.obj
 0001:000000e2       ?Stop@CAxisMediaControl@@QAEXXZ 004010e2 f   axismediacontrol.obj
 0001:00000114       ?TogglePause@CAxisMediaControl@@QAEXXZ 00401114 f   axismediacontrol.obj
 0001:00000146       ?StartRecord@CAxisMediaControl@@QAEXPBD@Z 00401146 f   axismediacontrol.obj
 0001:00000181       ?StopRecord@CAxisMediaControl@@QAEXXZ 00401181 f   axismediacontrol.obj
 0001:000001b3       ?GetCurrentImage@CAxisMediaControl@@QAEXJPAUtagVARIANT@@PAJ@Z 004011b3 f   axismediacontrol.obj
 0001:000001f6       ?SaveCurrentImage@CAxisMediaControl@@QAEXJPBD@Z 004011f6 f   axismediacontrol.obj
 0001:00000235       ?GetMPEG4VideoDecodingMode@CAxisMediaControl@@QAEJXZ 00401235 f   axismediacontrol.obj
 0001:00000275       ?SetMPEG4VideoDecodingMode@CAxisMediaControl@@QAEXJ@Z 00401275 f   axismediacontrol.obj
 0001:000002b0       ?GetDisplayMessages@CAxisMediaControl@@QAEHXZ 004012b0 f   axismediacontrol.obj
 0001:000002f0       ?SetDisplayMessages@CAxisMediaControl@@QAEXH@Z 004012f0 f   axismediacontrol.obj
 0001:0000032b       ?GetMPEG4VideoRenderer@CAxisMediaControl@@QAEJXZ 0040132b f   axismediacontrol.obj
 0001:0000036b       ?SetMPEG4VideoRenderer@CAxisMediaControl@@QAEXJ@Z 0040136b f   axismediacontrol.obj
 0001:000003a6       ?GetEnableContextMenu@CAxisMediaControl@@QAEHXZ 004013a6 f   axismediacontrol.obj
 0001:000003e6       ?SetEnableContextMenu@CAxisMediaControl@@QAEXH@Z 004013e6 f   axismediacontrol.obj
 0001:00000421       ?GetEnableRecording@CAxisMediaControl@@QAEJXZ 00401421 f   axismediacontrol.obj
 0001:00000461       ?SetEnableRecording@CAxisMediaControl@@QAEXJ@Z 00401461 f   axismediacontrol.obj
 0001:0000049c       ?GetEnableReconnect@CAxisMediaControl@@QAEHXZ 0040149c f   axismediacontrol.obj
 0001:000004dc       ?SetEnableReconnect@CAxisMediaControl@@QAEXH@Z 004014dc f   axismediacontrol.obj
 0001:00000517       ?AudioTransmitStart@CAxisMediaControl@@QAEXXZ 00401517 f   axismediacontrol.obj
 0001:00000549       ?AudioReceiveStart@CAxisMediaControl@@QAEXXZ 00401549 f   axismediacontrol.obj
 0001:0000057b       ?AudioReceiveStop@CAxisMediaControl@@QAEXXZ 0040157b f   axismediacontrol.obj
 0001:000005ad       ?AudioTransmitStop@CAxisMediaControl@@QAEXXZ 004015ad f   axismediacontrol.obj
 0001:000005df       ?GetMediaURL@CAxisMediaControl@@QAE?AVCString@@XZ 004015df f   axismediacontrol.obj
 0001:0000067d       ?SetMediaURL@CAxisMediaControl@@QAEXPBD@Z 0040167d f   axismediacontrol.obj
 0001:000006b8       ?GetAutoStart@CAxisMediaControl@@QAEHXZ 004016b8 f   axismediacontrol.obj
 0001:000006f8       ?SetAutoStart@CAxisMediaControl@@QAEXH@Z 004016f8 f   axismediacontrol.obj
 0001:00000733       ?GetUIMode@CAxisMediaControl@@QAE?AVCString@@XZ 00401733 f   axismediacontrol.obj
 0001:000007d1       ?SetUIMode@CAxisMediaControl@@QAEXPBD@Z 004017d1 f   axismediacontrol.obj
 0001:0000080c       ?GetMute@CAxisMediaControl@@QAEHXZ 0040180c f   axismediacontrol.obj
 0001:0000084c       ?SetMute@CAxisMediaControl@@QAEXH@Z 0040184c f   axismediacontrol.obj
 0001:00000887       ?GetVolume@CAxisMediaControl@@QAEJXZ 00401887 f   axismediacontrol.obj
 0001:000008c7       ?SetVolume@CAxisMediaControl@@QAEXJ@Z 004018c7 f   axismediacontrol.obj
 0001:00000902       ?GetMediaUsername@CAxisMediaControl@@QAE?AVCString@@XZ 00401902 f   axismediacontrol.obj
 0001:000009a0       ?SetMediaUsername@CAxisMediaControl@@QAEXPBD@Z 004019a0 f   axismediacontrol.obj
 0001:000009db       ?GetMediaPassword@CAxisMediaControl@@QAE?AVCString@@XZ 004019db f   axismediacontrol.obj
 0001:00000a79       ?SetMediaPassword@CAxisMediaControl@@QAEXPBD@Z 00401a79 f   axismediacontrol.obj
 0001:00000ab4       ?GetNetworkTimeout@CAxisMediaControl@@QAEJXZ 00401ab4 f   axismediacontrol.obj
 0001:00000af4       ?SetNetworkTimeout@CAxisMediaControl@@QAEXJ@Z 00401af4 f   axismediacontrol.obj
 0001:00000b2f       ?GetMediaType@CAxisMediaControl@@QAE?AVCString@@XZ 00401b2f f   axismediacontrol.obj
 0001:00000bcd       ?SetMediaType@CAxisMediaControl@@QAEXPBD@Z 00401bcd f   axismediacontrol.obj
 0001:00000c08       ?GetFullScreen@CAxisMediaControl@@QAEHXZ 00401c08 f   axismediacontrol.obj
 0001:00000c48       ?SetFullScreen@CAxisMediaControl@@QAEXH@Z 00401c48 f   axismediacontrol.obj
 0001:00000c83       ?GetMediaFile@CAxisMediaControl@@QAE?AVCString@@XZ 00401c83 f   axismediacontrol.obj
 0001:00000d21       ?SetMediaFile@CAxisMediaControl@@QAEXPBD@Z 00401d21 f   axismediacontrol.obj
 0001:00000d5c       ?GetCurrentPosition@CAxisMediaControl@@QAEJXZ 00401d5c f   axismediacontrol.obj
 0001:00000d9c       ?SetCurrentPosition@CAxisMediaControl@@QAEXJ@Z 00401d9c f   axismediacontrol.obj
 0001:00000dd7       ?GetDuration@CAxisMediaControl@@QAEJXZ 00401dd7 f   axismediacontrol.obj
 0001:00000e17       ?GetFramesDrawn@CAxisMediaControl@@QAEJXZ 00401e17 f   axismediacontrol.obj
 0001:00000e57       ?GetStatus@CAxisMediaControl@@QAEJXZ 00401e57 f   axismediacontrol.obj
 0001:00000e97       ?GetStretchToFit@CAxisMediaControl@@QAEHXZ 00401e97 f   axismediacontrol.obj
 0001:00000ed7       ?SetStretchToFit@CAxisMediaControl@@QAEXH@Z 00401ed7 f   axismediacontrol.obj
 0001:00000f12       ?GetShowToolbar@CAxisMediaControl@@QAEHXZ 00401f12 f   axismediacontrol.obj
 0001:00000f52       ?SetShowToolbar@CAxisMediaControl@@QAEXH@Z 00401f52 f   axismediacontrol.obj
 0001:00000f8d       ?GetShowStatusBar@CAxisMediaControl@@QAEHXZ 00401f8d f   axismediacontrol.obj
 0001:00000fcd       ?SetShowStatusBar@CAxisMediaControl@@QAEXH@Z 00401fcd f   axismediacontrol.obj
 0001:00001008       ?GetToolbarConfiguration@CAxisMediaControl@@QAE?AVCString@@XZ 00402008 f   axismediacontrol.obj
 0001:000010a6       ?SetToolbarConfiguration@CAxisMediaControl@@QAEXPBD@Z 004020a6 f   axismediacontrol.obj
 0001:000010e1       ?GetPTZControlURL@CAxisMediaControl@@QAE?AVCString@@XZ 004020e1 f   axismediacontrol.obj
 0001:0000117f       ?SetPTZControlURL@CAxisMediaControl@@QAEXPBD@Z 0040217f f   axismediacontrol.obj
 0001:000011ba       ?GetMPEG2VideoDecodingMode@CAxisMediaControl@@QAEJXZ 004021ba f   axismediacontrol.obj
 0001:000011fa       ?SetMPEG2VideoDecodingMode@CAxisMediaControl@@QAEXJ@Z 004021fa f   axismediacontrol.obj
 0001:00001235       ?GetMotionConfigURL@CAxisMediaControl@@QAE?AVCString@@XZ 00402235 f   axismediacontrol.obj
 0001:000012d3       ?SetMotionConfigURL@CAxisMediaControl@@QAEXPBD@Z 004022d3 f   axismediacontrol.obj
 0001:0000130e       ?GetMotionDataURL@CAxisMediaControl@@QAE?AVCString@@XZ 0040230e f   axismediacontrol.obj
 0001:000013ac       ?SetMotionDataURL@CAxisMediaControl@@QAEXPBD@Z 004023ac f   axismediacontrol.obj
 0001:000013e7       ?GetAudioConfigURL@CAxisMediaControl@@QAE?AVCString@@XZ 004023e7 f   axismediacontrol.obj
 0001:00001485       ?SetAudioConfigURL@CAxisMediaControl@@QAEXPBD@Z 00402485 f   axismediacontrol.obj
 0001:000014c0       ?GetAudioReceiveURL@CAxisMediaControl@@QAE?AVCString@@XZ 004024c0 f   axismediacontrol.obj
 0001:0000155e       ?SetAudioReceiveURL@CAxisMediaControl@@QAEXPBD@Z 0040255e f   axismediacontrol.obj
 0001:00001599       ?GetAudioTransmitURL@CAxisMediaControl@@QAE?AVCString@@XZ 00402599 f   axismediacontrol.obj
 0001:00001637       ?SetAudioTransmitURL@CAxisMediaControl@@QAEXPBD@Z 00402637 f   axismediacontrol.obj
 0001:00001672       ?GetAudioFile@CAxisMediaControl@@QAE?AVCString@@XZ 00402672 f   axismediacontrol.obj
 0001:00001710       ?SetAudioFile@CAxisMediaControl@@QAEXPBD@Z 00402710 f   axismediacontrol.obj
 0001:0000174b       ?GetAudioTransmitMute@CAxisMediaControl@@QAEHXZ 0040274b f   axismediacontrol.obj
 0001:0000178b       ?SetAudioTransmitMute@CAxisMediaControl@@QAEXH@Z 0040278b f   axismediacontrol.obj
 0001:000017c6       ?GetAudioTransmitVolume@CAxisMediaControl@@QAEJXZ 004027c6 f   axismediacontrol.obj
 0001:00001806       ?SetAudioTransmitVolume@CAxisMediaControl@@QAEXJ@Z 00402806 f   axismediacontrol.obj
 0001:00001841       ?GetClarifyEnabled@CAxisMediaControl@@QAEHXZ 00402841 f   axismediacontrol.obj
 0001:00001881       ?SetClarifyEnabled@CAxisMediaControl@@QAEXH@Z 00402881 f   axismediacontrol.obj
 0001:000018bc       ?GetClarifyLevel@CAxisMediaControl@@QAEJXZ 004028bc f   axismediacontrol.obj
 0001:000018fc       ?SetClarifyLevel@CAxisMediaControl@@QAEXJ@Z 004028fc f   axismediacontrol.obj
 0001:00001937       ?GetClarifyLicenseFile@CAxisMediaControl@@QAE?AVCString@@XZ 00402937 f   axismediacontrol.obj
 0001:000019d5       ?SetClarifyLicenseFile@CAxisMediaControl@@QAEXPBD@Z 004029d5 f   axismediacontrol.obj
 0001:00001a10       ?GetClarifyValidatorsLocation@CAxisMediaControl@@QAE?AVCString@@XZ 00402a10 f   axismediacontrol.obj
 0001:00001aae       ?SetClarifyValidatorsLocation@CAxisMediaControl@@QAEXPBD@Z 00402aae f   axismediacontrol.obj
 0001:00001ae9       ?StartRecordMedia@CAxisMediaControl@@QAEXPBDJ0@Z 00402ae9 f   axismediacontrol.obj
 0001:00001b2c       ?StopRecordMedia@CAxisMediaControl@@QAEXXZ 00402b2c f   axismediacontrol.obj
 0001:00001b5e       ?StartTransmitMedia@CAxisMediaControl@@QAEXPBDJ@Z 00402b5e f   axismediacontrol.obj
 0001:00001b9d       ?StopTransmitMedia@CAxisMediaControl@@QAEXXZ 00402b9d f   axismediacontrol.obj
 0001:00001bcf       ?GetSvgDataUrl@CAxisMediaControl@@QAE?AVCString@@XZ 00402bcf f   axismediacontrol.obj
 0001:00001c6d       ?SetSvgDataUrl@CAxisMediaControl@@QAEXPBD@Z 00402c6d f   axismediacontrol.obj
 0001:00001ca8       ?GetJoystickConnected@CAxisMediaControl@@QAEHXZ 00402ca8 f   axismediacontrol.obj
 0001:00001ce8       ?SetImage@CAxisMediaControl@@QAEXPAUtagVARIANT@@PAJ@Z 00402ce8 f   axismediacontrol.obj
 0001:00001d2a       ?SetReconnectionStrategy@CAxisMediaControl@@QAEXJJJJJJH@Z 00402d2a f   axismediacontrol.obj
 0001:00001d80       ?GetEnableJoystick@CAxisMediaControl@@QAEHXZ 00402d80 f   axismediacontrol.obj
 0001:00001dc3       ?SetEnableJoystick@CAxisMediaControl@@QAEXH@Z 00402dc3 f   axismediacontrol.obj
 0001:00001e01       ?GetEnableAreaZoom@CAxisMediaControl@@QAEHXZ 00402e01 f   axismediacontrol.obj
 0001:00001e44       ?SetEnableAreaZoom@CAxisMediaControl@@QAEXH@Z 00402e44 f   axismediacontrol.obj
 0001:00001e82       ?GetClientOverlay@CAxisMediaControl@@QAEJXZ 00402e82 f   axismediacontrol.obj
 0001:00001ec5       ?SetClientOverlay@CAxisMediaControl@@QAEXJ@Z 00402ec5 f   axismediacontrol.obj
 0001:00001f10       ?Create@CAxisMediaControl@@UAEHPBD0KABUtagRECT@@PAVCWnd@@IPAUCCreateContext@@@Z 00402f10 f i axismediacontrol.obj
 0001:00001f60       ??_ECAxisMediaControl@@UAEPAXI@Z 00402f60 f i axismediacontrol.obj
 0001:00001f60       ??_GCAxisMediaControl@@UAEPAXI@Z 00402f60 f i axismediacontrol.obj
 0001:00001fa0       ??1CAxisMediaControl@@UAE@XZ 00402fa0 f i axismediacontrol.obj
 0001:00001fd0       ??0CxFile@@QAE@XZ          00402fd0 f i Calibration.obj
 0001:00001ff0       ??1CxFile@@UAE@XZ          00402ff0 f i Calibration.obj
 0001:00002010       ?PutC@CxFile@@UAE_NE@Z     00403010 f i Calibration.obj
 0001:00002070       ??0CxFile@@QAE@ABV0@@Z     00403070 f i Calibration.obj
 0001:00002090       ??4CxFile@@QAEAAV0@ABV0@@Z 00403090 f i Calibration.obj
 0001:000020b0       ??_ECxFile@@UAEPAXI@Z      004030b0 f i Calibration.obj
 0001:00002140       ??0CxIOFile@@QAE@PAU_iobuf@@@Z 00403140 f i Calibration.obj
 0001:00002190       ??1CxIOFile@@UAE@XZ        00403190 f i Calibration.obj
 0001:00002210       ?Open@CxIOFile@@QAE_NPBD0@Z 00403210 f i Calibration.obj
 0001:00002280       ?Close@CxIOFile@@UAE_NXZ   00403280 f i Calibration.obj
 0001:00002300       ?Read@CxIOFile@@UAEIPAXII@Z 00403300 f i Calibration.obj
 0001:00002360       ?Write@CxIOFile@@UAEIPBXII@Z 00403360 f i Calibration.obj
 0001:000023c0       ?Seek@CxIOFile@@UAE_NJH@Z  004033c0 f i Calibration.obj
 0001:00002420       ?Tell@CxIOFile@@UAEJXZ     00403420 f i Calibration.obj
 0001:00002470       ?Size@CxIOFile@@UAEJXZ     00403470 f i Calibration.obj
 0001:00002530       ?Flush@CxIOFile@@UAE_NXZ   00403530 f i Calibration.obj
 0001:00002580       ?Eof@CxIOFile@@UAE_NXZ     00403580 f i Calibration.obj
 0001:000025c0       ?Error@CxIOFile@@UAEJXZ    004035c0 f i Calibration.obj
 0001:000025f0       ?PutC@CxIOFile@@UAE_NE@Z   004035f0 f i Calibration.obj
 0001:00002660       ?GetC@CxIOFile@@UAEJXZ     00403660 f i Calibration.obj
 0001:000026b0       ??0CxIOFile@@QAE@ABV0@@Z   004036b0 f i Calibration.obj
 0001:00002700       ??4CxIOFile@@QAEAAV0@ABV0@@Z 00403700 f i Calibration.obj
 0001:00002730       ??_FCxIOFile@@QAEXXZ       00403730 f i Calibration.obj
 0001:00002760       ??_ECxIOFile@@UAEPAXI@Z    00403760 f i Calibration.obj
 0001:000027f0       ??0CxMemFile@@QAE@ABV0@@Z  004037f0 f i Calibration.obj
 0001:00002860       ??4CxMemFile@@QAEAAV0@ABV0@@Z 00403860 f i Calibration.obj
 0001:000028c0       ??_FCxMemFile@@QAEXXZ      004038c0 f i Calibration.obj
 0001:000028f0       ??_ECxMemFile@@UAEPAXI@Z   004038f0 f i Calibration.obj
 0001:00002980       ??1CxImage@@UAE@XZ         00403980 f i Calibration.obj
 0001:000029b0       ??_FCxImage@@QAEXXZ        004039b0 f i Calibration.obj
 0001:000029e0       ??_OCxImage@@QAEXABV0@@Z   004039e0 f i Calibration.obj
 0001:00002a10       ??_ECxImage@@UAEPAXI@Z     00403a10 f i Calibration.obj
 0001:00002aa0       ??0CCalibration@@QAE@PAVCWnd@@@Z 00403aa0 f   Calibration.obj
 0001:00002beb       ??1CCalibration@@UAE@XZ    00403beb f   Calibration.obj
 0001:00002ce0       ?DoDataExchange@CCalibration@@MAEXPAVCDataExchange@@@Z 00403ce0 f   Calibration.obj
 0001:00002d63       ?_GetBaseMessageMap@CCalibration@@KGPBUAFX_MSGMAP@@XZ 00403d63 f   Calibration.obj
 0001:00002d6d       ?GetMessageMap@CCalibration@@MBEPBUAFX_MSGMAP@@XZ 00403d6d f   Calibration.obj
 0001:00002d84       ?OnInitDialog@CCalibration@@MAEHXZ 00403d84 f   Calibration.obj
 0001:00002f0a       ?OnLButtonDown@CCalibration@@IAEXIVCPoint@@@Z 00403f0a f   Calibration.obj
 0001:00003176       ?OnPaint@CCalibration@@IAEXXZ 00404176 f   Calibration.obj
 0001:00003220       ??_ECCalibration@@UAEPAXI@Z 00404220 f i Calibration.obj
 0001:00003220       ??_GCCalibration@@UAEPAXI@Z 00404220 f i Calibration.obj
 0001:00003260       ??_H@YGXPAXIHP6EX0@Z@Z     00404260 f i Calibration.obj
 0001:00003386       ?_GetBaseMessageMap@CCnt_trafficApp@@KGPBUAFX_MSGMAP@@XZ 00404386 f   cnt_traffic.obj
 0001:00003390       ?GetMessageMap@CCnt_trafficApp@@MBEPBUAFX_MSGMAP@@XZ 00404390 f   cnt_traffic.obj
 0001:000033a7       ??0CCnt_trafficApp@@QAE@XZ 004043a7 f   cnt_traffic.obj
 0001:00003434       ?InitInstance@CCnt_trafficApp@@UAEHXZ 00404434 f   cnt_traffic.obj
 0001:000034f0       ??_ECCnt_trafficApp@@UAEPAXI@Z 004044f0 f i cnt_traffic.obj
 0001:000034f0       ??_GCCnt_trafficApp@@UAEPAXI@Z 004044f0 f i cnt_traffic.obj
 0001:00003530       ??1CCnt_trafficApp@@UAE@XZ 00404530 f i cnt_traffic.obj
 0001:00003646       ?MainThread@@YAIPAX@Z      00404646 f   cnt_trafficDlg.obj
 0001:000036e3       ?GarbageCollectionThread@@YAIPAX@Z 004046e3 f   cnt_trafficDlg.obj
 0001:00003791       ??0CCnt_trafficDlg@@QAE@PAVCWnd@@@Z 00404791 f   cnt_trafficDlg.obj
 0001:0000390b       ??1CCnt_trafficDlg@@UAE@XZ 0040490b f   cnt_trafficDlg.obj
 0001:00003a57       ?DoDataExchange@CCnt_trafficDlg@@MAEXPAVCDataExchange@@@Z 00404a57 f   cnt_trafficDlg.obj
 0001:00003b82       ?_GetBaseMessageMap@CCnt_trafficDlg@@KGPBUAFX_MSGMAP@@XZ 00404b82 f   cnt_trafficDlg.obj
 0001:00003b8c       ?GetMessageMap@CCnt_trafficDlg@@MBEPBUAFX_MSGMAP@@XZ 00404b8c f   cnt_trafficDlg.obj
 0001:00003ba3       ?OnInitDialog@CCnt_trafficDlg@@MAEHXZ 00404ba3 f   cnt_trafficDlg.obj
 0001:00003ed3       ?init@CCnt_trafficDlg@@QAEXXZ 00404ed3 f   cnt_trafficDlg.obj
 0001:0000585f       ?cleanUp@CCnt_trafficDlg@@AAEXXZ 0040685f f   cnt_trafficDlg.obj
 0001:000066a2       ?OnButtonOpen@CCnt_trafficDlg@@IAEXXZ 004076a2 f   cnt_trafficDlg.obj
 0001:00006704       ?OnButtonRun@CCnt_trafficDlg@@IAEXXZ 00407704 f   cnt_trafficDlg.obj
 0001:000067ac       ?SelectPath@CCnt_trafficDlg@@AAE_NXZ 004077ac f   cnt_trafficDlg.obj
 0001:000068bc       ?InitializeBackground@CCnt_trafficDlg@@AAEXXZ 004078bc f   cnt_trafficDlg.obj
 0001:0000a505       ?Run@CCnt_trafficDlg@@QAEXXZ 0040b505 f   cnt_trafficDlg.obj
 0001:0000ba83       ?cca@CCnt_trafficDlg@@AAE_NXZ 0040ca83 f   cnt_trafficDlg.obj
 0001:0000c1dd       ?split_blob@CCnt_trafficDlg@@AAEXXZ 0040d1dd f   cnt_trafficDlg.obj
 0001:0000c476       ?fit_kernel@CCnt_trafficDlg@@AAEXPAUCvPoint@@@Z 0040d476 f   cnt_trafficDlg.obj
 0001:0000c8bf       ?hkmean@CCnt_trafficDlg@@AAEXPAUCvPoint@@0@Z 0040d8bf f   cnt_trafficDlg.obj
 0001:0000c9dd       ?addNewC@CCnt_trafficDlg@@AAE_NPAUCvPoint@@0@Z 0040d9dd f   cnt_trafficDlg.obj
 0001:0000ce8c       ?update_hk_C@CCnt_trafficDlg@@AAEXPAUCvPoint@@0@Z 0040de8c f   cnt_trafficDlg.obj
 0001:0000d14e       ?comp_hk_error@CCnt_trafficDlg@@AAENPAUCvPoint@@0@Z 0040e14e f   cnt_trafficDlg.obj
 0001:0000d25c       ?drawBoundingBox@CCnt_trafficDlg@@AAEXXZ 0040e25c f   cnt_trafficDlg.obj
 0001:0000d4bf       ?findCand_vehicles@CCnt_trafficDlg@@AAEXXZ 0040e4bf f   cnt_trafficDlg.obj
 0001:0000d618       ?get_kernel@CCnt_trafficDlg@@AAEXHPAH@Z 0040e618 f   cnt_trafficDlg.obj
 0001:0000d786       ?update_kernel@CCnt_trafficDlg@@AAEXPAH0@Z 0040e786 f   cnt_trafficDlg.obj
 0001:0000d90c       ?get_overlap_area@CCnt_trafficDlg@@AAEHPAH0@Z 0040e90c f   cnt_trafficDlg.obj
 0001:0000dad5       ?chk_err@CCnt_trafficDlg@@AAE_NPAH0@Z 0040ead5 f   cnt_trafficDlg.obj
 0001:0000db86       ?drawBox@CCnt_trafficDlg@@AAEXPAH@Z 0040eb86 f   cnt_trafficDlg.obj
 0001:0000ddb2       ?merge_bbox@CCnt_trafficDlg@@AAEXPAH0@Z 0040edb2 f   cnt_trafficDlg.obj
 0001:0000e001       ?save_new_record@CCnt_trafficDlg@@AAEXPAPAH@Z 0040f001 f   cnt_trafficDlg.obj
 0001:0000e664       ?drawBoundingBox4@CCnt_trafficDlg@@AAEXXZ 0040f664 f   cnt_trafficDlg.obj
 0001:0000e8d4       ?OnButtonSelectPoint@CCnt_trafficDlg@@IAEXXZ 0040f8d4 f   cnt_trafficDlg.obj
 0001:0000ebb3       ?merge_process2@CCnt_trafficDlg@@AAEXXZ 0040fbb3 f   cnt_trafficDlg.obj
 0001:0000ef69       ?delete_blobs@CCnt_trafficDlg@@AAEXXZ 0040ff69 f   cnt_trafficDlg.obj
 0001:0000f24b       ?get_bbox_size@CCnt_trafficDlg@@AAEHPAH@Z 0041024b f   cnt_trafficDlg.obj
 0001:0000f2b0       ?determineType@CCnt_trafficDlg@@AAEXXZ 004102b0 f   cnt_trafficDlg.obj
 0001:0000f4c8       ?readROIfile@CCnt_trafficDlg@@AAEXXZ 004104c8 f   cnt_trafficDlg.obj
 0001:0000f89d       ?getParams@CCnt_trafficDlg@@AAEXXZ 0041089d f   cnt_trafficDlg.obj
 0001:000100c7       ?OnButtonLive@CCnt_trafficDlg@@IAEXXZ 004110c7 f   cnt_trafficDlg.obj
 0001:000103af       ?CreateFolder@CCnt_trafficDlg@@AAEXXZ 004113af f   cnt_trafficDlg.obj
 0001:0001053f       ?WriteLog@CCnt_trafficDlg@@AAEXPBD@Z 0041153f f   cnt_trafficDlg.obj
 0001:0001077f       ?WriteFile@CCnt_trafficDlg@@AAEXPBD00@Z 0041177f f   cnt_trafficDlg.obj
 0001:000109f0       ?DestroyWindow@CCnt_trafficDlg@@UAEHXZ 004119f0 f   cnt_trafficDlg.obj
 0001:00010a1c       ?OnButtonStop@CCnt_trafficDlg@@IAEXXZ 00411a1c f   cnt_trafficDlg.obj
 0001:00010a6c       ?setCapturePath@CCnt_trafficDlg@@AAEXXZ 00411a6c f   cnt_trafficDlg.obj
 0001:00010b9d       ?OnTimer@CCnt_trafficDlg@@IAEXI@Z 00411b9d f   cnt_trafficDlg.obj
 0001:00010be4       ?updateUpTime@CCnt_trafficDlg@@AAEXXZ 00411be4 f   cnt_trafficDlg.obj
 0001:00010e8d       ?WriteStats@CCnt_trafficDlg@@AAEXPBD@Z 00411e8d f   cnt_trafficDlg.obj
 0001:0001133b       ?maintainDiskSpace@CCnt_trafficDlg@@QAEXXZ 0041233b f   cnt_trafficDlg.obj
 0001:0001142a       ?getFreeDiskSpace@CCnt_trafficDlg@@AAEHABVCString@@AA_K@Z 0041242a f   cnt_trafficDlg.obj
 0001:00011582       ?deleteFirstFolder@CCnt_trafficDlg@@AAEXPAD@Z 00412582 f   cnt_trafficDlg.obj
 0001:00011a8b       ?OnButtonChange@CCnt_trafficDlg@@IAEXXZ 00412a8b f   cnt_trafficDlg.obj
 0001:00011b62       ?Q_Sort@CCnt_trafficDlg@@AAEXPAMHH@Z 00412b62 f   cnt_trafficDlg.obj
 0001:00011cc0       ??_ECCnt_trafficDlg@@UAEPAXI@Z 00412cc0 f i cnt_trafficDlg.obj
 0001:00011cc0       ??_GCCnt_trafficDlg@@UAEPAXI@Z 00412cc0 f i cnt_trafficDlg.obj
 0001:00011d00       ??_GCOperadorBlob@@UAEPAXI@Z 00412d00 f i cnt_trafficDlg.obj
 0001:00011d00       ??_ECOperadorBlob@@UAEPAXI@Z 00412d00 f i cnt_trafficDlg.obj
 0001:00011d40       ??RCBlobGetArea@@UBENABVCBlob@@@Z 00412d40 f i cnt_trafficDlg.obj
 0001:00011d80       ?GetNom@CBlobGetArea@@UBEPBDXZ 00412d80 f i cnt_trafficDlg.obj
 0001:00011da0       ??RCBlobGetMean@@UBENABVCBlob@@@Z 00412da0 f i cnt_trafficDlg.obj
 0001:00011de0       ?GetNom@CBlobGetMean@@UBEPBDXZ 00412de0 f i cnt_trafficDlg.obj
 0001:00011e00       ??1CBlobGetArea@@UAE@XZ    00412e00 f i cnt_trafficDlg.obj
 0001:00011e00       ??1CBlobGetMean@@UAE@XZ    00412e00 f i cnt_trafficDlg.obj
 0001:00011e20       ??_GCBlobGetMean@@UAEPAXI@Z 00412e20 f i cnt_trafficDlg.obj
 0001:00011e20       ??_ECBlobGetArea@@UAEPAXI@Z 00412e20 f i cnt_trafficDlg.obj
 0001:00011e20       ??_ECBlobGetMean@@UAEPAXI@Z 00412e20 f i cnt_trafficDlg.obj
 0001:00011e20       ??_GCBlobGetArea@@UAEPAXI@Z 00412e20 f i cnt_trafficDlg.obj
 0001:00011e60       ??0CTracking@@QAE@XZ       00412e60 f   tracking.obj
 0001:00011eb1       ??1CTracking@@UAE@XZ       00412eb1 f   tracking.obj
 0001:00011efd       ?init@CTracking@@QAEXXZ    00412efd f   tracking.obj
 0001:00011fa4       ?run@CTracking@@QAEXPAUstructBlob@@_N@Z 00412fa4 f   tracking.obj
 0001:0001229e       ?update_track@CTracking@@QAEXPAUstructBlob@@@Z 0041329e f   tracking.obj
 0001:00013042       ?get_unusedID@CTracking@@QAEHXZ 00414042 f   tracking.obj
 0001:000130b7       ?init_track@CTracking@@QAEXPAUstructBlob@@@Z 004140b7 f   tracking.obj
 0001:000132cf       ?drawBoundingBox@CTracking@@QAEXPAUstructBlob@@@Z 004142cf f   tracking.obj
 0001:00013807       ?giveVehicleCount@CTracking@@QAEXXZ 00414807 f   tracking.obj
 0001:00013acb       ?get_overlap_area@CTracking@@AAEHPAH0@Z 00414acb f   tracking.obj
 0001:00013c30       ??_ECTracking@@UAEPAXI@Z   00414c30 f i tracking.obj
 0001:00013c30       ??_GCTracking@@UAEPAXI@Z   00414c30 f i tracking.obj
 0001:00013c70       ??0CxMemFile@@QAE@PAEK@Z   00414c70 f   cximaged:xmemfile.obj
 0001:00013cf0       ??1CxMemFile@@UAE@XZ       00414cf0 f   cximaged:xmemfile.obj
 0001:00013d70       ?Close@CxMemFile@@UAE_NXZ  00414d70 f   cximaged:xmemfile.obj
 0001:00013df0       ?Open@CxMemFile@@QAE_NXZ   00414df0 f   cximaged:xmemfile.obj
 0001:00013e80       ?GetBuffer@CxMemFile@@QAEPAE_N@Z 00414e80 f   cximaged:xmemfile.obj
 0001:00013ec0       ?Read@CxMemFile@@UAEIPAXII@Z 00414ec0 f   cximaged:xmemfile.obj
 0001:00013f90       ?Write@CxMemFile@@UAEIPBXII@Z 00414f90 f   cximaged:xmemfile.obj
 0001:00014060       ?Seek@CxMemFile@@UAE_NJH@Z 00415060 f   cximaged:xmemfile.obj
 0001:000140f0       ?Tell@CxMemFile@@UAEJXZ    004150f0 f   cximaged:xmemfile.obj
 0001:00014130       ?Size@CxMemFile@@UAEJXZ    00415130 f   cximaged:xmemfile.obj
 0001:00014170       ?Flush@CxMemFile@@UAE_NXZ  00415170 f   cximaged:xmemfile.obj
 0001:000141b0       ?Eof@CxMemFile@@UAE_NXZ    004151b0 f   cximaged:xmemfile.obj
 0001:00014200       ?Error@CxMemFile@@UAEJXZ   00415200 f   cximaged:xmemfile.obj
 0001:00014250       ?PutC@CxMemFile@@UAE_NE@Z  00415250 f   cximaged:xmemfile.obj
 0001:00014300       ?GetC@CxMemFile@@UAEJXZ    00415300 f   cximaged:xmemfile.obj
 0001:00014380       ?Alloc@CxMemFile@@IAEXK@Z  00415380 f   cximaged:xmemfile.obj
 0001:00014430       ?Free@CxMemFile@@IAEXXZ    00415430 f   cximaged:xmemfile.obj
 0001:00014480       ?Startup@CxImage@@IAEXK@Z  00415480 f   cximaged:xImage.obj
 0001:00014560       ??0CxImage@@QAE@K@Z        00415560 f   cximaged:xImage.obj
 0001:000145b0       ?Destroy@CxImage@@QAE_NXZ  004155b0 f   cximaged:xImage.obj
 0001:00014730       ??0CxImage@@QAE@KKKK@Z     00415730 f   cximaged:xImage.obj
 0001:00014790       ??0CxImage@@QAE@ABV0@_N11@Z 00415790 f   cximaged:xImage.obj
 0001:00014800       ?Copy@CxImage@@QAEXABV1@_N11@Z 00415800 f   cximaged:xImage.obj
 0001:000149f0       ?CopyInfo@CxImage@@IAEXABV1@@Z 004159f0 f   cximaged:xImage.obj
 0001:00014a50       ??4CxImage@@QAEAAV0@ABV0@@Z 00415a50 f   cximaged:xImage.obj
 0001:00014aa0       ?Create@CxImage@@QAEPAXKKKK@Z 00415aa0 f   cximaged:xImage.obj
 0001:00014cf0       ?GetBits@CxImage@@QAEPAEK@Z 00415cf0 f   cximaged:xImage.obj
 0001:00014d90       ?GetSize@CxImage@@QAEJXZ   00415d90 f   cximaged:xImage.obj
 0001:00014de0       ?IsInside@CxImage@@QAE_NJJ@Z 00415de0 f   cximaged:xImage.obj
 0001:00014e40       ?Clear@CxImage@@QAEXE@Z    00415e40 f   cximaged:xImage.obj
 0001:00014ef0       ?Transfer@CxImage@@QAE_NAAV1@@Z 00415ef0 f   cximaged:xImage.obj
 0001:00015010       ?Ghost@CxImage@@IAEXPAV1@@Z 00416010 f   cximaged:xImage.obj
 0001:000150d0       ?Bitfield2RGB@CxImage@@IAEXPAEGGGE@Z 004160d0 f   cximaged:xImage.obj
 0001:000153b0       ?CreateFromArray@CxImage@@QAE_NPAEKKKK_N@Z 004163b0 f   cximaged:xImage.obj
 0001:00015570       ?CreateFromMatrix@CxImage@@QAE_NPAPAEKKKK_N@Z 00416570 f   cximaged:xImage.obj
 0001:00015730       ?CompareColors@CxImage@@KAHPBX0@Z 00416730 f   cximaged:xImage.obj
 0001:000157d0       ?FreeMemory@CxImage@@QAEXPAX@Z 004167d0 f   cximaged:xImage.obj
 0001:00015820       ?GetTransColor@CxImage@@QAE?AUtagRGBQUAD@@XZ 00416820 f   cximaged:ximainfo.obj
 0001:000158a0       ?GetTransIndex@CxImage@@QBEJXZ 004168a0 f   cximaged:ximainfo.obj
 0001:000158d0       ?SetTransIndex@CxImage@@QAEXJ@Z 004168d0 f   cximaged:ximainfo.obj
 0001:00015910       ?SetTransColor@CxImage@@QAEXUtagRGBQUAD@@@Z 00416910 f   cximaged:ximainfo.obj
 0001:00015950       ?IsTransparent@CxImage@@QBE_NXZ 00416950 f   cximaged:ximainfo.obj
 0001:00015990       ?IsIndexed@CxImage@@QBE_NXZ 00416990 f   cximaged:ximainfo.obj
 0001:000159d0       ?GetColorType@CxImage@@QAEEXZ 004169d0 f   cximaged:ximainfo.obj
 0001:00015a30       ?GetXDPI@CxImage@@QBEJXZ   00416a30 f   cximaged:ximainfo.obj
 0001:00015a60       ?GetYDPI@CxImage@@QBEJXZ   00416a60 f   cximaged:ximainfo.obj
 0001:00015a90       ?SetXDPI@CxImage@@QAEXJ@Z  00416a90 f   cximaged:ximainfo.obj
 0001:00015b20       ?SetYDPI@CxImage@@QAEXJ@Z  00416b20 f   cximaged:ximainfo.obj
 0001:00015bb0       ?GetFlags@CxImage@@QBEKXZ  00416bb0 f   cximaged:ximainfo.obj
 0001:00015be0       ?SetFlags@CxImage@@QAEXK_N@Z 00416be0 f   cximaged:ximainfo.obj
 0001:00015c40       ?GetCodecOption@CxImage@@QAEKK@Z 00416c40 f   cximaged:ximainfo.obj
 0001:00015ca0       ?SetCodecOption@CxImage@@QAE_NKK@Z 00416ca0 f   cximaged:ximainfo.obj
 0001:00015d00       ?GetDIB@CxImage@@QBEPAXXZ  00416d00 f   cximaged:ximainfo.obj
 0001:00015d30       ?GetHeight@CxImage@@QBEKXZ 00416d30 f   cximaged:ximainfo.obj
 0001:00015d60       ?GetWidth@CxImage@@QBEKXZ  00416d60 f   cximaged:ximainfo.obj
 0001:00015d90       ?GetEffWidth@CxImage@@QBEKXZ 00416d90 f   cximaged:ximainfo.obj
 0001:00015dc0       ?GetNumColors@CxImage@@QBEKXZ 00416dc0 f   cximaged:ximainfo.obj
 0001:00015df0       ?GetBpp@CxImage@@QBEGXZ    00416df0 f   cximaged:ximainfo.obj
 0001:00015e20       ?GetType@CxImage@@QBEKXZ   00416e20 f   cximaged:ximainfo.obj
 0001:00015e50       ?GetFrameDelay@CxImage@@QBEKXZ 00416e50 f   cximaged:ximainfo.obj
 0001:00015e80       ?SetFrameDelay@CxImage@@QAEXK@Z 00416e80 f   cximaged:ximainfo.obj
 0001:00015ec0       ?GetOffset@CxImage@@QAEXPAJ0@Z 00416ec0 f   cximaged:ximainfo.obj
 0001:00015f10       ?SetOffset@CxImage@@QAEXJJ@Z 00416f10 f   cximaged:ximainfo.obj
 0001:00015f50       ?GetJpegQuality@CxImage@@QBEEXZ 00416f50 f   cximaged:ximainfo.obj
 0001:00015f80       ?SetJpegQuality@CxImage@@QAEXE@Z 00416f80 f   cximaged:ximainfo.obj
 0001:00015fc0       ?GetJpegScale@CxImage@@QBEEXZ 00416fc0 f   cximaged:ximainfo.obj
 0001:00015ff0       ?SetJpegScale@CxImage@@QAEXE@Z 00416ff0 f   cximaged:ximainfo.obj
 0001:00016030       ?GetProgress@CxImage@@QBEJXZ 00417030 f   cximaged:ximainfo.obj
 0001:00016060       ?GetEscape@CxImage@@QBEJXZ 00417060 f   cximaged:ximainfo.obj
 0001:00016090       ?SetProgress@CxImage@@QAEXJ@Z 00417090 f   cximaged:ximainfo.obj
 0001:000160d0       ?SetEscape@CxImage@@QAEXJ@Z 004170d0 f   cximaged:ximainfo.obj
 0001:00016110       ?IsValid@CxImage@@QBE_NXZ  00417110 f   cximaged:ximainfo.obj
 0001:00016150       ?IsEnabled@CxImage@@QBE_NXZ 00417150 f   cximaged:ximainfo.obj
 0001:00016180       ?Enable@CxImage@@QAEX_N@Z  00417180 f   cximaged:ximainfo.obj
 0001:000161c0       ?GetNumFrames@CxImage@@QBEJXZ 004171c0 f   cximaged:ximainfo.obj
 0001:000161f0       ?GetFrame@CxImage@@QBEJXZ  004171f0 f   cximaged:ximainfo.obj
 0001:00016220       ?SetFrame@CxImage@@QAEXJ@Z 00417220 f   cximaged:ximainfo.obj
 0001:00016260       ?GetLastError@CxImage@@QAEPBDXZ 00417260 f   cximaged:ximainfo.obj
 0001:00016290       ?GetVersionNumber@CxImage@@QAE?BMXZ 00417290 f   cximaged:ximainfo.obj
 0001:000162c0       ?GetVersion@CxImage@@QAEPBDXZ 004172c0 f   cximaged:ximainfo.obj
 0001:000162f0       ?CopyToHandle@CxImage@@QAEPAXXZ 004172f0 f   cximaged:ximawnd.obj
 0001:000163a0       ?CreateFromHANDLE@CxImage@@QAE_NPAX@Z 004173a0 f   cximaged:ximawnd.obj
 0001:00016e60       ??0CImageIterator@@QAE@PAVCxImage@@@Z 00417e60 f i cximaged:ximawnd.obj
 0001:00016ee0       ?GetRow@CImageIterator@@QAEPAEH@Z 00417ee0 f i cximaged:ximawnd.obj
 0001:00016f30       ?SetY@CImageIterator@@QAEXH@Z 00417f30 f i cximaged:ximawnd.obj
 0001:00016fb0       ?MakeBitmap@CxImage@@QAEPAUHBITMAP__@@PAUHDC__@@@Z 00417fb0 f   cximaged:ximawnd.obj
 0001:000170b0       ?CreateFromHBITMAP@CxImage@@QAE_NPAUHBITMAP__@@PAUHPALETTE__@@@Z 004180b0 f   cximaged:ximawnd.obj
 0001:00017210       ?CreateFromHICON@CxImage@@QAE_NPAUHICON__@@@Z 00418210 f   cximaged:ximawnd.obj
 0001:00017360       ?Draw@CxImage@@QAEJPAUHDC__@@ABUtagRECT@@PAU3@_N@Z 00418360 f   cximaged:ximawnd.obj
 0001:000173d0       ?Draw@CxImage@@QAEJPAUHDC__@@JJJJPAUtagRECT@@_N@Z 004183d0 f   cximaged:ximawnd.obj
 0001:00018790       ?Draw2@CxImage@@QAEJPAUHDC__@@ABUtagRECT@@@Z 00419790 f   cximaged:ximawnd.obj
 0001:00018800       ?Draw2@CxImage@@QAEJPAUHDC__@@JJJJ@Z 00419800 f   cximaged:ximawnd.obj
 0001:00018c40       ?Stretch@CxImage@@QAEJPAUHDC__@@ABUtagRECT@@K@Z 00419c40 f   cximaged:ximawnd.obj
 0001:00018cb0       ?Stretch@CxImage@@QAEJPAUHDC__@@JJJJK@Z 00419cb0 f   cximaged:ximawnd.obj
 0001:00018d60       ?Tile@CxImage@@QAEJPAUHDC__@@PAUtagRECT@@@Z 00419d60 f   cximaged:ximawnd.obj
 0001:00018ec0       ?DrawString@CxImage@@QAEJPAUHDC__@@JJPBDUtagRGBQUAD@@1JJEE_N@Z 00419ec0 f   cximaged:ximawnd.obj
 0001:000192d0       __tcsncpy                  0041a2d0 f i cximaged:ximawnd.obj
 0001:00019320       ?DrawStringEx@CxImage@@QAEJPAUHDC__@@JJPAUtagCxTextInfo@1@_N@Z 0041a320 f   cximaged:ximawnd.obj
 0001:00019c70       __tcsclen                  0041ac70 f i cximaged:ximawnd.obj
 0001:00019cb0       ?InitTextInfo@CxImage@@QAEXPAUtagCxTextInfo@1@@Z 0041acb0 f   cximaged:ximawnd.obj
 0001:00019e20       ?GetPaletteSize@CxImage@@QAEKXZ 0041ae20 f   cximaged:ximapal.obj
 0001:00019e50       ?SetPaletteColor@CxImage@@QAEXEEEEE@Z 0041ae50 f   cximaged:ximapal.obj
 0001:00019f10       ?SetPaletteColor@CxImage@@QAEXEUtagRGBQUAD@@@Z 0041af10 f   cximaged:ximapal.obj
 0001:00019fd0       ?SetPaletteColor@CxImage@@QAEXEK@Z 0041afd0 f   cximaged:ximapal.obj
 0001:0001a0a0       ?GetPalette@CxImage@@QBEPAUtagRGBQUAD@@XZ 0041b0a0 f   cximaged:ximapal.obj
 0001:0001a0f0       ?GetPaletteColor@CxImage@@QAE?AUtagRGBQUAD@@E@Z 0041b0f0 f   cximaged:ximapal.obj
 0001:0001a1c0       ?GetPixelIndex@CxImage@@QAEEJJ@Z 0041b1c0 f   cximaged:ximapal.obj
 0001:0001a350       ?BlindGetPixelIndex@CxImage@@IAEEJJ@Z 0041b350 f   cximaged:ximapal.obj
 0001:0001a4d0       ?GetPixelColor@CxImage@@QAE?AUtagRGBQUAD@@JJ_N@Z 0041b4d0 f   cximaged:ximapal.obj
 0001:0001a670       ?BlindGetPixelColor@CxImage@@IAE?AUtagRGBQUAD@@JJ@Z 0041b670 f   cximaged:ximapal.obj
 0001:0001a780       ?GetPixelGray@CxImage@@QAEEJJ@Z 0041b780 f   cximaged:ximapal.obj
 0001:0001a800       ?SetPixelIndex@CxImage@@QAEXJJE@Z 0041b800 f   cximaged:ximapal.obj
 0001:0001a990       ?SetPixelColor@CxImage@@QAEXJJK@Z 0041b990 f   cximaged:ximapal.obj
 0001:0001a9f0       ?SetPixelColor@CxImage@@QAEXJJUtagRGBQUAD@@_N@Z 0041b9f0 f   cximaged:ximapal.obj
 0001:0001aae0       ?BlendPixelColor@CxImage@@QAEXJJUtagRGBQUAD@@M_N@Z 0041bae0 f   cximaged:ximapal.obj
 0001:0001ac70       ?GetNearestIndex@CxImage@@QAEEUtagRGBQUAD@@@Z 0041bc70 f   cximaged:ximapal.obj
 0001:0001ae20       ?RGBtoBGR@CxImage@@IAEXPAEH@Z 0041be20 f   cximaged:ximapal.obj
 0001:0001aec0       ?RGBtoRGBQUAD@CxImage@@SA?AUtagRGBQUAD@@K@Z 0041bec0 f   cximaged:ximapal.obj
 0001:0001af10       ?RGBQUADtoRGB@CxImage@@SAKUtagRGBQUAD@@@Z 0041bf10 f   cximaged:ximapal.obj
 0001:0001af60       ?GetPaletteColor@CxImage@@QAE_NEPAE00@Z 0041bf60 f   cximaged:ximapal.obj
 0001:0001aff0       ?SetPalette@CxImage@@QAEXKPAE00@Z 0041bff0 f   cximaged:ximapal.obj
 0001:0001b0e0       ?SetPalette@CxImage@@QAEXPAUrgb_color@1@K@Z 0041c0e0 f   cximaged:ximapal.obj
 0001:0001b1d0       ?SetPalette@CxImage@@QAEXPAUtagRGBQUAD@@K@Z 0041c1d0 f   cximaged:ximapal.obj
 0001:0001b270       ?SetGrayPalette@CxImage@@QAEXXZ 0041c270 f   cximaged:ximapal.obj
 0001:0001b330       ?BlendPalette@CxImage@@QAEXKJ@Z 0041c330 f   cximaged:ximapal.obj
 0001:0001b480       ?IsGrayScale@CxImage@@QAE_NXZ 0041c480 f   cximaged:ximapal.obj
 0001:0001b530       ?SwapIndex@CxImage@@QAEXEE@Z 0041c530 f   cximaged:ximapal.obj
 0001:0001b670       ?IsTransparent@CxImage@@QAE_NJJ@Z 0041c670 f   cximaged:ximapal.obj
 0001:0001b750       ?IsSamePalette@CxImage@@QAE_NAAV1@_N@Z 0041c750 f   cximaged:ximapal.obj
 0001:0001b870       ?GetClrImportant@CxImage@@QBEKXZ 0041c870 f   cximaged:ximapal.obj
 0001:0001b8a0       ?SetClrImportant@CxImage@@QAEXK@Z 0041c8a0 f   cximaged:ximapal.obj
 0001:0001b950       ?BlindGetPixelPointer@CxImage@@IAEPAXJJ@Z 0041c950 f   cximaged:ximapal.obj
 0001:0001b9b0       ?DrawLine@CxImage@@QAEXHHHHK@Z 0041c9b0 f   cximaged:ximapal.obj
 0001:0001ba10       ?DrawLine@CxImage@@QAEXHHHHUtagRGBQUAD@@_N@Z 0041ca10 f   cximaged:ximapal.obj
 0001:0001bbc0       ?SetStdPalette@CxImage@@QAEXXZ 0041cbc0 f   cximaged:ximapal.obj
 0001:0001d8c0       ?Decode@CxImageJPG@@QAE_NPAU_iobuf@@@Z 0041e8c0 f i cximaged:ximaenc.obj
 0001:0001d950       ?Encode@CxImageJPG@@QAE_NPAU_iobuf@@@Z 0041e950 f i cximaged:ximaenc.obj
 0001:0001d9e0       ?DecodeExif@CxImageJPG@@QAE_NPAU_iobuf@@@Z 0041e9e0 f i cximaged:ximaenc.obj
 0001:0001da70       ??4CxExifInfo@CxImageJPG@@QAEAAV01@ABV01@@Z 0041ea70 f i cximaged:ximaenc.obj
 0001:0001dab0       ??_FCxExifInfo@CxImageJPG@@QAEXXZ 0041eab0 f i cximaged:ximaenc.obj
 0001:0001daf0       ??0CxImageJPG@@QAE@ABV0@@Z 0041eaf0 f i cximaged:ximaenc.obj
 0001:0001dbd0       ??4CxImageJPG@@QAEAAV0@ABV0@@Z 0041ebd0 f i cximaged:ximaenc.obj
 0001:0001dca0       ??_ECxImageJPG@@UAEPAXI@Z  0041eca0 f i cximaged:ximaenc.obj
 0001:0001dd40       ??0CxImageGIF@@QAE@XZ      0041ed40 f i cximaged:ximaenc.obj
 0001:0001ddb0       ?Decode@CxImageGIF@@QAE_NPAU_iobuf@@@Z 0041edb0 f i cximaged:ximaenc.obj
 0001:0001de40       ?Encode@CxImageGIF@@QAE_NPAU_iobuf@@@Z 0041ee40 f i cximaged:ximaenc.obj
 0001:0001ded0       ?Encode@CxImageGIF@@QAE_NPAU_iobuf@@PAPAVCxImage@@H_N@Z 0041eed0 f i cximaged:ximaenc.obj
 0001:0001df60       ??0CxImageGIF@@QAE@ABV0@@Z 0041ef60 f i cximaged:ximaenc.obj
 0001:0001e310       ??4CxImageGIF@@QAEAAV0@ABV0@@Z 0041f310 f i cximaged:ximaenc.obj
 0001:0001e7b0       ??_ECxImageGIF@@UAEPAXI@Z  0041f7b0 f i cximaged:ximaenc.obj
 0001:0001e850       ?EncodeSafeCheck@CxImage@@IAE_NPAVCxFile@@@Z 0041f850 f   cximaged:ximaenc.obj
 0001:0001e8d0       ?Save@CxImage@@QAE_NPBDK@Z 0041f8d0 f   cximaged:ximaenc.obj
 0001:0001e960       ?Encode@CxImage@@QAE_NPAU_iobuf@@K@Z 0041f960 f   cximaged:ximaenc.obj
 0001:0001e9f0       ?Encode@CxImage@@QAE_NAAPAEAAJK@Z 0041f9f0 f   cximaged:ximaenc.obj
 0001:0001eae0       ?Encode@CxImage@@QAE_NPAVCxFile@@K@Z 0041fae0 f   cximaged:ximaenc.obj
 0001:0001ed40       ??0CxImageBMP@@QAE@XZ      0041fd40 f i cximaged:ximaenc.obj
 0001:0001ed90       ??_ECxImageBMP@@UAEPAXI@Z  0041fd90 f i cximaged:ximaenc.obj
 0001:0001ed90       ??_GCxImageBMP@@UAEPAXI@Z  0041fd90 f i cximaged:ximaenc.obj
 0001:0001edf0       ??1CxImageGIF@@UAE@XZ      0041fdf0 f i cximaged:ximaenc.obj
 0001:0001edf0       ??1CxImageBMP@@UAE@XZ      0041fdf0 f i cximaged:ximaenc.obj
 0001:0001ee30       ?Encode@CxImage@@QAE_NPAU_iobuf@@PAPAV1@HK@Z 0041fe30 f   cximaged:ximaenc.obj
 0001:0001eec0       ?Encode@CxImage@@QAE_NPAVCxFile@@PAPAV1@HK@Z 0041fec0 f   cximaged:ximaenc.obj
 0001:0001efe0       ?Encode2RGBA@CxImage@@QAE_NAAPAEAAJ@Z 0041ffe0 f   cximaged:ximaenc.obj
 0001:0001f0d0       ?Encode2RGBA@CxImage@@QAE_NPAVCxFile@@@Z 004200d0 f   cximaged:ximaenc.obj
 0001:0001f1e0       ?Load@CxImage@@QAE_NPBDK@Z 004201e0 f   cximaged:ximaenc.obj
 0001:0001f330       ?LoadResource@CxImage@@QAE_NPAUHRSRC__@@KPAUHINSTANCE__@@@Z 00420330 f   cximaged:ximaenc.obj
 0001:0001f430       ??0CxImage@@QAE@PBDK@Z     00420430 f   cximaged:ximaenc.obj
 0001:0001f490       ??0CxImage@@QAE@PAU_iobuf@@K@Z 00420490 f   cximaged:ximaenc.obj
 0001:0001f4f0       ??0CxImage@@QAE@PAVCxFile@@K@Z 004204f0 f   cximaged:ximaenc.obj
 0001:0001f550       ??0CxImage@@QAE@PAEKK@Z    00420550 f   cximaged:ximaenc.obj
 0001:0001f5f0       ?Decode@CxImage@@QAE_NPAEKK@Z 004205f0 f   cximaged:ximaenc.obj
 0001:0001f680       ?Decode@CxImage@@QAE_NPAU_iobuf@@K@Z 00420680 f   cximaged:ximaenc.obj
 0001:0001f710       ?Decode@CxImage@@QAE_NPAVCxFile@@K@Z 00420710 f   cximaged:ximaenc.obj
 0001:0001fba0       ?AlphaGetMax@CxImage@@QBEEXZ 00420ba0 f   cximaged:ximalpha.obj
 0001:0001fbd0       ?AlphaSetMax@CxImage@@QAEXE@Z 00420bd0 f   cximaged:ximalpha.obj
 0001:0001fc10       ?AlphaIsValid@CxImage@@QAE_NXZ 00420c10 f   cximaged:ximalpha.obj
 0001:0001fc50       ?AlphaPaletteEnable@CxImage@@QAEX_N@Z 00420c50 f   cximaged:ximalpha.obj
 0001:0001fc90       ?AlphaPaletteIsEnabled@CxImage@@QAE_NXZ 00420c90 f   cximaged:ximalpha.obj
 0001:0001fcc0       ?AlphaClear@CxImage@@QAEXXZ 00420cc0 f   cximaged:ximalpha.obj
 0001:0001fd20       ?AlphaSet@CxImage@@QAEXE@Z 00420d20 f   cximaged:ximalpha.obj
 0001:0001fd90       ?AlphaCreate@CxImage@@QAEXXZ 00420d90 f   cximaged:ximalpha.obj
 0001:0001fe30       ?AlphaDelete@CxImage@@QAEXXZ 00420e30 f   cximaged:ximalpha.obj
 0001:0001fea0       ?AlphaInvert@CxImage@@QAEXXZ 00420ea0 f   cximaged:ximalpha.obj
 0001:0001ff20       ?AlphaCopy@CxImage@@QAE_NAAV1@@Z 00420f20 f   cximaged:ximalpha.obj
 0001:00020010       ?AlphaSet@CxImage@@QAE_NAAV1@@Z 00421010 f   cximaged:ximalpha.obj
 0001:00020120       ?AlphaSet@CxImage@@QAEXJJE@Z 00421120 f   cximaged:ximalpha.obj
 0001:000201a0       ?AlphaGet@CxImage@@QAEEJJ@Z 004211a0 f   cximaged:ximalpha.obj
 0001:00020220       ?AlphaGetPointer@CxImage@@QAEPAEJJ@Z 00421220 f   cximaged:ximalpha.obj
 0001:000202a0       ?BlindAlphaGet@CxImage@@IAEEJJ@Z 004212a0 f   cximaged:ximalpha.obj
 0001:00020330       ?AlphaPaletteClear@CxImage@@QAEXXZ 00421330 f   cximaged:ximalpha.obj
 0001:000203b0       ?AlphaPaletteIsValid@CxImage@@QAE_NXZ 004213b0 f   cximaged:ximalpha.obj
 0001:00020430       ?AlphaStrip@CxImage@@QAEXXZ 00421430 f   cximaged:ximalpha.obj
 0001:00020850       ?AlphaFlip@CxImage@@QAE_NXZ 00421850 f   cximaged:ximalpha.obj
 0001:00020960       ?AlphaMirror@CxImage@@QAE_NXZ 00421960 f   cximaged:ximalpha.obj
 0001:00020a80       ?AlphaSplit@CxImage@@QAE_NPAV1@@Z 00421a80 f   cximaged:ximalpha.obj
 0001:00020c20       ?AlphaPaletteSplit@CxImage@@QAE_NPAV1@@Z 00421c20 f   cximaged:ximalpha.obj
 0001:00020dc0       ?SelectionIsValid@CxImage@@QAE_NXZ 00421dc0 f   cximaged:ximasel.obj
 0001:00020e00       ?SelectionGetBox@CxImage@@QAEXAAUtagRECT@@@Z 00421e00 f   cximaged:ximasel.obj
 0001:00020e50       ?SelectionClear@CxImage@@QAE_NXZ 00421e50 f   cximaged:ximasel.obj
 0001:00020ef0       ?SelectionCreate@CxImage@@QAE_NXZ 00421ef0 f   cximaged:ximasel.obj
 0001:00020f60       ?SelectionDelete@CxImage@@QAE_NXZ 00421f60 f   cximaged:ximasel.obj
 0001:00021000       ?SelectionIsInside@CxImage@@QAE_NJJ@Z 00422000 f   cximaged:ximasel.obj
 0001:00021080       ?SelectionAddRect@CxImage@@QAE_NUtagRECT@@@Z 00422080 f   cximaged:ximasel.obj
 0001:00021470       ?SelectionAddEllipse@CxImage@@QAE_NUtagRECT@@@Z 00422470 f   cximaged:ximasel.obj
 0001:00021a50       ?SelectionInvert@CxImage@@QAE_NXZ 00422a50 f   cximaged:ximasel.obj
 0001:00021ae0       ?SelectionCopy@CxImage@@QAE_NAAV1@@Z 00422ae0 f   cximaged:ximasel.obj
 0001:00021bd0       ?SelectionAddPolygon@CxImage@@QAE_NPAUtagPOINT@@J@Z 00422bd0 f   cximaged:ximasel.obj
 0001:00022810       ?SelectionAddColor@CxImage@@QAE_NUtagRGBQUAD@@@Z 00423810 f   cximaged:ximasel.obj
 0001:000229f0       ?SelectionAddPixel@CxImage@@QAE_NHH@Z 004239f0 f   cximaged:ximasel.obj
 0001:00022a80       ?SelectionSplit@CxImage@@QAE_NPAV1@@Z 00423a80 f   cximaged:ximasel.obj
 0001:00022c20       ?SelectionToHRGN@CxImage@@QAE_NAAPAUHRGN__@@@Z 00423c20 f   cximaged:ximasel.obj
 0001:00022dd0       ??4CxPoint2@@QAEAAV0@ABV0@@Z 00423dd0 f i cximaged:ximatran.obj
 0001:00022e10       ??4CxRect2@@QAEAAV0@ABV0@@Z 00423e10 f i cximaged:ximatran.obj
 0001:00022e60       ?GrayScale@CxImage@@QAE_NXZ 00423e60 f   cximaged:ximatran.obj
 0001:00023350       ?Flip@CxImage@@QAE_NXZ     00424350 f   cximaged:ximatran.obj
 0001:000234e0       ?Mirror@CxImage@@QAE_NXZ   004244e0 f   cximaged:ximatran.obj
 0001:000237a0       ?RotateLeft@CxImage@@QAE_NPAV1@@Z 004247a0 f   cximaged:ximatran.obj
 0001:00023fa0       ?RotateRight@CxImage@@QAE_NPAV1@@Z 00424fa0 f   cximaged:ximatran.obj
 0001:00024780       ?Negative@CxImage@@QAE_NXZ 00425780 f   cximaged:ximatran.obj
 0001:00024b00       ?Rotate@CxImage@@QAE_NMPAV1@@Z 00425b00 f   cximaged:ximatran.obj
 0001:000253b0       ?Rotate2@CxImage@@QAE_NMPAV1@W4InterpolationMethod@1@W4OverflowMethod@1@PAUtagRGBQUAD@@_N4@Z 004263b0 f   cximaged:ximatran.obj
 0001:00026100       ?Rotate180@CxImage@@QAE_NPAV1@@Z 00427100 f   cximaged:ximatran.obj
 0001:000263a0       ?Resample@CxImage@@QAE_NJJHPAV1@@Z 004273a0 f   cximaged:ximatran.obj
 0001:000279c0       ?Resample2@CxImage@@QAE_NJJW4InterpolationMethod@1@W4OverflowMethod@1@QAV1@_N@Z 004289c0 f   cximaged:ximatran.obj
 0001:00027f70       ?DecreaseBpp@CxImage@@QAE_NK_NPAUtagRGBQUAD@@K@Z 00428f70 f   cximaged:ximatran.obj
 0001:00028990       ?IncreaseBpp@CxImage@@QAE_NK@Z 00429990 f   cximaged:ximatran.obj
 0001:00028f80       ?Dither@CxImage@@QAE_NJ@Z  00429f80 f   cximaged:ximatran.obj
 0001:0002b690       ?CropRotatedRectangle@CxImage@@QAE_NJJJJMPAV1@@Z 0042c690 f   cximaged:ximatran.obj
 0001:0002b9e0       ?Crop@CxImage@@QAE_NABUtagRECT@@PAV1@@Z 0042c9e0 f   cximaged:ximatran.obj
 0001:0002ba40       ?Crop@CxImage@@QAE_NJJJJPAV1@@Z 0042ca40 f   cximaged:ximatran.obj
 0001:0002c090       ?Skew@CxImage@@QAE_NMMJJ_N@Z 0042d090 f   cximaged:ximatran.obj
 0001:0002c400       ?Expand@CxImage@@QAE_NJJJJUtagRGBQUAD@@PAV1@@Z 0042d400 f   cximaged:ximatran.obj
 0001:0002c900       ?Expand@CxImage@@QAE_NJJUtagRGBQUAD@@PAV1@@Z 0042d900 f   cximaged:ximatran.obj
 0001:0002c9c0       ?Thumbnail@CxImage@@QAE_NJJUtagRGBQUAD@@PAV1@@Z 0042d9c0 f   cximaged:ximatran.obj
 0001:0002cb80       ?CircleTransform@CxImage@@QAE_NHJM@Z 0042db80 f   cximaged:ximatran.obj
 0001:0002d080       ?QIShrink@CxImage@@QAE_NJJQAV1@@Z 0042e080 f   cximaged:ximatran.obj
 0001:0002da00       ?OverflowCoordinates@CxImage@@QAEXAAJ0W4OverflowMethod@1@@Z 0042ea00 f   cximaged:ximaint.obj
 0001:0002dc00       ?OverflowCoordinates@CxImage@@QAEXAAM0W4OverflowMethod@1@@Z 0042ec00 f   cximaged:ximaint.obj
 0001:0002df20       ?GetPixelColorWithOverflow@CxImage@@QAE?AUtagRGBQUAD@@JJW4OverflowMethod@1@QAU2@@Z 0042ef20 f   cximaged:ximaint.obj
 0001:0002e0c0       ?GetPixelColorInterpolated@CxImage@@QAE?AUtagRGBQUAD@@MMW4InterpolationMethod@1@W4OverflowMethod@1@QAU2@@Z 0042f0c0 f   cximaged:ximaint.obj
 0001:00030200       ?AddAveragingCont@CxImage@@IAEXABUtagRGBQUAD@@MAAM111@Z 00431200 f   cximaged:ximaint.obj
 0001:000302a0       ?GetAreaColorInterpolated@CxImage@@QAE?AUtagRGBQUAD@@MMMMW4InterpolationMethod@1@W4OverflowMethod@1@QAU2@@Z 004312a0 f   cximaged:ximaint.obj
 0001:00030ae0       ?KernelBSpline@CxImage@@SAMM@Z 00431ae0 f   cximaged:ximaint.obj
 0001:00030c00       ?KernelLinear@CxImage@@SAMM@Z 00431c00 f   cximaged:ximaint.obj
 0001:00030c80       ?KernelCubic@CxImage@@SAMM@Z 00431c80 f   cximaged:ximaint.obj
 0001:00030d30       ?KernelGeneralizedCubic@CxImage@@SAMMM@Z 00431d30 f   cximaged:ximaint.obj
 0001:00030df0       ?KernelLanczosSinc@CxImage@@SAMMM@Z 00431df0 f   cximaged:ximaint.obj
 0001:00030ea0       ?KernelBox@CxImage@@SAMM@Z 00431ea0 f   cximaged:ximaint.obj
 0001:00030f00       ?KernelHermite@CxImage@@SAMM@Z 00431f00 f   cximaged:ximaint.obj
 0001:00030fa0       ?KernelHamming@CxImage@@SAMM@Z 00431fa0 f   cximaged:ximaint.obj
 0001:00031050       ?KernelSinc@CxImage@@SAMM@Z 00432050 f   cximaged:ximaint.obj
 0001:000310c0       ?KernelBlackman@CxImage@@SAMM@Z 004320c0 f   cximaged:ximaint.obj
 0001:00031140       ?KernelBessel_J1@CxImage@@SAMM@Z 00432140 f   cximaged:ximaint.obj
 0001:000311d0       ?KernelBessel_P1@CxImage@@SAMM@Z 004321d0 f   cximaged:ximaint.obj
 0001:00031280       ?KernelBessel_Q1@CxImage@@SAMM@Z 00432280 f   cximaged:ximaint.obj
 0001:00031330       ?KernelBessel_Order1@CxImage@@SAMM@Z 00432330 f   cximaged:ximaint.obj
 0001:000314d0       ?KernelBessel@CxImage@@SAMM@Z 004324d0 f   cximaged:ximaint.obj
 0001:00031540       ?KernelGaussian@CxImage@@SAMM@Z 00432540 f   cximaged:ximaint.obj
 0001:00031590       ?KernelQuadratic@CxImage@@SAMM@Z 00432590 f   cximaged:ximaint.obj
 0001:00031650       ?KernelMitchell@CxImage@@SAMM@Z 00432650 f   cximaged:ximaint.obj
 0001:00031760       ?KernelCatrom@CxImage@@SAMM@Z 00432760 f   cximaged:ximaint.obj
 0001:00031880       ??0CxImageJPG@@QAE@XZ      00432880 f   cximaged:ximajpg.obj
 0001:000318f0       ??1CxImageJPG@@UAE@XZ      004328f0 f   cximaged:ximajpg.obj
 0001:000319a0       ??_GCxExifInfo@CxImageJPG@@QAEPAXI@Z 004329a0 f i cximaged:ximajpg.obj
 0001:00031a00       ?DecodeExif@CxImageJPG@@QAE_NPAVCxFile@@@Z 00432a00 f   cximaged:ximajpg.obj
 0001:00031b10       ?Decode@CxImageJPG@@QAE_NPAVCxFile@@@Z 00432b10 f   cximaged:ximajpg.obj
 0001:000322b0       ??0CxFileJpg@CxImageJPG@@QAE@PAVCxFile@@@Z 004332b0 f i cximaged:ximajpg.obj
 0001:00032370       ??1CxFileJpg@CxImageJPG@@QAE@XZ 00433370 f i cximaged:ximajpg.obj
 0001:000323c0       ?InitDestination@CxFileJpg@CxImageJPG@@SAXPAUjpeg_compress_struct@@@Z 004333c0 f i cximaged:ximajpg.obj
 0001:00032400       ?EmptyOutputBuffer@CxFileJpg@CxImageJPG@@SAEPAUjpeg_compress_struct@@@Z 00433400 f i cximaged:ximajpg.obj
 0001:000324a0       ?TermDestination@CxFileJpg@CxImageJPG@@SAXPAUjpeg_compress_struct@@@Z 004334a0 f i cximaged:ximajpg.obj
 0001:00032590       ?InitSource@CxFileJpg@CxImageJPG@@SAXPAUjpeg_decompress_struct@@@Z 00433590 f i cximaged:ximajpg.obj
 0001:000325e0       ?FillInputBuffer@CxFileJpg@CxImageJPG@@SAEPAUjpeg_decompress_struct@@@Z 004335e0 f i cximaged:ximajpg.obj
 0001:000326f0       ?SkipInputData@CxFileJpg@CxImageJPG@@SAXPAUjpeg_decompress_struct@@J@Z 004336f0 f i cximaged:ximajpg.obj
 0001:00032790       ?_Destroy@std@@YAXPAPAVCBlob@@@Z 00433790 f i cximaged:ximajpg.obj
 0001:00032790       ?_Destroy@std@@YAXPAN@Z    00433790 f i cximaged:ximajpg.obj
 0001:00032790       ?_Destroy@std@@YAXPAUCvPoint@@@Z 00433790 f i cximaged:ximajpg.obj
 0001:00032790       ?TermSource@CxFileJpg@CxImageJPG@@SAXPAUjpeg_decompress_struct@@@Z 00433790 f i cximaged:ximajpg.obj
 0001:000327b0       ?Upset@CImageIterator@@QAEXXZ 004337b0 f i cximaged:ximajpg.obj
 0001:00032830       ?PrevRow@CImageIterator@@QAEHXZ 00433830 f i cximaged:ximajpg.obj
 0001:000328a0       ?SetRow@CImageIterator@@QAEXPAEH@Z 004338a0 f i cximaged:ximajpg.obj
 0001:00032940       ?GetRow@CImageIterator@@QAEPAEXZ 00433940 f i cximaged:ximajpg.obj
 0001:000329e0       ?Encode@CxImageJPG@@QAE_NPAVCxFile@@@Z 004339e0 f   cximaged:ximajpg.obj
 0001:00032e40       ?GetRow@CImageIterator@@QAEXPAEH@Z 00433e40 f i cximaged:ximajpg.obj
 0001:00032ea0       ??0CxExifInfo@CxImageJPG@@QAE@PAUtag_ExifInfo@1@@Z 00433ea0 f   cximaged:ximaexif.obj
 0001:00032f70       ??1CxExifInfo@CxImageJPG@@QAE@XZ 00433f70 f   cximaged:ximaexif.obj
 0001:00033020       ?DecodeExif@CxExifInfo@CxImageJPG@@QAE_NPAVCxFile@@H@Z 00434020 f   cximaged:ximaexif.obj
 0001:00033640       ?process_EXIF@CxExifInfo@CxImageJPG@@IAE_NPAEI@Z 00434640 f   cximaged:ximaexif.obj
 0001:00033840       ?Get16m@CxExifInfo@CxImageJPG@@IAEHPAX@Z 00434840 f   cximaged:ximaexif.obj
 0001:00033880       ?Get16u@CxExifInfo@CxImageJPG@@IAEHPAX@Z 00434880 f   cximaged:ximaexif.obj
 0001:000338e0       ?Get32s@CxExifInfo@CxImageJPG@@IAEJPAX@Z 004348e0 f   cximaged:ximaexif.obj
 0001:00033970       ?Get32u@CxExifInfo@CxImageJPG@@IAEKPAX@Z 00434970 f   cximaged:ximaexif.obj
 0001:000339b0       ?ProcessExifDir@CxExifInfo@CxImageJPG@@IAE_NPAE0IQAUtag_ExifInfo@2@QAPAE@Z 004349b0 f   cximaged:ximaexif.obj
 0001:00034520       ?ConvertAnyFormat@CxExifInfo@CxImageJPG@@IAENPAXH@Z 00435520 f   cximaged:ximaexif.obj
 0001:000346b0       ?process_COM@CxExifInfo@CxImageJPG@@IAEXPBEH@Z 004356b0 f   cximaged:ximaexif.obj
 0001:000347f0       ?process_SOFn@CxExifInfo@CxImageJPG@@IAEXPBEH@Z 004357f0 f   cximaged:ximaexif.obj
 0001:00034890       ?EncodeExif@CxExifInfo@CxImageJPG@@QAE_NPAVCxFile@@@Z 00435890 f   cximaged:ximaexif.obj
 0001:00034a40       ?DiscardAllButExif@CxExifInfo@CxImageJPG@@QAEXXZ 00435a40 f   cximaged:ximaexif.obj
 0001:00034c00       ?FindSection@CxExifInfo@CxImageJPG@@IAEPAXH@Z 00435c00 f   cximaged:ximaexif.obj
 0001:00034c80       ?Decode@CxImageGIF@@QAE_NPAVCxFile@@@Z 00435c80 f   cximaged:ximagif.obj
 0001:000357e0       ?DecodeExtension@CxImageGIF@@IAE_NPAVCxFile@@@Z 004367e0 f   cximaged:ximagif.obj
 0001:00035bb0       ?get_byte@CxImageGIF@@IAEHPAVCxFile@@@Z 00436bb0 f   cximaged:ximagif.obj
 0001:00035ca0       ?out_line@CxImageGIF@@IAEHPAVCImageIterator@@PAEH@Z 00436ca0 f   cximaged:ximagif.obj
 0001:00035f00       ?ItOK@CImageIterator@@QAEHXZ 00436f00 f i cximaged:ximagif.obj
 0001:00035f60       ?Encode@CxImageGIF@@QAE_NPAVCxFile@@@Z 00436f60 f   cximaged:ximagif.obj
 0001:00036010       ?Encode@CxImageGIF@@QAE_NPAVCxFile@@PAPAVCxImage@@H_N@Z 00437010 f   cximaged:ximagif.obj
 0001:000362d0       ?EncodeHeader@CxImageGIF@@IAEXPAVCxFile@@@Z 004372d0 f   cximaged:ximagif.obj
 0001:00036460       ?EncodeExtension@CxImageGIF@@IAEXPAVCxFile@@@Z 00437460 f   cximaged:ximagif.obj
 0001:000365b0       ?EncodeLoopExtension@CxImageGIF@@IAEXPAVCxFile@@@Z 004375b0 f   cximaged:ximagif.obj
 0001:000366a0       ?EncodeBody@CxImageGIF@@IAEXPAVCxFile@@_N@Z 004376a0 f   cximaged:ximagif.obj
 0001:00036910       ?EncodeComment@CxImageGIF@@IAEXPAVCxFile@@@Z 00437910 f   cximaged:ximagif.obj
 0001:000369f0       ?EncodeRGB@CxImageGIF@@IAE_NPAVCxFile@@@Z 004379f0 f   cximaged:ximagif.obj
 0001:00036d30       ?GifNextPixel@CxImageGIF@@IAEHXZ 00437d30 f   cximaged:ximagif.obj
 0001:00036e00       ?Putword@CxImageGIF@@IAEXHPAVCxFile@@@Z 00437e00 f   cximaged:ximagif.obj
 0001:00036e80       ?compressNONE@CxImageGIF@@IAEXHPAVCxFile@@@Z 00437e80 f   cximaged:ximagif.obj
 0001:00037040       ?compressLZW@CxImageGIF@@IAEXHPAVCxFile@@@Z 00438040 f   cximaged:ximagif.obj
 0001:00037350       ?output@CxImageGIF@@IAEXF@Z 00438350 f   cximaged:ximagif.obj
 0001:000375d0       ?cl_hash@CxImageGIF@@IAEXJ@Z 004385d0 f   cximaged:ximagif.obj
 0001:000376f0       ?char_out@CxImageGIF@@IAEXH@Z 004386f0 f   cximaged:ximagif.obj
 0001:00037770       ?flush_char@CxImageGIF@@IAEXXZ 00438770 f   cximaged:ximagif.obj
 0001:00037820       ?init_exp@CxImageGIF@@IAEFF@Z 00438820 f   cximaged:ximagif.obj
 0001:00037940       ?get_next_code@CxImageGIF@@IAEFPAVCxFile@@@Z 00438940 f   cximaged:ximagif.obj
 0001:00037c70       ?decoder@CxImageGIF@@IAEFPAVCxFile@@PAVCImageIterator@@FAAH@Z 00438c70 f   cximaged:ximagif.obj
 0001:00038100       ?get_num_frames@CxImageGIF@@IAEHPAVCxFile@@PAUtag_TabCol@1@PAUtag_dscgif@1@@Z 00439100 f   cximaged:ximagif.obj
 0001:00038590       ?seek_next_image@CxImageGIF@@IAEJPAVCxFile@@J@Z 00439590 f   cximaged:ximagif.obj
 0001:00038650       ?SetDisposalMethod@CxImageGIF@@QAEXH@Z 00439650 f   cximaged:ximagif.obj
 0001:00038690       ?GetDisposalMethod@CxImageGIF@@QAEJXZ 00439690 f   cximaged:ximagif.obj
 0001:000386c0       ?SetLoops@CxImageGIF@@QAEXH@Z 004396c0 f   cximaged:ximagif.obj
 0001:00038700       ?GetLoops@CxImageGIF@@QAEJXZ 00439700 f   cximaged:ximagif.obj
 0001:00038730       ?SetComment@CxImageGIF@@QAEXPBD@Z 00439730 f   cximaged:ximagif.obj
 0001:00038790       ?GetComment@CxImageGIF@@QAEXPAD@Z 00439790 f   cximaged:ximagif.obj
 0001:000387f0       ?GifMix@CxImageGIF@@IAEXAAVCxImage@@AAUtag_image@1@@Z 004397f0 f   cximaged:ximagif.obj
 0001:00038960       ?rle_clear@CxImageGIF@@IAEXPAUtag_RLE@1@@Z 00439960 f   cximaged:ximagif.obj
 0001:000389d0       ?rle_flush@CxImageGIF@@IAEXPAUtag_RLE@1@@Z 004399d0 f   cximaged:ximagif.obj
 0001:00038a90       ?rle_output_plain@CxImageGIF@@IAEXHPAUtag_RLE@1@@Z 00439a90 f   cximaged:ximagif.obj
 0001:00038b60       ?rle_flush_fromclear@CxImageGIF@@IAEXHPAUtag_RLE@1@@Z 00439b60 f   cximaged:ximagif.obj
 0001:00038cb0       ?rle_reset_out_clear@CxImageGIF@@IAEXPAUtag_RLE@1@@Z 00439cb0 f   cximaged:ximagif.obj
 0001:00038d20       ?rle_flush_withtable@CxImageGIF@@IAEXHPAUtag_RLE@1@@Z 00439d20 f   cximaged:ximagif.obj
 0001:00038ec0       ?rle_compute_triangle_count@CxImageGIF@@IAEIII@Z 00439ec0 f   cximaged:ximagif.obj
 0001:00038f90       ?rle_isqrt@CxImageGIF@@IAEII@Z 00439f90 f   cximaged:ximagif.obj
 0001:00039030       ?rle_flush_clearorrep@CxImageGIF@@IAEXHPAUtag_RLE@1@@Z 0043a030 f   cximaged:ximagif.obj
 0001:000390e0       ?rle_write_block@CxImageGIF@@IAEXPAUtag_RLE@1@@Z 0043a0e0 f   cximaged:ximagif.obj
 0001:00039180       ?rle_block_out@CxImageGIF@@IAEXEPAUtag_RLE@1@@Z 0043a180 f   cximaged:ximagif.obj
 0001:00039200       ?rle_block_flush@CxImageGIF@@IAEXPAUtag_RLE@1@@Z 0043a200 f   cximaged:ximagif.obj
 0001:00039250       ?rle_output@CxImageGIF@@IAEXHPAUtag_RLE@1@@Z 0043a250 f   cximaged:ximagif.obj
 0001:000392f0       ?rle_output_flush@CxImageGIF@@IAEXPAUtag_RLE@1@@Z 0043a2f0 f   cximaged:ximagif.obj
 0001:00039350       ?compressRLE@CxImageGIF@@IAEXHPAVCxFile@@@Z 0043a350 f   cximaged:ximagif.obj
 0001:00039530       ?Encode@CxImageBMP@@QAE_NPAVCxFile@@@Z 0043a530 f   cximaged:ximabmp.obj
 0001:00039610       ?Decode@CxImageBMP@@QAE_NPAVCxFile@@@Z 0043a610 f   cximaged:ximabmp.obj
 0001:0003a550       ?DibReadBitmapInfo@CxImageBMP@@IAE_NPAVCxFile@@PAUtagBITMAPINFOHEADER@@@Z 0043b550 f   cximaged:ximabmp.obj
 0001:0003a7c0       ??0CxPoint2@@QAE@XZ        0043b7c0 f   cximaged:ximath.obj
 0001:0003a800       ??0CxPoint2@@QAE@MM@Z      0043b800 f   cximaged:ximath.obj
 0001:0003a840       ??0CxPoint2@@QAE@ABV0@@Z   0043b840 f   cximaged:ximath.obj
 0001:0003a880       ?Distance@CxPoint2@@QAEMV1@@Z 0043b880 f   cximaged:ximath.obj
 0001:0003a880       ?Distance@CxPoint2@@QAEMMM@Z 0043b880 f   cximaged:ximath.obj
 0001:0003a8f0       ??0CxRect2@@QAE@XZ         0043b8f0 f   cximaged:ximath.obj
 0001:0003a940       ??0CxRect2@@QAE@MMMM@Z     0043b940 f   cximaged:ximath.obj
 0001:0003a9b0       ??0CxRect2@@QAE@ABV0@@Z    0043b9b0 f   cximaged:ximath.obj
 0001:0003aa20       ?Surface@CxRect2@@QBEMXZ   0043ba20 f   cximaged:ximath.obj
 0001:0003aa60       ?CrossSection@CxRect2@@QBE?AV1@ABV1@@Z 0043ba60 f   cximaged:ximath.obj
 0001:0003ab90       ?Center@CxRect2@@QBE?AVCxPoint2@@XZ 0043bb90 f   cximaged:ximath.obj
 0001:0003ac00       ?Width@CxRect2@@QBEMXZ     0043bc00 f   cximaged:ximath.obj
 0001:0003ac30       ?Height@CxRect2@@QBEMXZ    0043bc30 f   cximaged:ximath.obj
 0001:0003ac60       _jpeg_CreateDecompress     0043bc60 f   Jpegd:Jdapimin.obj
 0001:0003ade0       _jpeg_read_header          0043bde0 f   Jpegd:Jdapimin.obj
 0001:0003aea0       _jpeg_consume_input        0043bea0 f   Jpegd:Jdapimin.obj
 0001:0003b2b0       _jpeg_finish_decompress    0043c2b0 f   Jpegd:Jdapimin.obj
 0001:0003b3d0       _jpeg_start_decompress     0043c3d0 f   Jpegd:Jdapistd.obj
 0001:0003b670       _jpeg_read_scanlines       0043c670 f   Jpegd:Jdapistd.obj
 0001:0003b760       _jpeg_calc_output_dimensions 0043c760 f   Jpegd:Jdmaster.obj
 0001:0003bbc0       _jinit_master_decompress   0043cbc0 f   Jpegd:Jdmaster.obj
 0001:0003c330       _jpeg_std_error            0043d330 f   Jpegd:Jerror.obj
 0001:0003c650       _jpeg_resync_to_restart    0043d650 f   Jpegd:Jdmarker.obj
 0001:0003ca00       _jinit_marker_reader       0043da00 f   Jpegd:Jdmarker.obj
 0001:0003f3f0       _jpeg_CreateCompress       004403f0 f   Jpegd:Jcapimin.obj
 0001:0003f570       _jpeg_destroy_compress     00440570 f   Jpegd:Jcapimin.obj
 0001:0003f570       _jpeg_destroy_decompress   00440570 f   Jpegd:Jcapimin.obj
 0001:0003f590       _jpeg_suppress_tables      00440590 f   Jpegd:Jcapimin.obj
 0001:0003f640       _jpeg_finish_compress      00440640 f   Jpegd:Jcapimin.obj
 0001:0003f7e0       _jpeg_start_compress       004407e0 f   Jpegd:Jcapistd.obj
 0001:0003f8a0       _jpeg_write_scanlines      004408a0 f   Jpegd:Jcapistd.obj
 0001:0003f9d0       _jpeg_add_quant_table      004409d0 f   Jpegd:Jcparam.obj
 0001:0003fb00       _jpeg_set_linear_quality   00440b00 f   Jpegd:Jcparam.obj
 0001:0003fb50       _jpeg_quality_scaling      00440b50 f   Jpegd:Jcparam.obj
 0001:0003fba0       _jpeg_set_quality          00440ba0 f   Jpegd:Jcparam.obj
 0001:0003fbe0       _jpeg_set_defaults         00440be0 f   Jpegd:Jcparam.obj
 0001:0003fed0       _jpeg_default_colorspace   00440ed0 f   Jpegd:Jcparam.obj
 0001:0003ff90       _jpeg_set_colorspace       00440f90 f   Jpegd:Jcparam.obj
 0001:000405a0       _jpeg_simple_progression   004415a0 f   Jpegd:Jcparam.obj
 0001:000409d0       _jinit_input_controller    004419d0 f   Jpegd:Jdinput.obj
 0001:00041310       _jinit_memory_mgr          00442310 f   Jpegd:Jmemmgr.obj
 0001:000427c0       _jpeg_abort                004437c0 f   Jpegd:Jcomapi.obj
 0001:00042840       _jpeg_destroy              00443840 f   Jpegd:Jcomapi.obj
 0001:00042880       _jpeg_alloc_quant_table    00443880 f   Jpegd:Jcomapi.obj
 0001:000428c0       _jpeg_alloc_huff_table     004438c0 f   Jpegd:Jcomapi.obj
 0001:00042900       _jdiv_round_up             00443900 f   Jpegd:Jutils.obj
 0001:00042920       _jround_up                 00443920 f   Jpegd:Jutils.obj
 0001:00042950       _jcopy_sample_rows         00443950 f   Jpegd:Jutils.obj
 0001:000429d0       _jcopy_block_row           004439d0 f   Jpegd:Jutils.obj
 0001:00042a00       _jzero_far                 00443a00 f   Jpegd:Jutils.obj
 0001:00042a30       _jinit_d_main_controller   00443a30 f   Jpegd:Jdmainct.obj
 0001:00043400       _jinit_d_coef_controller   00444400 f   Jpegd:Jdcoefct.obj
 0001:00044a10       _jpeg_make_d_derived_tbl   00445a10 f   Jpegd:Jdhuff.obj
 0001:00044e00       _jpeg_fill_bit_buffer      00445e00 f   Jpegd:Jdhuff.obj
 0001:00044fd0       _jpeg_huff_decode          00445fd0 f   Jpegd:Jdhuff.obj
 0001:00045130       _jinit_huff_decoder        00446130 f   Jpegd:Jdhuff.obj
 0001:00045ab0       _jinit_phuff_decoder       00446ab0 f   Jpegd:Jdphuff.obj
 0001:00046d60       _jinit_inverse_dct         00447d60 f   Jpegd:Jddctmgr.obj
 0001:00047120       _jinit_d_post_controller   00448120 f   Jpegd:Jdpostct.obj
 0001:00047610       _jinit_upsampler           00448610 f   Jpegd:Jdsample.obj
 0001:000480f0       _jinit_color_deconverter   004490f0 f   Jpegd:Jdcolor.obj
 0001:000489b0       _jinit_merged_upsampler    004499b0 f   Jpegd:Jdmerge.obj
 0001:000492d0       _jinit_2pass_quantizer     0044a2d0 f   Jpegd:Jquant2.obj
 0001:0004af20       _jinit_1pass_quantizer     0044bf20 f   Jpegd:Jquant1.obj
 0001:0004c040       _jinit_marker_writer       0044d040 f   Jpegd:Jcmarker.obj
 0001:0004ce20       _jinit_compress_master     0044de20 f   Jpegd:Jcinit.obj
 0001:0004cf50       _jpeg_get_large            0044df50 f   Jpegd:Jmemnobs.obj
 0001:0004cf50       _jpeg_get_small            0044df50 f   Jpegd:Jmemnobs.obj
 0001:0004cf70       _jpeg_free_large           0044df70 f   Jpegd:Jmemnobs.obj
 0001:0004cf70       _jpeg_free_small           0044df70 f   Jpegd:Jmemnobs.obj
 0001:0004cf90       _jpeg_mem_available        0044df90 f   Jpegd:Jmemnobs.obj
 0001:0004cfb0       _jpeg_open_backing_store   0044dfb0 f   Jpegd:Jmemnobs.obj
 0001:0004cfe0       _jpeg_mem_init             0044dfe0 f   Jpegd:Jmemnobs.obj
 0001:0004d000       _jpeg_mem_term             0044e000 f   Jpegd:Jmemnobs.obj
 0001:0004d010       _jpeg_idct_float           0044e010 f   Jpegd:Jidctflt.obj
 0001:0004d620       _jpeg_idct_ifast           0044e620 f   Jpegd:Jidctfst.obj
 0001:0004dc90       _jpeg_idct_islow           0044ec90 f   Jpegd:Jidctint.obj
 0001:0004e460       _jpeg_idct_4x4             0044f460 f   Jpegd:Jidctred.obj
 0001:0004e8e0       _jpeg_idct_2x2             0044f8e0 f   Jpegd:Jidctred.obj
 0001:0004ebb0       _jpeg_idct_1x1             0044fbb0 f   Jpegd:Jidctred.obj
 0001:0004ec10       _jinit_c_main_controller   0044fc10 f   Jpegd:Jcmainct.obj
 0001:0004ee80       _jinit_c_coef_controller   0044fe80 f   Jpegd:Jccoefct.obj
 0001:0004f8d0       _jpeg_make_c_derived_tbl   004508d0 f   Jpegd:Jchuff.obj
 0001:0004fbb0       _jpeg_gen_optimal_table    00450bb0 f   Jpegd:Jchuff.obj
 0001:00050090       _jinit_huff_encoder        00451090 f   Jpegd:Jchuff.obj
 0001:00050ef0       _jinit_phuff_encoder       00451ef0 f   Jpegd:Jcphuff.obj
 0001:000520d0       _jinit_forward_dct         004530d0 f   Jpegd:Jcdctmgr.obj
 0001:00052b70       _jinit_c_prep_controller   00453b70 f   Jpegd:Jcprepct.obj
 0001:00053320       _jinit_downsampler         00454320 f   Jpegd:Jcsample.obj
 0001:00054070       _jinit_color_converter     00455070 f   Jpegd:Jccolor.obj
 0001:00054a90       _jinit_c_master_control    00455a90 f   Jpegd:Jcmaster.obj
 0001:00055c80       _jpeg_fdct_float           00456c80 f   Jpegd:Jfdctflt.obj
 0001:00055ff0       _jpeg_fdct_ifast           00456ff0 f   Jpegd:Jfdctfst.obj
 0001:00056380       _jpeg_fdct_islow           00457380 f   Jpegd:Jfdctint.obj
 0001:00056830       ??0CBlob@@QAE@XZ           00457830 f   cvblobslibd:blob.obj
 0001:000569a0       ??0CBlob@@QAE@ABV0@@Z      004579a0 f   cvblobslibd:blob.obj
 0001:00056c80       ??0CBlob@@QAE@PBV0@@Z      00457c80 f   cvblobslibd:blob.obj
 0001:00056f60       ??1CBlob@@QAE@XZ           00457f60 f   cvblobslibd:blob.obj
 0001:00056fc0       ??4CBlob@@QAEAAV0@ABV0@@Z  00457fc0 f   cvblobslibd:blob.obj
 0001:000572d0       ?FillBlob@CBlob@@QBEXPAU_IplImage@@UCvScalar@@HH@Z 004582d0 f   cvblobslibd:blob.obj
 0001:00057570       ?CopyEdges@CBlob@@QBEXAAV1@@Z 00458570 f   cvblobslibd:blob.obj
 0001:00057700       ?ClearEdges@CBlob@@QAEXXZ  00458700 f   cvblobslibd:blob.obj
 0001:00057740       ??0?$vector@UCvPoint@@V?$allocator@UCvPoint@@@std@@@std@@QAE@IABUCvPoint@@ABV?$allocator@UCvPoint@@@1@@Z 00458740 f i cvblobslibd:blob.obj
 0001:000577d0       ??1?$vector@UCvPoint@@V?$allocator@UCvPoint@@@std@@@std@@QAE@XZ 004587d0 f i cvblobslibd:blob.obj
 0001:000577d0       ??1?$vector@NV?$allocator@N@std@@@std@@QAE@XZ 004587d0 f i cvblobslibd:blob.obj
 0001:00057860       ?clear@?$vector@UCvPoint@@V?$allocator@UCvPoint@@@std@@@std@@QAEXXZ 00458860 f i cvblobslibd:blob.obj
 0001:000578b0       ?erase@?$vector@UCvPoint@@V?$allocator@UCvPoint@@@std@@@std@@QAEPAUCvPoint@@PAU3@0@Z 004588b0 f i cvblobslibd:blob.obj
 0001:00057920       ?_Destroy@?$vector@NV?$allocator@N@std@@@std@@IAEXPAN0@Z 00458920 f i cvblobslibd:blob.obj
 0001:00057920       ?_Destroy@?$vector@UCvPoint@@V?$allocator@UCvPoint@@@std@@@std@@IAEXPAUCvPoint@@0@Z 00458920 f i cvblobslibd:blob.obj
 0001:00057980       ?_Ufill@?$vector@UCvPoint@@V?$allocator@UCvPoint@@@std@@@std@@IAEXPAUCvPoint@@IABU3@@Z 00458980 f i cvblobslibd:blob.obj
 0001:000579e0       ?allocate@?$allocator@N@std@@QAEPANIPBX@Z 004589e0 f i cvblobslibd:blob.obj
 0001:000579e0       ?allocate@?$allocator@UCvPoint@@@std@@QAEPAUCvPoint@@IPBX@Z 004589e0 f i cvblobslibd:blob.obj
 0001:00057a20       ?construct@?$allocator@UCvPoint@@@std@@QAEXPAUCvPoint@@ABU3@@Z 00458a20 f i cvblobslibd:blob.obj
 0001:00057a60       ?sort@std@@YAXPAUCvPoint@@0UcomparaCvPoint@CBlob@@@Z 00458a60 f i cvblobslibd:blob.obj
 0001:00057ab0       ?copy@std@@YAPAUCvPoint@@PAU2@00@Z 00458ab0 f i cvblobslibd:blob.obj
 0001:00057b00       ?copy_backward@std@@YAPAUCvPoint@@PAU2@00@Z 00458b00 f i cvblobslibd:blob.obj
 0001:00057b50       ?_Construct@std@@YAXPAUCvPoint@@ABU2@@Z 00458b50 f i cvblobslibd:blob.obj
 0001:00057bb0       ??2@YAPAXIPAX@Z            00458bb0 f i cvblobslibd:blob.obj
 0001:00057be0       ?_Val_type@std@@YAPAUCvPoint@@PBU2@@Z 00458be0 f i cvblobslibd:blob.obj
 0001:00057be0       ?_Dist_type@std@@YAPAHPBN@Z 00458be0 f i cvblobslibd:blob.obj
 0001:00057be0       ?_Val_type@std@@YAPANPBN@Z 00458be0 f i cvblobslibd:blob.obj
 0001:00057c10       ?_Sort_0@std@@YAXPAUCvPoint@@0UcomparaCvPoint@CBlob@@0@Z 00458c10 f i cvblobslibd:blob.obj
 0001:00057ce0       ?_Insertion_sort@std@@YAXPAUCvPoint@@0UcomparaCvPoint@CBlob@@@Z 00458ce0 f i cvblobslibd:blob.obj
 0001:00057d30       ?_Sort@std@@YAXPAUCvPoint@@0UcomparaCvPoint@CBlob@@0@Z 00458d30 f i cvblobslibd:blob.obj
 0001:00057e60       ?_Unguarded_insert@std@@YAXPAUCvPoint@@U2@UcomparaCvPoint@CBlob@@@Z 00458e60 f i cvblobslibd:blob.obj
 0001:00057ef0       ?_Insertion_sort_1@std@@YAXPAUCvPoint@@0UcomparaCvPoint@CBlob@@0@Z 00458ef0 f i cvblobslibd:blob.obj
 0001:00057fc0       ?_Median@std@@YA?AUCvPoint@@U2@00UcomparaCvPoint@CBlob@@@Z 00458fc0 f i cvblobslibd:blob.obj
 0001:00058110       ?_Unguarded_partition@std@@YAPAUCvPoint@@PAU2@0U2@UcomparaCvPoint@CBlob@@@Z 00459110 f i cvblobslibd:blob.obj
 0001:000581d0       ?iter_swap@std@@YAXPAUCvPoint@@0@Z 004591d0 f i cvblobslibd:blob.obj
 0001:00058220       ?_Iter_swap@std@@YAXPAUCvPoint@@00@Z 00459220 f i cvblobslibd:blob.obj
 0001:00058270       ?Area@CBlob@@QBENXZ        00459270 f i cvblobslibd:blob.obj
 0001:000582a0       ?Perimeter@CBlob@@QBENXZ   004592a0 f i cvblobslibd:blob.obj
 0001:000582d0       ?Edges@CBlob@@QBEPAUCvSeq@@XZ 004592d0 f i cvblobslibd:blob.obj
 0001:00058300       ??RcomparaCvPoint@CBlob@@QAE_NUCvPoint@@0@Z 00459300 f i cvblobslibd:blob.obj
 0001:00058350       ??0CBlobResult@@QAE@XZ     00459350 f   cvblobslibd:BlobResult.obj
 0001:00058400       ??_ECBlobResult@@UAEPAXI@Z 00459400 f i cvblobslibd:BlobResult.obj
 0001:00058400       ??_GCBlobResult@@UAEPAXI@Z 00459400 f i cvblobslibd:BlobResult.obj
 0001:00058460       ??0CBlobResult@@QAE@PAU_IplImage@@0H_N@Z 00459460 f   cvblobslibd:BlobResult.obj
 0001:00058540       ??1CBlobResult@@UAE@XZ     00459540 f   cvblobslibd:BlobResult.obj
 0001:000585c0       ??4CBlobResult@@QAEAAV0@ABV0@@Z 004595c0 f   cvblobslibd:BlobResult.obj
 0001:00058770       ??_GCBlob@@QAEPAXI@Z       00459770 f i cvblobslibd:BlobResult.obj
 0001:000587d0       ?GetSTLResult@CBlobResult@@QBE?AV?$vector@NV?$allocator@N@std@@@std@@PAVCOperadorBlob@@@Z 004597d0 f   cvblobslibd:BlobResult.obj
 0001:00058900       ?Filter@CBlobResult@@QAEXAAV1@HPAVCOperadorBlob@@HNN@Z 00459900 f   cvblobslibd:BlobResult.obj
 0001:000592a0       ?GetBlob@CBlobResult@@QBE?AVCBlob@@H@Z 0045a2a0 f   cvblobslibd:BlobResult.obj
 0001:00059320       ?GetBlob@CBlobResult@@QAEPAVCBlob@@H@Z 0045a320 f   cvblobslibd:BlobResult.obj
 0001:00059390       ?GetNthBlob@CBlobResult@@QBEXPAVCOperadorBlob@@HAAVCBlob@@@Z 0045a390 f   cvblobslibd:BlobResult.obj
 0001:00059630       ?ClearBlobs@CBlobResult@@QAEXXZ 0045a630 f   cvblobslibd:BlobResult.obj
 0001:000596c0       ?RaiseError@CBlobResult@@ABEXH@Z 0045a6c0 f   cvblobslibd:BlobResult.obj
 0001:000597a0       ??0?$vector@NV?$allocator@N@std@@@std@@QAE@ABV?$allocator@N@1@@Z 0045a7a0 f i cvblobslibd:BlobResult.obj
 0001:000597a0       ??0?$vector@PAVCBlob@@V?$allocator@PAVCBlob@@@std@@@std@@QAE@ABV?$allocator@PAVCBlob@@@1@@Z 0045a7a0 f i cvblobslibd:BlobResult.obj
 0001:00059800       ??0?$vector@PAVCBlob@@V?$allocator@PAVCBlob@@@std@@@std@@QAE@IABQAVCBlob@@ABV?$allocator@PAVCBlob@@@1@@Z 0045a800 f i cvblobslibd:BlobResult.obj
 0001:00059890       ??1?$vector@PAVCBlob@@V?$allocator@PAVCBlob@@@std@@@std@@QAE@XZ 0045a890 f i cvblobslibd:BlobResult.obj
 0001:00059920       ??4?$vector@PAVCBlob@@V?$allocator@PAVCBlob@@@std@@@std@@QAEAAV01@ABV01@@Z 0045a920 f i cvblobslibd:BlobResult.obj
 0001:00059ad0       ?begin@?$vector@NV?$allocator@N@std@@@std@@QBEPBNXZ 0045aad0 f i cvblobslibd:BlobResult.obj
 0001:00059ad0       ?begin@?$vector@PAVCBlob@@V?$allocator@PAVCBlob@@@std@@@std@@QAEPAPAVCBlob@@XZ 0045aad0 f i cvblobslibd:BlobResult.obj
 0001:00059ad0       ?begin@?$vector@UCvPoint@@V?$allocator@UCvPoint@@@std@@@std@@QAEPAUCvPoint@@XZ 0045aad0 f i cvblobslibd:BlobResult.obj
 0001:00059ad0       ?begin@?$vector@PAVCBlob@@V?$allocator@PAVCBlob@@@std@@@std@@QBEPBQAVCBlob@@XZ 0045aad0 f i cvblobslibd:BlobResult.obj
 0001:00059ad0       ?begin@?$vector@NV?$allocator@N@std@@@std@@QAEPANXZ 0045aad0 f i cvblobslibd:BlobResult.obj
 0001:00059b00       ?end@?$vector@NV?$allocator@N@std@@@std@@QAEPANXZ 0045ab00 f i cvblobslibd:BlobResult.obj
 0001:00059b00       ?end@?$vector@UCvPoint@@V?$allocator@UCvPoint@@@std@@@std@@QAEPAUCvPoint@@XZ 0045ab00 f i cvblobslibd:BlobResult.obj
 0001:00059b00       ?end@?$vector@NV?$allocator@N@std@@@std@@QBEPBNXZ 0045ab00 f i cvblobslibd:BlobResult.obj
 0001:00059b00       ?end@?$vector@PAVCBlob@@V?$allocator@PAVCBlob@@@std@@@std@@QAEPAPAVCBlob@@XZ 0045ab00 f i cvblobslibd:BlobResult.obj
 0001:00059b00       ?end@?$vector@PAVCBlob@@V?$allocator@PAVCBlob@@@std@@@std@@QBEPBQAVCBlob@@XZ 0045ab00 f i cvblobslibd:BlobResult.obj
 0001:00059b30       ?size@?$vector@PAVCBlob@@V?$allocator@PAVCBlob@@@std@@@std@@QBEIXZ 0045ab30 f i cvblobslibd:BlobResult.obj
 0001:00059b80       ??A?$vector@PAVCBlob@@V?$allocator@PAVCBlob@@@std@@@std@@QBEABQAVCBlob@@I@Z 0045ab80 f i cvblobslibd:BlobResult.obj
 0001:00059b80       ??A?$vector@PAVCBlob@@V?$allocator@PAVCBlob@@@std@@@std@@QAEAAPAVCBlob@@I@Z 0045ab80 f i cvblobslibd:BlobResult.obj
 0001:00059bc0       ?push_back@?$vector@PAVCBlob@@V?$allocator@PAVCBlob@@@std@@@std@@QAEXABQAVCBlob@@@Z 0045abc0 f i cvblobslibd:BlobResult.obj
 0001:00059c10       ?erase@?$vector@PAVCBlob@@V?$allocator@PAVCBlob@@@std@@@std@@QAEPAPAVCBlob@@PAPAV3@0@Z 0045ac10 f i cvblobslibd:BlobResult.obj
 0001:00059c80       ?clear@?$vector@PAVCBlob@@V?$allocator@PAVCBlob@@@std@@@std@@QAEXXZ 0045ac80 f i cvblobslibd:BlobResult.obj
 0001:00059cd0       ??0?$vector@NV?$allocator@N@std@@@std@@QAE@IABNABV?$allocator@N@1@@Z 0045acd0 f i cvblobslibd:BlobResult.obj
 0001:00059d60       ??0?$vector@NV?$allocator@N@std@@@std@@QAE@ABV01@@Z 0045ad60 f i cvblobslibd:BlobResult.obj
 0001:00059df0       ??4?$vector@NV?$allocator@N@std@@@std@@QAEAAV01@ABV01@@Z 0045adf0 f i cvblobslibd:BlobResult.obj
 0001:00059fa0       ??A?$vector@NV?$allocator@N@std@@@std@@QAEAANI@Z 0045afa0 f i cvblobslibd:BlobResult.obj
 0001:00059fe0       ?capacity@?$vector@PAVCBlob@@V?$allocator@PAVCBlob@@@std@@@std@@QBEIXZ 0045afe0 f i cvblobslibd:BlobResult.obj
 0001:0005a030       ?insert@?$vector@PAVCBlob@@V?$allocator@PAVCBlob@@@std@@@std@@QAEPAPAVCBlob@@PAPAV3@ABQAV3@@Z 0045b030 f i cvblobslibd:BlobResult.obj
 0001:0005a0a0       ?insert@?$vector@PAVCBlob@@V?$allocator@PAVCBlob@@@std@@@std@@QAEXPAPAVCBlob@@IABQAV3@@Z 0045b0a0 f i cvblobslibd:BlobResult.obj
 0001:0005a2e0       ?_Destroy@?$vector@PAVCBlob@@V?$allocator@PAVCBlob@@@std@@@std@@IAEXPAPAVCBlob@@0@Z 0045b2e0 f i cvblobslibd:BlobResult.obj
 0001:0005a340       ?_Ucopy@?$vector@PAVCBlob@@V?$allocator@PAVCBlob@@@std@@@std@@IAEPAPAVCBlob@@PBQAV3@0PAPAV3@@Z 0045b340 f i cvblobslibd:BlobResult.obj
 0001:0005a3b0       ?_Ufill@?$vector@PAVCBlob@@V?$allocator@PAVCBlob@@@std@@@std@@IAEXPAPAVCBlob@@IABQAV3@@Z 0045b3b0 f i cvblobslibd:BlobResult.obj
 0001:0005a410       ?allocate@?$allocator@PAVCBlob@@@std@@QAEPAPAVCBlob@@IPBX@Z 0045b410 f i cvblobslibd:BlobResult.obj
 0001:0005a450       ?capacity@?$vector@NV?$allocator@N@std@@@std@@QBEIXZ 0045b450 f i cvblobslibd:BlobResult.obj
 0001:0005a4a0       ?size@?$vector@NV?$allocator@N@std@@@std@@QBEIXZ 0045b4a0 f i cvblobslibd:BlobResult.obj
 0001:0005a4f0       ?_Ucopy@?$vector@NV?$allocator@N@std@@@std@@IAEPANPBN0PAN@Z 0045b4f0 f i cvblobslibd:BlobResult.obj
 0001:0005a560       ?_Ufill@?$vector@NV?$allocator@N@std@@@std@@IAEXPANIABN@Z 0045b560 f i cvblobslibd:BlobResult.obj
 0001:0005a5c0       ?deallocate@?$allocator@N@std@@QAEXPAXI@Z 0045b5c0 f i cvblobslibd:BlobResult.obj
 0001:0005a5c0       ?deallocate@?$allocator@PAVCBlob@@@std@@QAEXPAXI@Z 0045b5c0 f i cvblobslibd:BlobResult.obj
 0001:0005a5c0       ?deallocate@?$allocator@UCvPoint@@@std@@QAEXPAXI@Z 0045b5c0 f i cvblobslibd:BlobResult.obj
 0001:0005a600       ?construct@?$allocator@PAVCBlob@@@std@@QAEXPAPAVCBlob@@ABQAV3@@Z 0045b600 f i cvblobslibd:BlobResult.obj
 0001:0005a640       ?construct@?$allocator@N@std@@QAEXPANABN@Z 0045b640 f i cvblobslibd:BlobResult.obj
 0001:0005a680       ?destroy@?$allocator@PAVCBlob@@@std@@QAEXPAPAVCBlob@@@Z 0045b680 f i cvblobslibd:BlobResult.obj
 0001:0005a680       ?destroy@?$allocator@N@std@@QAEXPAN@Z 0045b680 f i cvblobslibd:BlobResult.obj
 0001:0005a680       ?destroy@?$allocator@UCvPoint@@@std@@QAEXPAUCvPoint@@@Z 0045b680 f i cvblobslibd:BlobResult.obj
 0001:0005a6c0       ?partial_sort_copy@std@@YAPANPAN000U?$greater@N@1@@Z 0045b6c0 f i cvblobslibd:BlobResult.obj
 0001:0005a720       ?copy@std@@YAPAPAVCBlob@@PBQAV2@0PAPAV2@@Z 0045b720 f i cvblobslibd:BlobResult.obj
 0001:0005a720       ?copy@std@@YAPAPAVCBlob@@PAPAV2@00@Z 0045b720 f i cvblobslibd:BlobResult.obj
 0001:0005a770       ?copy@std@@YAPANPBN0PAN@Z  0045b770 f i cvblobslibd:BlobResult.obj
 0001:0005a7c0       ?fill@std@@YAXPAPAVCBlob@@0ABQAV2@@Z 0045b7c0 f i cvblobslibd:BlobResult.obj
 0001:0005a800       ?copy_backward@std@@YAPAPAVCBlob@@PAPAV2@00@Z 0045b800 f i cvblobslibd:BlobResult.obj
 0001:0005a850       ?_Allocate@std@@YAPAPAVCBlob@@HPAPAV2@@Z 0045b850 f i cvblobslibd:BlobResult.obj
 0001:0005a8a0       ?_Allocate@std@@YAPANHPAN@Z 0045b8a0 f i cvblobslibd:BlobResult.obj
 0001:0005a8a0       ?_Allocate@std@@YAPAUCvPoint@@HPAU2@@Z 0045b8a0 f i cvblobslibd:BlobResult.obj
 0001:0005a8f0       ?_Construct@std@@YAXPAPAVCBlob@@ABQAV2@@Z 0045b8f0 f i cvblobslibd:BlobResult.obj
 0001:0005a950       ?_Construct@std@@YAXPANABN@Z 0045b950 f i cvblobslibd:BlobResult.obj
 0001:0005a9b0       ?_Partial_sort_copy@std@@YAPANPAN000U?$greater@N@1@PAH0@Z 0045b9b0 f i cvblobslibd:BlobResult.obj
 0001:0005aaa0       ??R?$greater@N@std@@QBE_NABN0@Z 0045baa0 f i cvblobslibd:BlobResult.obj
 0001:0005aaf0       ?make_heap@std@@YAXPAN0U?$greater@N@1@@Z 0045baf0 f i cvblobslibd:BlobResult.obj
 0001:0005ab60       ?_Adjust_heap@std@@YAXPANHHNU?$greater@N@1@@Z 0045bb60 f i cvblobslibd:BlobResult.obj
 0001:0005ac50       ?sort_heap@std@@YAXPAN0U?$greater@N@1@@Z 0045bc50 f i cvblobslibd:BlobResult.obj
 0001:0005acb0       ?_Make_heap@std@@YAXPAN0U?$greater@N@1@PAH0@Z 0045bcb0 f i cvblobslibd:BlobResult.obj
 0001:0005ad30       ?_Push_heap@std@@YAXPANHHNU?$greater@N@1@@Z 0045bd30 f i cvblobslibd:BlobResult.obj
 0001:0005ade0       ?pop_heap@std@@YAXPAN0U?$greater@N@1@@Z 0045bde0 f i cvblobslibd:BlobResult.obj
 0001:0005ae30       ?_Pop_heap_0@std@@YAXPAN0U?$greater@N@1@0@Z 0045be30 f i cvblobslibd:BlobResult.obj
 0001:0005aea0       ?_Pop_heap@std@@YAXPAN00NU?$greater@N@1@PAH@Z 0045bea0 f i cvblobslibd:BlobResult.obj
 0001:0005af00       ?GetNumBlobs@CBlobResult@@QBEHXZ 0045bf00 f i cvblobslibd:BlobResult.obj
 0001:0005af40       ?BlobAnalysis@@YA_NPAU_IplImage@@E0_N1AAV?$vector@PAVCBlob@@V?$allocator@PAVCBlob@@@std@@@std@@@Z 0045bf40 f   cvblobslibd:BlobExtraction.obj
 0001:0005e5f0       ?cvSize@@YA?AUCvSize@@HH@Z 0045f5f0 f i cvblobslibd:BlobExtraction.obj
 0001:0005e630       ?NewSubsume@@YAPAHPAHH@Z   0045f630 f   cvblobslibd:BlobExtraction.obj
 0001:0005e6b0       ?Subsume@@YAXAAV?$vector@PAVCBlob@@V?$allocator@PAVCBlob@@@std@@@std@@HPAHPAVCBlob@@2_NHH@Z 0045f6b0 f   cvblobslibd:BlobExtraction.obj
 0001:0005e930       ?GetExternPerimeter@@YANHHHHHPAU_IplImage@@@Z 0045f930 f   cvblobslibd:BlobExtraction.obj
 0001:0005ea50       ?back@?$vector@PAVCBlob@@V?$allocator@PAVCBlob@@@std@@@std@@QAEAAPAVCBlob@@XZ 0045fa50 f i cvblobslibd:BlobExtraction.obj
 0001:0005ea90       ?erase@?$vector@PAVCBlob@@V?$allocator@PAVCBlob@@@std@@@std@@QAEPAPAVCBlob@@PAPAV3@@Z 0045fa90 f i cvblobslibd:BlobExtraction.obj
 0001:0005eb08       _cvLoadImage               0045fb08 f   highgui:highgui100.dll
 0001:0005eb0e       _cvSaveImage               0045fb0e f   highgui:highgui100.dll
 0001:0005eb14       _cvSmooth                  0045fb14 f   cv:cv100.dll
 0001:0005eb1a       _cvCvtColor                0045fb1a f   cv:cv100.dll
 0001:0005eb20       _cvCreateImage             0045fb20 f   cxcore:cxcore100.dll
 0001:0005eb26       _cvReleaseImage            0045fb26 f   cxcore:cxcore100.dll
 0001:0005eb2c       _cvFlip                    0045fb2c f   cxcore:cxcore100.dll
 0001:0005eb32       _cvSetZero                 0045fb32 f   cxcore:cxcore100.dll
 0001:0005eb38       _cvCreateSeq               0045fb38 f   cxcore:cxcore100.dll
 0001:0005eb3e       _cvCreateMemStorage        0045fb3e f   cxcore:cxcore100.dll
 0001:0005eb44       _cvEndWriteSeq             0045fb44 f   cxcore:cxcore100.dll
[...]
 0001:0005f5d0       _$E372                     004605d0 f   mfcs42d:appmodul.obj
 0001:0005f212       L1                         00460212 f   msvcrtd:ulldiv.obj
 0001:0005f220       L3                         00460220 f   msvcrtd:ulldiv.obj
 0001:0005f24e       L4                         0046024e f   msvcrtd:ulldiv.obj
 0001:0005f24f       L5                         0046024f f   msvcrtd:ulldiv.obj
 0001:0005f253       L2                         00460253 f   msvcrtd:ulldiv.obj
 0001:0005f150       _$$$00001                  00460150 f   msvcrtd:chkstk.obj
 0001:0005f15c       probepages                 0046015c f   msvcrtd:chkstk.obj
 0001:0005f170       lastpage                   00460170 f   msvcrtd:chkstk.obj
 0001:0005f0c0       ?ArrayUnwindFilter@@YAHPAU_EXCEPTION_POINTERS@@@Z 004600c0 f   msvcrtd:ehvecdtr.obj

FIXUPS: 60544 14 21 4b 17 ffffff13 fffffde8 1c f 3b d3 24 fffffd78 13 ffffff60
FIXUPS: 60138 fffffee4 7f 47 ffff8b93 45 12 31 15 10 92 22 25 15 14 15
FIXUPS: 58e54 51 36 74 1e 19 23 43 21 2f 4f 2f 42 58 2e 25 15 31 11 10
FIXUPS: 58728 10 39 1d 2e 43 1f 2b 38 9 9 d 35 a e d 19 45 f 5c f 32 10
FIXUPS: 58a46 10 27 15 10 cd 38 9c 18 fffff666 83 1c b b 35 f 1f 2e 9 6
FIXUPS: 58421 b 12 af 42 f 1a 8fcc b ffff7075 f 6 5a f 1f 33 11 35 f 1a
FIXUPS: 586f6 fffff71d 1d 3c f 1f 33 11 35 f 1a 16 36 12 10 50 11 a 21
FIXUPS: 58060 e f8 6 16 1d 3c f 1f 33 11 35 f 1a 3bce 10 5c 10 2f d ffffba2a
FIXUPS: 5797c 1c 45 e f1 21 1a 6 16 1d 3c f 1f 33 11 35 f 1a 16 4b e f1
FIXUPS: 57ddd 1a 6 390a 10 166 10 40 10 32 32 2e 38 76 26 2c 16 13 83 d
FIXUPS: 5bb3d 10 68 7d 10 4c 12 6e 12 60 4b 32 15 10 2b fffff324 1f 17
FIXUPS: 5b1f5 25 14 42 1f 1a 22 4d f 5e 12 5c f 32 10 f1 12 5c f 30 10
FIXUPS: 5b626 10 30 10 2c 10 2b d fffff779 8 1c a c a 19 6 12 d 8 2a 1f
FIXUPS: 5af40 9 15 9 9 22 2f 13 7d 1d 8 13 50 d 13 14 1a 17 1d fffff933
FIXUPS: 5aa97 9 22 df 13 31 9 d 3a a e d 19 2e 9 9 d 41 1d 2e 41 9 15 9
FIXUPS: 5adbd 22 3f a 13 9 6 fffff91d 14 17 6f32 9 b ffff9159 1d 2e 43
FIXUPS: 5a8de 2b 45 a 13 9 6 19 8 1c a c a 19 6 12 d 8 2a 1f a 9 fffffa9a
FIXUPS: 5a51c 9 6 f 13 16 38 25 f 23 f 1a 705c 9 9 c c c b ffff8f9c e 23
FIXUPS: 5a6a7 d 42 14 22 a 12 a f 6ea6 b b b e e e e c ffff8c62 12 f b
FIXUPS: 5a313 34 12 f f 5b 10 28 12 14 16 17 25 f 2a c 25 f f fffff753
FIXUPS: 59c79 9 34 8f 1c 9 34 8e 22 c 3a 8e 22 c 40 9d 22 c 40 9d 22 c
FIXUPS: 5a1a6 1c 4a 2c c f 1a 7387 9 ffff81ba 56 10 2f 9 f e e 1f 25 15
FIXUPS: 598f3 7cdf 9 b ffff835a f 13 1a 15 25 c 8 b ba 1c 9 34 8e 1c 9
FIXUPS: 59bcf fffff865 13 5a 32 41 21 8032 b ffff8014 12 17 7fd8 b ffff8088
FIXUPS: 5962e 1b 19 17 9 1f f b e e f 21 52 7e4b a c ffff81d7 13 5dd1 1b
FIXUPS: 5f5a2 1f 2127 e e e e c ffffdf32 26 20 1f4 72 8 d 152 10 34 d 1c
FIXUPS: 5fafd ffff9890 1c 1c c 21 8155 9 b ffff7ec6 4d15 bc 24 40 8 18
FIXUPS: 5e2b7 10f 10b dd d3 4b 63 4b 94 dd ea 5a 308 51 bc 2e4 42 39 1a3
FIXUPS: 5f40a 76 18 4b 21 41 15 ffffdcfb 37 5e 37 f1 7b 24 40 8 18 42 49
FIXUPS: 5d5d3 5e 37 ef 24 40 8 18 42 fb ff dd d3 4b 57 15c 10b dd d3 4b
FIXUPS: 3c3b3 1fbd5 145 30 1b9 26 f 2b4 25 5e 24 40 b 10 1e 39 2ac 99 5b
FIXUPS: 5cdd4 3a c9 74 37 62 e7 7b 24 40 8 18 42 fffdf64a 17 13a 32 90
FIXUPS: 3cc0a 30 c 4e ed 33 33 e c 13 c 46 e 44 1a 138 73 21 fffff34c 13e
FIXUPS: 3bd01 24 94 c 69 53 ad 492b fffffc38 24 c9 249 ffffcfd3 314 1c2
FIXUPS: 3dc8a 722 1e 50 25 25 25 25 51 67 21 21 21 a2 13e4 1f 20 215 617
FIXUPS: 3d3ed fffff3cb 17 3a 17 4547 38 1d 1d 1d 30 19 75 45 10 10 10 10
FIXUPS: 40f49 77a 19 19 19 19 19 17 19 19 19 1c 1b 1b 1b 17 1b 175 ffffee78
FIXUPS: 42e33 23 f1 51 b3 26c 51 b6 302 67 53 17 16 ffffe2a7 c 179 25 22b
FIXUPS: 41ec9 3b 29b 29 26 26 38 ffffe809 c8 1b 76 17 8d c 3878 e5 d4 cf
FIXUPS: 44962 260 773 ffffe792 223 3d4 6a fffff895 2c 2b ffffe964 11 15
FIXUPS: 42542 ed 27 fc 69 17 cc 4c c9 53 a2 b0 149 b3 23 4386 46 217 bc
FIXUPS: 474aa 61 d1 f6 87 f9 b9 ad 75 7e 88 136 ffffe05e 331 78 1fa 1d
FIXUPS: 463d2 d2 94 46 fd 94 61 d6 94 5d ffffdb88 8675 2ef ffffd66f 251
FIXUPS: 4a6f8 42 1f7 b7 33 87f 1a3 92 18 39 578 15 174 10 ffffde31 1b0
FIXUPS: 4929c 7d 44c fffff153 31f 177 fffff45c fffffc47 fffff0cb 28 aa
FIXUPS: 47069 6a7f 2f 34 38 e 16 2c 1a 16 46 75 1b 16 22 22 30 35 48 1f
FIXUPS: 4de12 ffffe1d0 c 15 3e 123 32e 4a 1c3 15 2b 41 bf c82 25 10 10
FIXUPS: 4d50b d5 22 1f 13 b6 1a 18 47 15 3a 19 51 13 13 13 41 1c 13 44
FIXUPS: 4d97e 17 17 15 22 1b 94 46 fffff640 2b 10 b7 16 22 2d 25 1b 24
FIXUPS: 4d2e1 e e e e e 18 18 18 19 19 e e 26 e e e e e e e e 4a21 36 22
FIXUPS: 4ff09 17 b4 2f5 5d c3 184 ac 93 209 ffffdc40 21 22 22 22 22 22
FIXUPS: 4e5e2 fffff84e 1b c e c 46 e 3b e c fffff1eb 5e6e 47 22 ac 22 ffffda48
FIXUPS: 50bc5 16 40c 27e 47 1f 1d bb 8e 157 2a 82 b1 21 3c e6 4f b7 49
FIXUPS: 519c8 6a 85 147 1d0 10 74 4ac 1a 164 45 113 2a 1c 3c 44 78 a9 1d
FIXUPS: 527fc 4f 90 b1 1e 68 14 39 e0 4c f3 ee 18 1d 40 1d 2d 14 6a be
FIXUPS: 55afc 349 29 26 26 2e 5aa c dc c 8f c 380 25 ffffdc98 1b9 27 43
FIXUPS: 54961 116 3ce ffffeda6 226 d5 66 12e 92 18d fffff8ae ffffe5f3 21
FIXUPS: 5220f fffc44c5 3a 17 e0 d ffffe47f 4d 58 f 17 4c088 b fffb3fc8
FIXUPS: 14dda 6e 28 ee 27 78 1a 3c 246 18 3b 41 3d 68 25 23 43 d 4067a
FIXUPS: 15c7f 17 14 23 19 53 2c 13 45 f a0 23 39 10 39 25 1b 55 16 43 45
FIXUPS: 1605f 5b 357 19 e d5 3a 17 73 19 e fffff1cb 18 10 46 b 9 e 9 9
FIXUPS: 1588c 14 12 9 50 16 26 44 16 26 10 53 10 49 10 2e 2d 65 cd 13 20
FIXUPS: 15c62 11 5195 ffffba61 23 17a 1d cc 5 13 78 5 13 d6 21 3f 26 ffffe7e7
FIXUPS: 154f0 41 a d 46 10 9b 2a 35 35 2f 1d 45 18 10 34 4ee9 20 30 2f
FIXUPS: 1a72f 1b e5 e 6c e f7 56 54 52 34 26 7c 32 24 13 1a 10 13 1c 20
FIXUPS: 60e47 b fffb9e48 d 32 b5 60 fffff354 18 7d 2c 24 13 16 17 10 13
FIXUPS: 1a29c 1f 46b6c b fffb94d0 d 4d 30 16 1c 12 21 c9 16 14 1b 15 15
FIXUPS: 1a55c 54 6e 3f fffff556 17 13 13 13 13 15 64 d 51 49 16 140 20
FIXUPS: 19efc 20 19 15 39 27 16 14 1b 15 15 25 2a 22 43 1a 2a 24 ffffee73
FIXUPS: 1902c 3c2 21 2c4 1d 10 16 19 22 16 15 5f d b9 4a 41 2d 16 1e 1a
FIXUPS: 199bf 40 1d 1a 27 51 2f 38 38 38 17 ffffed01 2e 5 ab 5 2e 5 53
FIXUPS: 18a2f 10 d1 1d 10 16 30 20 16 44 2d 23 39 e3 5 2e 5 c4 5 2e 5 8e
FIXUPS: 18f78 20 fffff229 18 19 13 47 31 e 1d 18 b b f 13 13 19 24 48abf
FIXUPS: 60e12 fffb75a1 d bf 13 1c 13 17 216 3d 22 35 27 23 cc fffff2eb
FIXUPS: 17cbe c 68 ab a 11 16 16 74 3d 30 13 42 1d d 19 53 27 1a a 16 1a
FIXUPS: 18086 13 38 33 1c 1c 2d 13 30 fffff175 12 1c 11 11 16 10 30 23
FIXUPS: 1740d 25 25 17 40 5 9 c 39 5 9 c 17 169 6d 2e 1d 26 4f 23 52 111
FIXUPS: 17a71 4a30 83 2d 27 10 f 10 4e 2c 2a 14 5f 38 28 1b 86 15 8b 112
FIXUPS: 1c9a5 2d 24 d 6a 12 e4 50 1b04 6 1d9 6 13 ffffce11 19 d 8e 3b 3d
FIXUPS: 1b9b2 1c d 73 11 6a d 61 22 79 11 6a d 327 59 6c 8d 4b 9b 52 12
FIXUPS: 1c23b 6 1a 4a 78 471b 19 16 d 1c 20 16 f 18 19 22 d 1c 19 1f 404ee
FIXUPS: 61083 c c c c b fffba2cd 1e 10e 9d 39 31 d 76 1b 46 50d2 16 f 18
FIXUPS: 207ca 25 12 b 16 f 18 19 25 12 b 16 f 18 19 25 12 15 16 f 18 19
FIXUPS: 209b2 d 1c 20 16 f 405d4 b fffbf45f 10 10 40 10 10 40 10 10 55
FIXUPS: 205a3 17 f 1a 40a31 b fffbf60f 17 12 1a 409c3 b fffbf67b 17 12
FIXUPS: 206fd 40957 b fffbf6cf 38 fffff90f 18 18 1a 40f15 b fffbf116 2a
FIXUPS: 20142 19 18 18 18 18 19 56 20 19 28 1e 24 1c 26 16 50 1a 1c 19
FIXUPS: 203db 12 18 1c 40b5e b fffbedd9 19 35 13 13 3a d 4c 1f 12 1a 410df
FIXUPS: 60f9f fffbef3f 2f 16 19 22 13 d 1c 19 1f 40fe5 b fffbf065 13 f
FIXUPS: 20055 13 fffffa21 18 18 1a 41471 b fffbebaf 2f 16 f 22 16 d 1c
FIXUPS: 1fbd3 16 f 22 16 d 1c 20 16 f 22 13 d 1c 19 1f 41233 c fffbdfb6
FIXUPS: 1ef3b 1a 41faf b fffbe07c 375 35 46f 49 16 13 13 13 44 21 16 4d
FIXUPS: 1f921 19 10 50 17 12 1a 41547 b fffbeb08 13 f 10 13 ffffef9e 13
FIXUPS: 1ea3f 1a 4244b b fffbdc24 d 3b 9e 3c 95 53 16 13 13 13 37 3d 4a
FIXUPS: 1edfd 12 1a 4209b b fffbdfab 13 12 1a 4202b b fffbe01b 2c14 98
FIXUPS: 21bc8 f 19 20 3f4e7 b fffc0b5a 33 12 22 7c 1d 12 f 19 20 3f361
FIXUPS: 61122 fffbd7d8 13 12 1a 4252b b fffbdb1b 13 12 1a 424bb b fffc048c
FIXUPS: 2137e 19 f 58 26 48 b 8e 22 cd 12 22 12 1b 7e 28 fa 19 12 1a 3f89d
FIXUPS: 610e2 fffc07ba 65 39 1b 57 b0 1b 73 12 3f646 fffc2bbe 24 13 34
FIXUPS: 23d8f 13 1f ffffcf43 10 58 10 59 37 10 55 1a 109 40 24 39 58 5f
FIXUPS: 21114 41 34 4c 35 4b 32 42 2a 18a1 1d 12 53 35 12e 13 64 13 b5
FIXUPS: 22ecb 66 13 313 572 16 12 4c 8b 115 40 20 38 75 12 22 98 12 f 19
FIXUPS: 23c10 3d527 fffcd859 18 11 19 20 329e5 b fffc0a4b 10 57 4e 2f 22
FIXUPS: 21f58 49 54 34 4d 3d 394 17 45 1f 17 42e 14 14 a4 14 14 43 116
FIXUPS: 2dff1 10 1a 19 19 20 3334a b fffccd29 38 14 16 8 1e d c b 22 13
FIXUPS: 2e1e0 2a 26 31 b 19 15 bd 1b7 11a 126 1dd 36 fffff17c 12 c 1b 15
FIXUPS: 2db3c 19 20 33822 b fffcc845 12 22 8e 13 5d 8 b8 52 2e 31 39 b
FIXUPS: 2dee6 b 2d 8 1a 8 61 1c 12 fffff39d 9 9 1a 19 19 20 33f65 b fffcc163
FIXUPS: 2d4d7 22 1a c 67 bc 1e 1a 2c 2a 16f 41 11 19 20 33aad b fffcc618
FIXUPS: 2d9a7 85 12 22 fffff26f 22 1a c 10a 1a b7 31 18 b 22 71 3e 11 19
FIXUPS: 2d061 342d6 b fffcbdb5 12 22 121 7f 1c 1a 9 10 1c a 9 9 1a fffff27f
FIXUPS: 612f7 b fffcb3e0 14 14 32 10 20 1f 1b 18 19 25 1c b 22 28 22 2d
FIXUPS: 2c8de 6c 22 1d 11 19 20 34944 b fffcb6fe d 290 ffffed27 8d 3e 8d
FIXUPS: 2bb68 8d 2f 8d 3e 8d 2f 8d 2f 8d 2f 8d 5a 1ca 66 1d 23 9f 33 33
FIXUPS: 2c3a9 8e 92 98 24 1e f 19 ffffe69f 33 2a 8c 19 8c b2 96 b7 96 b8
FIXUPS: 2b178 33 2a 8c 19 8c b2 96 97 96 b8 33 33 4c 8d 3e 8d 2f 8d 2f
FIXUPS: 2b9b5 35935 fffc8cf7 d 16 22 b 22 1a f 17a bf b3 33 33 2a 8c 19
FIXUPS: 2a529 b2 96 b8 33 33 2a 8c 19 8c b2 96 b7 96 b8 ffffefc7 22 8 9
FIXUPS: 29c3d b 22 1a f 76 1a 16 19 42 16 22 b 22 30 17 f 8 11 14 81 1c
FIXUPS: 29f2f 19 24 3735b c c fffc7ec0 bc 1c 24 24 22 6a 267 9b 29d 32
FIXUPS: 2993a f 19 20 37925 b fffc878a 16 22 8 9 c b 22 1a f 76 1a 16 19
FIXUPS: 29be8 ffffef04 13 14 39 8d 1a 72 16a 1c ea 1c 1f 11 19 20 3832d
FIXUPS: 61292 fffc7d7a 16 2a 15 b 22 1a f 49 17 1e 19 d 1c d ffffef71 38
FIXUPS: 28155 26 1b 18 197 fd 125 254 bc 1b b 18 6c 9 9 1a 1c 11 19 20
FIXUPS: 61267 b fffc77cc 2c 16 8 1e d c b ffffeacc 10 1c 8a 5 24 69 5 24
FIXUPS: 27778 88 79 113 13 15 24 33 22 22 bf 8a 72 10 1e 10 1e 10 1e 10
FIXUPS: 28052 2b 2b fffff0bf 16 8 9 19 d c 8 14 a6 22 18 20 8 1f 20 1f
FIXUPS: 27353 19 20 39ebb b fffc61c3 2c 16 8 1e d c b 22 ca fffff57c 5
FIXUPS: 26b35 5 6f 30 35 16 8 9 19 d c 8 14 43 88 e 1d c1 1cf 10 2b 24
FIXUPS: 270ab 11 19 20 3a132 b fffc5f1a b 3a0bb fffc51f6 1f 13 18 15 18
FIXUPS: 264aa 13 30 13 28 2b 1d b5 33 27 8 19 d 33 27 8 19 d 33 27 8 19
FIXUPS: 267c9 8 25 fffff4a8 29 5 29 5 2e2 16 8 9 19 d c 8 14 b dd 25 27
FIXUPS: 261a1 16 1a df 25 1c 1a 16 1a 1f 11 19 20 3ae63 fffc43fc e9 1a
FIXUPS: 2572c 11 19 20 3ba71 b fffc45d1 77 19 1d 53 1d e 12e 1f 53 6a 60
FIXUPS: 25b72 b 10 13 6f 5 29 5 29 5 29 ffffefc5 1a5 1a e9 1a 26 11 19
FIXUPS: 24f90 3c237 b fffc3e1a b 10 16 8 9 19 d c 8 14 1c 13 29 48 167
FIXUPS: 25304 1a 10a 1c 1a5 ffffeeea 3ccb2 c fffc339a 25 1c2 11 c c 27
FIXUPS: 2478a 3ca1b c fffc363b b 10 16 8 9 19 d c 8 14 1c 13 3e 4e 166
FIXUPS: 24b1e 1a 10a fffff3c7 1d 16 f f d 11 6e 3f 12 1e 16 22 1d 16 f
FIXUPS: 241de d 11 115 12 1c 3ce18 c b fffc322a 25 34 65 25 c 27 d7f4 7c
FIXUPS: 31d52 96 2a 4f 17 19 1ff 1e 3a 29 1c 26f 25 12 12 1a 14 24 15 1a
FIXUPS: 3247a 43 51 1b 42 19 ffff193a e6 2d 16 d4f9 3c 9 39 9 39 9 39 9
FIXUPS: 3163a 9 33 9 54 9 33 9 64 8a b 79 10 2f 3a 10 8c 5d 39 39 b 3f
FIXUPS: 31ad6 fffff0ae 8 24 4f 8d 43 1a e 20 21a 60 f2 48 48 b 4e 24 16f
FIXUPS: 3134f e 11 11 11 53 8 3f 10 56 10 1f b b ffffe6ad 63 35 63 35 63
FIXUPS: 2fd4a 63 35 63 35 63 35 63 35 63 35 63 35 63 35 83 43 23 20 68a
FIXUPS: 309f7 48 48 b 4e 88 ffffe522 10 4d 24 68 f d 69 1c 8 24 72 15 291
FIXUPS: 2f66e 27 27 2a 6f 6d 6c b 73 88 1c 8 24 97 35 68 3a 63 4196 29
FIXUPS: 33d2d b 15 11 f 34 1a 14 1a 12 19 2d643 b fffd2a20 10 ffffab9b
FIXUPS: 2ebf3 18d 24 81 41 44 41 21 3d 7e 17 10 45 34 4945 1a d 4d 21 1a
FIXUPS: 33a79 1b 2f 1a f 1d 12 1b e e 3f d 18 18 15 d 20 12 12 d 13 12
FIXUPS: 33c75 15 39 15 2d76a fffd1efe 1f 3c 10 9a 2a 24 65 27 1a 1a 27
FIXUPS: 33587 b9 38 26 45 6b 30 5f 16 d d 1b 48 20 3a 10 18 32 10 fffff40a
FIXUPS: 32d55 25 21 53 9 43 9 5b 5 9 42 5 9 16 15 11 48 52 e 36 15 2c 140
FIXUPS: 3319f 11 2e 53 19 20 1c 2e1b1 fffd1525 1b 17 2ea66 b fffd15c2 13
FIXUPS: 329e7 51 24 45 17 1a 2c 2e917 c fffd1733 f 18 2f 13 1d 12 43 d
FIXUPS: 32c59 2b 22 1a 18 23 27 2649 44 1f0 1a 21 12 30 1a 33 eb 78 13
FIXUPS: 35823 17 4b 31 15 23 19 3b 3c 25 38 3d f 3f 10 c8 b7 ffffccae 2c
FIXUPS: 328e2 2694 29 22 5 32 1e 1e 5 7a 5 7a 1e 5 1e 5 1e 5 1e 5 42 5
FIXUPS: 35220 1b 1b 5 15 5 21 36 26 20 36 fffff4e2 16b d 47 2b 44 12 12
FIXUPS: 34a9b 30 1f 1ae 24 21 24 49 63 2b 15 34 f 17 21 1e 1b 1e 34 f 11
FIXUPS: 34f3a 5 32 fffff22d 39 1a 58 1f 6e 1b 14 1d 1f 1a 28 1c 89 55 2c
FIXUPS: 344f3 3c 1a 4b 2c 12 bc 18 1d 29 27 19 16 19 30 41 59a4 6c d 48
FIXUPS: 3a23e 78 2d 42 c d ff 31 11 2c 58 f 10 ffff99bb 20 50 13 77 22
FIXUPS: 34009 4b 20 32 36 2b 23 37 17 59c2 d 7c 39 32 32 33 d 56 c d 98
FIXUPS: 39dc0 20 c 10 3f 21 1a 1c c d 74 5c e1 21 c 10 25 f 56 33 fffff37e
FIXUPS: 394f3 30 3f 1d 27f79 c fffd80bf 26 2d 14 1a 130 d 52 d 31 2b 27
FIXUPS: 39884 1f 29 4b 25 11 b7 28 2b 15 17 40 6b ffffeded 13 6d 67 103
FIXUPS: 38b6c ed 48 3d 1b 40 31 6d 91 1b 1df 1b 4e 13 17 53 1f 40 64 21
FIXUPS: 39356 5e 7 28 3c 78 25 ffffe9b0 f7 16 12 10 68 18 d fb 47 13 8
FIXUPS: 38265 67 36 12 13 14 cd 121 34 20 20 15 10 189 d 67 36 1a da 19
FIXUPS: 3799e 24 16 d 29 26 c 26 be 10 1c 8 16 f 10 a1 15 19 e 1a 23 f
FIXUPS: 37cc7 20 19 20 297b7 b fffd68ac 60 48 29 fffff71c 16 d 41 19 16
FIXUPS: 3762b 16 16 16 16 d 74 16 16 13 13 46 21 3f 1f 1e 43 a 24 15 15
FIXUPS: 378ea d 40 36 19 fffff7ad 8 18 f c 11 55 19 8 18 f 13 1b f 27 38
FIXUPS: 614b7 b fffd5e44 13 13 56 16 16 15 3f 1f 1e f 41 19 b2 fffff516
FIXUPS: 36aa8 40 4c 29 30 12 5e 8b 18e 10 9f 14 8 14 45 16 35 27 e c c
FIXUPS: 36fe0 16 f 2a 45 2f b 1b f 4c fffff301 18 28 27 12 d c f 2d 38
FIXUPS: 365e1 3d 41 30 3e 66 e d f 3c 2e 2acb0 d e c fffd5377 4c 46 9f
FIXUPS: 36987 4f 63 49ae 92 14 27 59 26009 fffda082 47 a8 7e aa ffffa4ef
FIXUPS: 35ce1 1d b2 32 8d 78 2c 164 45 16 30 24 17 1b 24 1a7 7 25 39 78
FIXUPS: 3ab5d 1d 1d 28 2a 1d 27 3a 38 20 28 51 40 36 39 82 1f 5c 12 d0
FIXUPS: 3b062 17 31 124 36 39 78 1f 4a 35 33 30 826 10 ffffe969 1e 22 1c
FIXUPS: 3a5d0 c 1a f 64 26 2a 32 10 30 76 1c 2a 3f 5 36 5 30 8 82 105 51
FIXUPS: 3aad3 39 27 14 25d15 8 17 b 8 17 b 8 17 b fffa2667 a 27 13 d 20
FIXUPS: 2fbc 38910 13 32 b 10 35 b 33 32 b 32 73 dc 15 10 24b14 17 b 8
FIXUPS: 606d7 b 8 17 b 8 17 b 8 17 b 8 17 b 8 17 b 8 17 b 8 17 b 8 17 b
FIXUPS: 6083a 17 fffa2412 2e d 32 10 33 d 49 d 35 10 2f d 35 10 2f d 35
FIXUPS: 2ebd 2f d 5d70c b 8 17 b 8 17 b 8 17 b fffa2217 d 32 10 2c d 48
FIXUPS: 2991 f 14 17 2e d 48 1c f 14 17 2e d 36 d 27 d 30 d 27 d 46 1c
FIXUPS: 2c38 14 fffff86a 48 1c f 14 17 2e d 48 1c f 14 17 2e d 48 1c f
FIXUPS: 26ef 17 2e d 32 10 2c d 32 10 2c d 32 10 fffff85e 48 1c f 14 17
FIXUPS: 21a3 d 32 10 2c d 48 1c f 14 17 2e d 48 1c f 14 17 2e d 48 1c f
FIXUPS: 2464 17 2e fffff857 17 2e d 32 10 2c d 32 10 30 10 30 10 30 10
FIXUPS: 1efb d 32 10 2c d 32 10 2c d 48 1c f 14 17 2e fffff876 1c f 14
FIXUPS: 1996 2e d 48 1c f 14 17 2e d 32 10 2c d 48 1c f 14 17 2e d 32 10
FIXUPS: 1c6c d 48 1c f fffff87a d 25 d 25 d 46 1c f 14 17 2e d 32 10 2c
FIXUPS: 1729 48 1c f 14 17 2e d 32 10 2c d 32 10 2c d fffff8a6 d 34 d 32
FIXUPS: 122b 32 10 2c d 32 10 2c d 32 10 2c d 32 10 2c d 32 10 2c d 32
FIXUPS: 14d4 2c d 27 d 2cd3 5c6d0 f f f f 11 e 8 f f f f b 8 b fffa3891
FIXUPS: 4245 d 2c 13 ffffcda2 18 3c 46 d 25 d 25 d 2c d 2bc0 18 a 4a 24
FIXUPS: 3df7 12 1b 12 15 15 15 15 b 14 2f e 1c 31 87 1a f 55 20 67 4b 43
FIXUPS: 4161 b 42 42 f fffff758 10 34 a 1f a 2e a 38 16 1c 13 10 52 35
FIXUPS: 3b33 12 12 12 1e 1a 40 7f 1e 12 12 12 f 15 1e 18 14 fffff5c8 53
FIXUPS: 3348 55 b 51 10 48 b 56 20 19 22 e 46 10 b9 1d 4b b a7 a 3d 16
FIXUPS: 37b4 13 10 ff a 3b 16 13 a9e 7 f 7 f a f 7 24 22 10 21 1f 1e 20
FIXUPS: 4515 d 20 a 5c46b b fffa267e 17 84 16 27 10 ba 21 3f 27 60 5dafb
FIXUPS: 60dcc b fffb1efb 13 d 34 10 fc 13 10 ffff144f 5 7 1a 8 f a 1a 8
FIXUPS: 4317 5 7 1a 8 f a 1a 8 3b 16 c 5c87c 8 c c c c c b b b b c c c
FIXUPS: 60cf9 b a b c b b c c b b b b b b c c c fffffc9f f f f f b 8 c
FIXUPS: 60ac2 f f f f f f f f f f b 8 14 17 17 17 17 17 17 17 17 e a fffb1d57
FIXUPS: 129b8 34 25 12 b 18 f 12 1a 3b 19 8 13 34 12 f 15 113 11 1f d b
FIXUPS: 609d4 c f f f f f f f fffb1baa 2a 14 2a 24 28 f b 24 26 26 18 2f
FIXUPS: 1278a 21 f 12 1e 34 12 35 15 26 12 10 18 2f d c 54 12 f fffff843
FIXUPS: 121f1 e 2d c 27 34 2a 25 12 b 18 1a 47 28 39 12 28 f 3c 18 2d 1b
FIXUPS: 124d6 27 b 37 b 2e 29 31 12 fffff7b4 38 b 36 25 12 b 18 1a 54 17
FIXUPS: 11f08 b 38 b 11 11 11 11 54 18 28 2e 16 16 11 11 11 53 24 1f 3d
FIXUPS: 11a0a a 36 10 a 37 9 8 b b b b b 3d 1c 2a 1c 8 b 2f c a 56 12 10
FIXUPS: 11c6a b 36 23 32 23 4a fffff958 2a 25 12 b 18 12 1a 50 18 15 20
FIXUPS: 1183c 1e f 12 10 e 2d 12 f 35 b 2a 25 12 b 18 f 12 1a 1c fffff894
FIXUPS: 112a9 2b 39 1a 34 1a 18 1a 51 1c 2a 1c 2a 1c 2a 1c 2a 1c b 54 18
FIXUPS: 115b7 18 b 11 11 46 b 11 11 39 fffff7e8 20 2e 20 2e 20 1d 2c 1d
FIXUPS: 10fde 2f 29 1e 1f 1f 1e f 46 a 17 13 10 15 1f 1f 13 37 1d d 27
FIXUPS: 1125e 19 fffff763 20 30 20 1d 2c 1d 2c 1d 2c 1d 2c 1d 2c 1d 2c
FIXUPS: 10c1d 2c 1d 2c 1d 2c 1d 2c 1d 2c 1d 2c 1d 2c 1d 46 fffff6bf 2f
FIXUPS: 10563 2c f 3f 1f 21 13 1c b 23 28 f d 21 21 13 1c b 23 28 f 24
FIXUPS: 1087c 19 45 23 42 1b 30 20 ffffe3fe df 170 495 1ce 13a 23 23 23
FIXUPS: f810 4d 19 4b b 4b 3d 61 1f 2a 24 68 1f d7 12 19 f0 62 33 231 478
FIXUPS: 103df e1 ffffe0e9 23 22 17 b 6d 6 29 14 78 10 11 11 12 c0 71 16
FIXUPS: e8da 17 11 156 f4 11 1f 101 23 23 23 13 4c 1a 3e ffffe888 243 11
FIXUPS: d8b5 94 16 74 eb 4f 254 6 11b b0 4f 182 e 33 8e 3d 43 13a 23 23
FIXUPS: e3f5 13 4d 19 3e b 5d 1c 1c ffffe5a1 af 25 f 43 5f bc 2d 25 22
FIXUPS: cdc7 10c 1d6 41 1f 24 40 1f 1b f 1f 166 19 1e 20 4b 1c 17 40 12
FIXUPS: d46e 18f ffffeeb0 8 17 8 15d 38 1c 2d 1c 2e 1b 3a 1c 2d 1c 17 34
FIXUPS: c813 6a 39 20 3d 1d 23 2e 4f 34 43 1a 1a 46 12 ffffebb9 40 2c 27
FIXUPS: b738 1f 13 51 19 3a 19 11 2f 2e 14 2a 2d 2d 2d 2d 33 197 22b 171
FIXUPS: c0ba 89 2ff 1e 1e 8 8 8 ffffcdc3 2e4 5ad 1c 33 33 33 33 33 39 1eb
FIXUPS: 9f53 334 19 33 33 33 33 33 39 1eb 12a 2e5 576 10c 4a9 7c 41 20
FIXUPS: b600 27 3d ffffca75 121 b8 b8 19d 36 36 2f 2a 2a 23 1e 1e 46 1c
FIXUPS: 86ea 33 33 33 33 39 1eb 11b 2fe 19 33 33 33 33 33 39 1eb ffffe738
FIXUPS: 7884 15 1b 69 31 31 54 37 37 4c 2f 2f 4c 1a 18 6a 49 58 30 1c 22
FIXUPS: 7cf8 5c 20 3f 20 9a 43 43 da 85 fffff4b3 32 30 14 15 15 14 15 15
FIXUPS: 75f7 15 15 14 15 1a 1a 1c 1a 1a 12 8 14 3d 10 8 26 23 a 3e 15 39
FIXUPS: 7855 fffff586 30 30 30 30 30 30 54 6e 3c 3c 35 30 30 30 30 30 30
FIXUPS: 71ba 57 3c 3c 35 30 30 57 3c 3c 35 30 30 30 fffff2e7 11 1f 11 1d
FIXUPS: 682f f 19 50 42 51 51 39 42 51 39 2a 2a 2a 2a 42 51 39 2a 2a 2a
FIXUPS: 6cc4 39 2a 2a 2a 30 fffff174 75 75 75 75 75 75 75 75 75 75 90 5e
FIXUPS: 64ce 2f 2f 2f 53 33 2c b 1d 1d 1d 2c b 1a 12 12 12 2f 36 fffff091
FIXUPS: 5818 3a 3a 3a 2c 5d 32 32 45 3a 3e 3a 3a 2f 2f 2f 2f 4a 35 35 3a
FIXUPS: 5cbd 2f 2f 4a 32 32 37 2c 43 42 fffff2c9 1a 42 1a 42 1a 42 1a 42
FIXUPS: 5304 42 1a 42 1a 4a 31 37 37 37 3a 3a 2c 3a 3a 3a 3a 3a 3a 3a 3a
FIXUPS: 5786 3a fffff4ec 17 17 d d 13 15 2a 12 2a 12 3a 11 2a 12 10 e 36
FIXUPS: 4e87 10 24 10 4c 12 b 37 9 12 13e 18 42 1a fffff89d 12 12 12 12
FIXUPS: 4a2c f 14 1e 15 17 18 18 17 18 18 17 18 18 17 a 3e 1b 12 1b 15
FIXUPS: 4c28 15 15 15 17 17 fffffa1a 10 9 13 50 3d d 14 3e 12 12 12 12
FIXUPS: 4821 12 12 12 12 12 18 1b 12 12 11 1e 50 12 18 12 12 12 12 1006a
FIXUPS: 14a36 9 9 9 9 20 16 13 174 2b 13 10 fffef8ff 5 7 1a 8 f a 1a 8
FIXUPS: 45d7 5 7 1a 8 f a 1a 8 49 f613 fa 26 25 23 23 22 185 18 18 12 436
FIXUPS: 1446b 23 23 22 2e 73 23 20 20 20 20 65 45 48 47 45 48 10 204 9
FIXUPS: 12e8d 1c 3f d e2 45 5a 19 15e 8 c 27 43 1b e 5a 22 22 1d 151 b9
FIXUPS: 13584 2b 28 43 3f 3f 3c 16c c1 6 301

 1691 bytes saved through ICF

